#
# There is insufficient memory for the Java Runtime Environment to continue.
# Native memory allocation (malloc) failed to allocate 1881296 bytes. Error detail: Chunk::new
# Possible reasons:
#   The system is out of physical RAM or swap space
#   This process is running with CompressedOops enabled, and the Java Heap may be blocking the growth of the native heap
# Possible solutions:
#   Reduce memory load on the system
#   Increase physical memory or swap space
#   Check if swap backing store is full
#   Decrease Java heap size (-Xmx/-Xms)
#   Decrease number of Java threads
#   Decrease Java thread stack sizes (-Xss)
#   Set larger code cache with -XX:ReservedCodeCacheSize=
#   JVM is running with Zero Based Compressed Oops mode in which the Java heap is
#     placed in the first 32GB address space. The Java Heap base address is the
#     maximum limit for the native heap growth. Please use -XX:HeapBaseMinAddress
#     to set the Java Heap base and to place the Java Heap above 32GB virtual address.
# This output file may be truncated or incomplete.
#
#  Out of Memory Error (arena.cpp:149), pid=4980, tid=9920
#
# JRE version: Java(TM) SE Runtime Environment (23.0.1+11) (build 23.0.1+11-39)
# Java VM: Java HotSpot(TM) 64-Bit Server VM (23.0.1+11-39, mixed mode, sharing, tiered, compressed oops, compressed class ptrs, g1 gc, windows-amd64)
# No core dump will be written. Minidumps are not enabled by default on client versions of Windows
#

---------------  S U M M A R Y ------------

Command Line: -javaagent:C:\Users\rickc\.m2\repository/org/aspectj/aspectjweaver/1.9.22.1/aspectjweaver-1.9.22.1.jar C:\Temp\surefire1556427119413125192\surefirebooter3208666262690386947.jar C:\Temp\surefire1556427119413125192 2025-02-11T14-07-57_386-jvmRun1 surefire18118764131301364870tmp surefire_010765321310117455879tmp

Host: Intel(R) Core(TM) i5-9300HF CPU @ 2.40GHz, 8 cores, 15G,  Windows 10 , 64 bit Build 17763 (10.0.17763.1339)
Time: Tue Feb 11 14:07:59 2025 RTZ 2 (зима) elapsed time: 1.964569 seconds (0d 0h 0m 1s)

---------------  T H R E A D  ---------------

Current thread (0x000002027611ba00):  JavaThread "C2 CompilerThread2" daemon [_thread_in_native, id=9920, stack(0x0000002f75700000,0x0000002f75800000) (1024K)]


Current CompileTask:
C2:1964 2421       4       org.aspectj.apache.bcel.generic.MethodGen::<init> (998 bytes)

Stack: [0x0000002f75700000,0x0000002f75800000]
Native frames: (J=compiled Java code, j=interpreted, Vv=VM code, C=native code)
V  [jvm.dll+0x6e08b9]  (no source info available)
V  [jvm.dll+0x87dc83]  (no source info available)
V  [jvm.dll+0x88010e]  (no source info available)
V  [jvm.dll+0x8807e3]  (no source info available)
V  [jvm.dll+0x27aee6]  (no source info available)
V  [jvm.dll+0xbc06f]  (no source info available)
V  [jvm.dll+0xbc2cb]  (no source info available)
V  [jvm.dll+0x3b3a62]  (no source info available)
V  [jvm.dll+0x38a42b]  (no source info available)
V  [jvm.dll+0x38989a]  (no source info available)
V  [jvm.dll+0x244aa1]  (no source info available)
V  [jvm.dll+0x243dff]  (no source info available)
V  [jvm.dll+0x1c33a0]  (no source info available)
V  [jvm.dll+0x253cf1]  (no source info available)
V  [jvm.dll+0x251faa]  (no source info available)
V  [jvm.dll+0x3ee036]  (no source info available)
V  [jvm.dll+0x824f8b]  (no source info available)
V  [jvm.dll+0x6df065]  (no source info available)
C  [ucrtbase.dll+0x21ffa]  (no source info available)
C  [KERNEL32.DLL+0x17974]  (no source info available)
C  [ntdll.dll+0x6a271]  (no source info available)

Lock stack of current Java thread (top to bottom):


---------------  P R O C E S S  ---------------

Threads class SMR info:
_java_thread_list=0x000002027620e160, length=15, elements={
0x00000202109ef1b0, 0x000002022feb94c0, 0x000002022febb190, 0x000002022febcf60,
0x000002022febde10, 0x000002022febe870, 0x0000020275002990, 0x00000202750171d0,
0x000002027503a0a0, 0x0000020275136190, 0x0000020275411740, 0x0000020275872b00,
0x000002027611ba00, 0x0000020276171fb0, 0x000002027650ec90
}

Java Threads: ( => current thread )
  0x00000202109ef1b0 JavaThread "main"                              [_thread_in_Java, id=10368, stack(0x0000002f74400000,0x0000002f74500000) (1024K)]
  0x000002022feb94c0 JavaThread "Reference Handler"          daemon [_thread_blocked, id=13868, stack(0x0000002f74c00000,0x0000002f74d00000) (1024K)]
  0x000002022febb190 JavaThread "Finalizer"                  daemon [_thread_blocked, id=12964, stack(0x0000002f74d00000,0x0000002f74e00000) (1024K)]
  0x000002022febcf60 JavaThread "Signal Dispatcher"          daemon [_thread_blocked, id=3980, stack(0x0000002f74e00000,0x0000002f74f00000) (1024K)]
  0x000002022febde10 JavaThread "Attach Listener"            daemon [_thread_blocked, id=13892, stack(0x0000002f74f00000,0x0000002f75000000) (1024K)]
  0x000002022febe870 JavaThread "Service Thread"             daemon [_thread_blocked, id=13888, stack(0x0000002f75000000,0x0000002f75100000) (1024K)]
  0x0000020275002990 JavaThread "Monitor Deflation Thread"   daemon [_thread_blocked, id=13896, stack(0x0000002f75100000,0x0000002f75200000) (1024K)]
  0x00000202750171d0 JavaThread "C2 CompilerThread0"         daemon [_thread_in_native, id=13884, stack(0x0000002f75200000,0x0000002f75300000) (1024K)]
  0x000002027503a0a0 JavaThread "C1 CompilerThread0"         daemon [_thread_blocked, id=12988, stack(0x0000002f75300000,0x0000002f75400000) (1024K)]
  0x0000020275136190 JavaThread "Common-Cleaner"             daemon [_thread_blocked, id=4708, stack(0x0000002f75400000,0x0000002f75500000) (1024K)]
  0x0000020275411740 JavaThread "C2 CompilerThread1"         daemon [_thread_in_native, id=10880, stack(0x0000002f75500000,0x0000002f75600000) (1024K)]
  0x0000020275872b00 JavaThread "Notification Thread"        daemon [_thread_blocked, id=11980, stack(0x0000002f75600000,0x0000002f75700000) (1024K)]
=>0x000002027611ba00 JavaThread "C2 CompilerThread2"         daemon [_thread_in_native, id=9920, stack(0x0000002f75700000,0x0000002f75800000) (1024K)]
  0x0000020276171fb0 JavaThread "surefire-forkedjvm-command-thread" daemon [_thread_in_native, id=9260, stack(0x0000002f75800000,0x0000002f75900000) (1024K)]
  0x000002027650ec90 JavaThread "surefire-forkedjvm-ping-30s" daemon [_thread_blocked, id=1420, stack(0x0000002f75e00000,0x0000002f75f00000) (1024K)]
Total: 15

Other Threads:
  0x000002022fea2a30 VMThread "VM Thread"                           [id=13864, stack(0x0000002f74b00000,0x0000002f74c00000) (1024K)]
  0x000002022fe8f0c0 WatcherThread "VM Periodic Task Thread"        [id=13860, stack(0x0000002f74a00000,0x0000002f74b00000) (1024K)]
  0x0000020210a5dca0 WorkerThread "GC Thread#0"                     [id=8816, stack(0x0000002f74500000,0x0000002f74600000) (1024K)]
  0x0000020276172d90 WorkerThread "GC Thread#1"                     [id=10820, stack(0x0000002f75900000,0x0000002f75a00000) (1024K)]
  0x0000020276080da0 WorkerThread "GC Thread#2"                     [id=4848, stack(0x0000002f75a00000,0x0000002f75b00000) (1024K)]
  0x0000020276081150 WorkerThread "GC Thread#3"                     [id=7536, stack(0x0000002f75b00000,0x0000002f75c00000) (1024K)]
  0x0000020276081910 WorkerThread "GC Thread#4"                     [id=5040, stack(0x0000002f75c00000,0x0000002f75d00000) (1024K)]
  0x0000020276081cc0 WorkerThread "GC Thread#5"                     [id=11452, stack(0x0000002f75d00000,0x0000002f75e00000) (1024K)]
  0x00000202763aeef0 WorkerThread "GC Thread#6"                     [id=13972, stack(0x0000002f75f00000,0x0000002f76000000) (1024K)]
  0x0000020276d09010 WorkerThread "GC Thread#7"                     [id=14060, stack(0x0000002f76000000,0x0000002f76100000) (1024K)]
  0x0000020210a72dc0 ConcurrentGCThread "G1 Main Marker"            [id=6628, stack(0x0000002f74600000,0x0000002f74700000) (1024K)]
  0x0000020210a74490 WorkerThread "G1 Conc#0"                       [id=1152, stack(0x0000002f74700000,0x0000002f74800000) (1024K)]
  0x000002022fd4bf90 ConcurrentGCThread "G1 Refine#0"               [id=10504, stack(0x0000002f74800000,0x0000002f74900000) (1024K)]
  0x000002022fd4cb10 ConcurrentGCThread "G1 Service"                [id=264, stack(0x0000002f74900000,0x0000002f74a00000) (1024K)]
Total: 14

Threads with active compile tasks:
C2 CompilerThread0  2006 2504   !   4       org.aspectj.weaver.World::resolve (354 bytes)
C2 CompilerThread1  2006 2520       4       org.aspectj.weaver.UnresolvedType::nameToSignature (511 bytes)
C2 CompilerThread2  2006 2421       4       org.aspectj.apache.bcel.generic.MethodGen::<init> (998 bytes)
Total: 3

VM state: not at safepoint (normal execution)

VM Mutex/Monitor currently owned by a thread: None

Heap address: 0x0000000701200000, size: 4078 MB, Compressed Oops mode: Zero based, Oop shift amount: 3

CDS archive(s) mapped at: [0x0000020230000000-0x0000020230d70000-0x0000020230d70000), size 14090240, SharedBaseAddress: 0x0000020230000000, ArchiveRelocationMode: 1.
Compressed class space mapped at: 0x0000020231000000-0x0000020271000000, reserved size: 1073741824
Narrow klass base: 0x0000020230000000, Narrow klass shift: 0, Narrow klass range: 0x41000000

GC Precious Log:
 CardTable entry size: 512
 Card Set container configuration: InlinePtr #cards 4 size 8 Array Of Cards #cards 16 size 48 Howl #buckets 8 coarsen threshold 3686 Howl Bitmap #cards 512 size 80 coarsen threshold 460 Card regions per heap region 1 cards per card region 4096
 CPUs: 8 total, 8 available
 Memory: 16304M
 Large Page Support: Disabled
 NUMA Support: Disabled
 Compressed Oops: Enabled (Zero based)
 Heap Region Size: 2M
 Heap Min Capacity: 8M
 Heap Initial Capacity: 256M
 Heap Max Capacity: 4078M
 Pre-touch: Disabled
 Parallel Workers: 8
 Concurrent Workers: 2
 Concurrent Refinement Workers: 8
 Periodic GC: Disabled

Heap:
 garbage-first heap   total reserved 4175872K, committed 262144K, used 28894K [0x0000000701200000, 0x0000000800000000)
  region size 2048K, 6 young (12288K), 3 survivors (6144K)
 Metaspace       used 14604K, committed 14848K, reserved 1114112K
  class space    used 1425K, committed 1536K, reserved 1048576K

Heap Regions: E=young(eden), S=young(survivor), O=old, HS=humongous(starts), HC=humongous(continues), CS=collection set, F=free, TAMS=top-at-mark-start, PB=parsable bottom
|   0|0x0000000701200000, 0x0000000701400000, 0x0000000701400000|100%| O|  |TAMS 0x0000000701200000| PB 0x0000000701200000| Untracked |  0
|   1|0x0000000701400000, 0x0000000701600000, 0x0000000701600000|100%| O|  |TAMS 0x0000000701400000| PB 0x0000000701400000| Untracked |  0
|   2|0x0000000701600000, 0x0000000701800000, 0x0000000701800000|100%| O|  |TAMS 0x0000000701600000| PB 0x0000000701600000| Untracked |  0
|   3|0x0000000701800000, 0x0000000701a00000, 0x0000000701a00000|100%| O|  |TAMS 0x0000000701800000| PB 0x0000000701800000| Untracked |  0
|   4|0x0000000701a00000, 0x0000000701c00000, 0x0000000701c00000|100%| O|  |TAMS 0x0000000701a00000| PB 0x0000000701a00000| Untracked |  0
|   5|0x0000000701c00000, 0x0000000701e00000, 0x0000000701e00000|100%| O|  |TAMS 0x0000000701c00000| PB 0x0000000701c00000| Untracked |  0
|   6|0x0000000701e00000, 0x0000000702000000, 0x0000000702000000|100%| O|  |TAMS 0x0000000701e00000| PB 0x0000000701e00000| Untracked |  0
|   7|0x0000000702000000, 0x0000000702200000, 0x0000000702200000|100%| O|  |TAMS 0x0000000702000000| PB 0x0000000702000000| Untracked |  0
|   8|0x0000000702200000, 0x0000000702400000, 0x0000000702400000|100%| O|  |TAMS 0x0000000702200000| PB 0x0000000702200000| Untracked |  0
|   9|0x0000000702400000, 0x00000007025dc180, 0x0000000702600000| 92%| O|  |TAMS 0x0000000702400000| PB 0x0000000702400000| Untracked |  0
|  10|0x0000000702600000, 0x0000000702600000, 0x0000000702800000|  0%| F|  |TAMS 0x0000000702600000| PB 0x0000000702600000| Untracked |  0
|  11|0x0000000702800000, 0x0000000702800000, 0x0000000702a00000|  0%| F|  |TAMS 0x0000000702800000| PB 0x0000000702800000| Untracked |  0
|  12|0x0000000702a00000, 0x0000000702a00000, 0x0000000702c00000|  0%| F|  |TAMS 0x0000000702a00000| PB 0x0000000702a00000| Untracked |  0
|  13|0x0000000702c00000, 0x0000000702c00000, 0x0000000702e00000|  0%| F|  |TAMS 0x0000000702c00000| PB 0x0000000702c00000| Untracked |  0
|  14|0x0000000702e00000, 0x0000000702e00000, 0x0000000703000000|  0%| F|  |TAMS 0x0000000702e00000| PB 0x0000000702e00000| Untracked |  0
|  15|0x0000000703000000, 0x0000000703000000, 0x0000000703200000|  0%| F|  |TAMS 0x0000000703000000| PB 0x0000000703000000| Untracked |  0
|  16|0x0000000703200000, 0x0000000703200000, 0x0000000703400000|  0%| F|  |TAMS 0x0000000703200000| PB 0x0000000703200000| Untracked |  0
|  17|0x0000000703400000, 0x0000000703400000, 0x0000000703600000|  0%| F|  |TAMS 0x0000000703400000| PB 0x0000000703400000| Untracked |  0
|  18|0x0000000703600000, 0x0000000703600000, 0x0000000703800000|  0%| F|  |TAMS 0x0000000703600000| PB 0x0000000703600000| Untracked |  0
|  19|0x0000000703800000, 0x0000000703800000, 0x0000000703a00000|  0%| F|  |TAMS 0x0000000703800000| PB 0x0000000703800000| Untracked |  0
|  20|0x0000000703a00000, 0x0000000703a00000, 0x0000000703c00000|  0%| F|  |TAMS 0x0000000703a00000| PB 0x0000000703a00000| Untracked |  0
|  21|0x0000000703c00000, 0x0000000703c00000, 0x0000000703e00000|  0%| F|  |TAMS 0x0000000703c00000| PB 0x0000000703c00000| Untracked |  0
|  22|0x0000000703e00000, 0x0000000703e00000, 0x0000000704000000|  0%| F|  |TAMS 0x0000000703e00000| PB 0x0000000703e00000| Untracked |  0
|  23|0x0000000704000000, 0x0000000704000000, 0x0000000704200000|  0%| F|  |TAMS 0x0000000704000000| PB 0x0000000704000000| Untracked |  0
|  24|0x0000000704200000, 0x0000000704200000, 0x0000000704400000|  0%| F|  |TAMS 0x0000000704200000| PB 0x0000000704200000| Untracked |  0
|  25|0x0000000704400000, 0x0000000704400000, 0x0000000704600000|  0%| F|  |TAMS 0x0000000704400000| PB 0x0000000704400000| Untracked |  0
|  26|0x0000000704600000, 0x0000000704600000, 0x0000000704800000|  0%| F|  |TAMS 0x0000000704600000| PB 0x0000000704600000| Untracked |  0
|  27|0x0000000704800000, 0x0000000704800000, 0x0000000704a00000|  0%| F|  |TAMS 0x0000000704800000| PB 0x0000000704800000| Untracked |  0
|  28|0x0000000704a00000, 0x0000000704a00000, 0x0000000704c00000|  0%| F|  |TAMS 0x0000000704a00000| PB 0x0000000704a00000| Untracked |  0
|  29|0x0000000704c00000, 0x0000000704c00000, 0x0000000704e00000|  0%| F|  |TAMS 0x0000000704c00000| PB 0x0000000704c00000| Untracked |  0
|  30|0x0000000704e00000, 0x0000000704e00000, 0x0000000705000000|  0%| F|  |TAMS 0x0000000704e00000| PB 0x0000000704e00000| Untracked |  0
|  31|0x0000000705000000, 0x0000000705000000, 0x0000000705200000|  0%| F|  |TAMS 0x0000000705000000| PB 0x0000000705000000| Untracked |  0
|  32|0x0000000705200000, 0x0000000705200000, 0x0000000705400000|  0%| F|  |TAMS 0x0000000705200000| PB 0x0000000705200000| Untracked |  0
|  33|0x0000000705400000, 0x0000000705400000, 0x0000000705600000|  0%| F|  |TAMS 0x0000000705400000| PB 0x0000000705400000| Untracked |  0
|  34|0x0000000705600000, 0x0000000705600000, 0x0000000705800000|  0%| F|  |TAMS 0x0000000705600000| PB 0x0000000705600000| Untracked |  0
|  35|0x0000000705800000, 0x0000000705800000, 0x0000000705a00000|  0%| F|  |TAMS 0x0000000705800000| PB 0x0000000705800000| Untracked |  0
|  36|0x0000000705a00000, 0x0000000705a00000, 0x0000000705c00000|  0%| F|  |TAMS 0x0000000705a00000| PB 0x0000000705a00000| Untracked |  0
|  37|0x0000000705c00000, 0x0000000705c00000, 0x0000000705e00000|  0%| F|  |TAMS 0x0000000705c00000| PB 0x0000000705c00000| Untracked |  0
|  38|0x0000000705e00000, 0x0000000705e00000, 0x0000000706000000|  0%| F|  |TAMS 0x0000000705e00000| PB 0x0000000705e00000| Untracked |  0
|  39|0x0000000706000000, 0x0000000706000000, 0x0000000706200000|  0%| F|  |TAMS 0x0000000706000000| PB 0x0000000706000000| Untracked |  0
|  40|0x0000000706200000, 0x0000000706200000, 0x0000000706400000|  0%| F|  |TAMS 0x0000000706200000| PB 0x0000000706200000| Untracked |  0
|  41|0x0000000706400000, 0x0000000706400000, 0x0000000706600000|  0%| F|  |TAMS 0x0000000706400000| PB 0x0000000706400000| Untracked |  0
|  42|0x0000000706600000, 0x0000000706600000, 0x0000000706800000|  0%| F|  |TAMS 0x0000000706600000| PB 0x0000000706600000| Untracked |  0
|  43|0x0000000706800000, 0x0000000706800000, 0x0000000706a00000|  0%| F|  |TAMS 0x0000000706800000| PB 0x0000000706800000| Untracked |  0
|  44|0x0000000706a00000, 0x0000000706a00000, 0x0000000706c00000|  0%| F|  |TAMS 0x0000000706a00000| PB 0x0000000706a00000| Untracked |  0
|  45|0x0000000706c00000, 0x0000000706c00000, 0x0000000706e00000|  0%| F|  |TAMS 0x0000000706c00000| PB 0x0000000706c00000| Untracked |  0
|  46|0x0000000706e00000, 0x0000000706e00000, 0x0000000707000000|  0%| F|  |TAMS 0x0000000706e00000| PB 0x0000000706e00000| Untracked |  0
|  47|0x0000000707000000, 0x0000000707000000, 0x0000000707200000|  0%| F|  |TAMS 0x0000000707000000| PB 0x0000000707000000| Untracked |  0
|  48|0x0000000707200000, 0x0000000707200000, 0x0000000707400000|  0%| F|  |TAMS 0x0000000707200000| PB 0x0000000707200000| Untracked |  0
|  49|0x0000000707400000, 0x0000000707400000, 0x0000000707600000|  0%| F|  |TAMS 0x0000000707400000| PB 0x0000000707400000| Untracked |  0
|  50|0x0000000707600000, 0x0000000707600000, 0x0000000707800000|  0%| F|  |TAMS 0x0000000707600000| PB 0x0000000707600000| Untracked |  0
|  51|0x0000000707800000, 0x0000000707800000, 0x0000000707a00000|  0%| F|  |TAMS 0x0000000707800000| PB 0x0000000707800000| Untracked |  0
|  52|0x0000000707a00000, 0x0000000707a00000, 0x0000000707c00000|  0%| F|  |TAMS 0x0000000707a00000| PB 0x0000000707a00000| Untracked |  0
|  53|0x0000000707c00000, 0x0000000707c00000, 0x0000000707e00000|  0%| F|  |TAMS 0x0000000707c00000| PB 0x0000000707c00000| Untracked |  0
|  54|0x0000000707e00000, 0x0000000707e00000, 0x0000000708000000|  0%| F|  |TAMS 0x0000000707e00000| PB 0x0000000707e00000| Untracked |  0
|  55|0x0000000708000000, 0x0000000708000000, 0x0000000708200000|  0%| F|  |TAMS 0x0000000708000000| PB 0x0000000708000000| Untracked |  0
|  56|0x0000000708200000, 0x0000000708200000, 0x0000000708400000|  0%| F|  |TAMS 0x0000000708200000| PB 0x0000000708200000| Untracked |  0
|  57|0x0000000708400000, 0x0000000708400000, 0x0000000708600000|  0%| F|  |TAMS 0x0000000708400000| PB 0x0000000708400000| Untracked |  0
|  58|0x0000000708600000, 0x0000000708600000, 0x0000000708800000|  0%| F|  |TAMS 0x0000000708600000| PB 0x0000000708600000| Untracked |  0
|  59|0x0000000708800000, 0x0000000708800000, 0x0000000708a00000|  0%| F|  |TAMS 0x0000000708800000| PB 0x0000000708800000| Untracked |  0
|  60|0x0000000708a00000, 0x0000000708a00000, 0x0000000708c00000|  0%| F|  |TAMS 0x0000000708a00000| PB 0x0000000708a00000| Untracked |  0
|  61|0x0000000708c00000, 0x0000000708c00000, 0x0000000708e00000|  0%| F|  |TAMS 0x0000000708c00000| PB 0x0000000708c00000| Untracked |  0
|  62|0x0000000708e00000, 0x0000000708e00000, 0x0000000709000000|  0%| F|  |TAMS 0x0000000708e00000| PB 0x0000000708e00000| Untracked |  0
|  63|0x0000000709000000, 0x0000000709000000, 0x0000000709200000|  0%| F|  |TAMS 0x0000000709000000| PB 0x0000000709000000| Untracked |  0
|  64|0x0000000709200000, 0x0000000709200000, 0x0000000709400000|  0%| F|  |TAMS 0x0000000709200000| PB 0x0000000709200000| Untracked |  0
|  65|0x0000000709400000, 0x0000000709400000, 0x0000000709600000|  0%| F|  |TAMS 0x0000000709400000| PB 0x0000000709400000| Untracked |  0
|  66|0x0000000709600000, 0x0000000709600000, 0x0000000709800000|  0%| F|  |TAMS 0x0000000709600000| PB 0x0000000709600000| Untracked |  0
|  67|0x0000000709800000, 0x0000000709800000, 0x0000000709a00000|  0%| F|  |TAMS 0x0000000709800000| PB 0x0000000709800000| Untracked |  0
|  68|0x0000000709a00000, 0x0000000709a00000, 0x0000000709c00000|  0%| F|  |TAMS 0x0000000709a00000| PB 0x0000000709a00000| Untracked |  0
|  69|0x0000000709c00000, 0x0000000709c00000, 0x0000000709e00000|  0%| F|  |TAMS 0x0000000709c00000| PB 0x0000000709c00000| Untracked |  0
|  70|0x0000000709e00000, 0x0000000709e00000, 0x000000070a000000|  0%| F|  |TAMS 0x0000000709e00000| PB 0x0000000709e00000| Untracked |  0
|  71|0x000000070a000000, 0x000000070a000000, 0x000000070a200000|  0%| F|  |TAMS 0x000000070a000000| PB 0x000000070a000000| Untracked |  0
|  72|0x000000070a200000, 0x000000070a200000, 0x000000070a400000|  0%| F|  |TAMS 0x000000070a200000| PB 0x000000070a200000| Untracked |  0
|  73|0x000000070a400000, 0x000000070a400000, 0x000000070a600000|  0%| F|  |TAMS 0x000000070a400000| PB 0x000000070a400000| Untracked |  0
|  74|0x000000070a600000, 0x000000070a600000, 0x000000070a800000|  0%| F|  |TAMS 0x000000070a600000| PB 0x000000070a600000| Untracked |  0
|  75|0x000000070a800000, 0x000000070a800000, 0x000000070aa00000|  0%| F|  |TAMS 0x000000070a800000| PB 0x000000070a800000| Untracked |  0
|  76|0x000000070aa00000, 0x000000070aa00000, 0x000000070ac00000|  0%| F|  |TAMS 0x000000070aa00000| PB 0x000000070aa00000| Untracked |  0
|  77|0x000000070ac00000, 0x000000070ac00000, 0x000000070ae00000|  0%| F|  |TAMS 0x000000070ac00000| PB 0x000000070ac00000| Untracked |  0
|  78|0x000000070ae00000, 0x000000070ae00000, 0x000000070b000000|  0%| F|  |TAMS 0x000000070ae00000| PB 0x000000070ae00000| Untracked |  0
|  79|0x000000070b000000, 0x000000070b000000, 0x000000070b200000|  0%| F|  |TAMS 0x000000070b000000| PB 0x000000070b000000| Untracked |  0
|  80|0x000000070b200000, 0x000000070b200000, 0x000000070b400000|  0%| F|  |TAMS 0x000000070b200000| PB 0x000000070b200000| Untracked |  0
|  81|0x000000070b400000, 0x000000070b400000, 0x000000070b600000|  0%| F|  |TAMS 0x000000070b400000| PB 0x000000070b400000| Untracked |  0
|  82|0x000000070b600000, 0x000000070b600000, 0x000000070b800000|  0%| F|  |TAMS 0x000000070b600000| PB 0x000000070b600000| Untracked |  0
|  83|0x000000070b800000, 0x000000070b800000, 0x000000070ba00000|  0%| F|  |TAMS 0x000000070b800000| PB 0x000000070b800000| Untracked |  0
|  84|0x000000070ba00000, 0x000000070ba00000, 0x000000070bc00000|  0%| F|  |TAMS 0x000000070ba00000| PB 0x000000070ba00000| Untracked |  0
|  85|0x000000070bc00000, 0x000000070bc00000, 0x000000070be00000|  0%| F|  |TAMS 0x000000070bc00000| PB 0x000000070bc00000| Untracked |  0
|  86|0x000000070be00000, 0x000000070be00000, 0x000000070c000000|  0%| F|  |TAMS 0x000000070be00000| PB 0x000000070be00000| Untracked |  0
|  87|0x000000070c000000, 0x000000070c000000, 0x000000070c200000|  0%| F|  |TAMS 0x000000070c000000| PB 0x000000070c000000| Untracked |  0
|  88|0x000000070c200000, 0x000000070c200000, 0x000000070c400000|  0%| F|  |TAMS 0x000000070c200000| PB 0x000000070c200000| Untracked |  0
|  89|0x000000070c400000, 0x000000070c400000, 0x000000070c600000|  0%| F|  |TAMS 0x000000070c400000| PB 0x000000070c400000| Untracked |  0
|  90|0x000000070c600000, 0x000000070c600000, 0x000000070c800000|  0%| F|  |TAMS 0x000000070c600000| PB 0x000000070c600000| Untracked |  0
|  91|0x000000070c800000, 0x000000070c800000, 0x000000070ca00000|  0%| F|  |TAMS 0x000000070c800000| PB 0x000000070c800000| Untracked |  0
|  92|0x000000070ca00000, 0x000000070ca00000, 0x000000070cc00000|  0%| F|  |TAMS 0x000000070ca00000| PB 0x000000070ca00000| Untracked |  0
|  93|0x000000070cc00000, 0x000000070cc00000, 0x000000070ce00000|  0%| F|  |TAMS 0x000000070cc00000| PB 0x000000070cc00000| Untracked |  0
|  94|0x000000070ce00000, 0x000000070ce5ba50, 0x000000070d000000| 17%| S|CS|TAMS 0x000000070ce00000| PB 0x000000070ce00000| Complete |  0
|  95|0x000000070d000000, 0x000000070d200000, 0x000000070d200000|100%| S|CS|TAMS 0x000000070d000000| PB 0x000000070d000000| Complete |  0
|  96|0x000000070d200000, 0x000000070d400000, 0x000000070d400000|100%| S|CS|TAMS 0x000000070d200000| PB 0x000000070d200000| Complete |  0
|  97|0x000000070d400000, 0x000000070d400000, 0x000000070d600000|  0%| F|  |TAMS 0x000000070d400000| PB 0x000000070d400000| Untracked |  0
|  98|0x000000070d600000, 0x000000070d600000, 0x000000070d800000|  0%| F|  |TAMS 0x000000070d600000| PB 0x000000070d600000| Untracked |  0
|  99|0x000000070d800000, 0x000000070d800000, 0x000000070da00000|  0%| F|  |TAMS 0x000000070d800000| PB 0x000000070d800000| Untracked |  0
| 100|0x000000070da00000, 0x000000070da00000, 0x000000070dc00000|  0%| F|  |TAMS 0x000000070da00000| PB 0x000000070da00000| Untracked |  0
| 101|0x000000070dc00000, 0x000000070dc00000, 0x000000070de00000|  0%| F|  |TAMS 0x000000070dc00000| PB 0x000000070dc00000| Untracked |  0
| 102|0x000000070de00000, 0x000000070de00000, 0x000000070e000000|  0%| F|  |TAMS 0x000000070de00000| PB 0x000000070de00000| Untracked |  0
| 103|0x000000070e000000, 0x000000070e000000, 0x000000070e200000|  0%| F|  |TAMS 0x000000070e000000| PB 0x000000070e000000| Untracked |  0
| 104|0x000000070e200000, 0x000000070e200000, 0x000000070e400000|  0%| F|  |TAMS 0x000000070e200000| PB 0x000000070e200000| Untracked |  0
| 105|0x000000070e400000, 0x000000070e400000, 0x000000070e600000|  0%| F|  |TAMS 0x000000070e400000| PB 0x000000070e400000| Untracked |  0
| 106|0x000000070e600000, 0x000000070e600000, 0x000000070e800000|  0%| F|  |TAMS 0x000000070e600000| PB 0x000000070e600000| Untracked |  0
| 107|0x000000070e800000, 0x000000070e800000, 0x000000070ea00000|  0%| F|  |TAMS 0x000000070e800000| PB 0x000000070e800000| Untracked |  0
| 108|0x000000070ea00000, 0x000000070ea00000, 0x000000070ec00000|  0%| F|  |TAMS 0x000000070ea00000| PB 0x000000070ea00000| Untracked |  0
| 109|0x000000070ec00000, 0x000000070ec00000, 0x000000070ee00000|  0%| F|  |TAMS 0x000000070ec00000| PB 0x000000070ec00000| Untracked |  0
| 110|0x000000070ee00000, 0x000000070ee00000, 0x000000070f000000|  0%| F|  |TAMS 0x000000070ee00000| PB 0x000000070ee00000| Untracked |  0
| 111|0x000000070f000000, 0x000000070f000000, 0x000000070f200000|  0%| F|  |TAMS 0x000000070f000000| PB 0x000000070f000000| Untracked |  0
| 112|0x000000070f200000, 0x000000070f200000, 0x000000070f400000|  0%| F|  |TAMS 0x000000070f200000| PB 0x000000070f200000| Untracked |  0
| 113|0x000000070f400000, 0x000000070f400000, 0x000000070f600000|  0%| F|  |TAMS 0x000000070f400000| PB 0x000000070f400000| Untracked |  0
| 114|0x000000070f600000, 0x000000070f600000, 0x000000070f800000|  0%| F|  |TAMS 0x000000070f600000| PB 0x000000070f600000| Untracked |  0
| 115|0x000000070f800000, 0x000000070f800000, 0x000000070fa00000|  0%| F|  |TAMS 0x000000070f800000| PB 0x000000070f800000| Untracked |  0
| 116|0x000000070fa00000, 0x000000070fa00000, 0x000000070fc00000|  0%| F|  |TAMS 0x000000070fa00000| PB 0x000000070fa00000| Untracked |  0
| 117|0x000000070fc00000, 0x000000070fc00000, 0x000000070fe00000|  0%| F|  |TAMS 0x000000070fc00000| PB 0x000000070fc00000| Untracked |  0
| 118|0x000000070fe00000, 0x000000070fe00000, 0x0000000710000000|  0%| F|  |TAMS 0x000000070fe00000| PB 0x000000070fe00000| Untracked |  0
| 119|0x0000000710000000, 0x0000000710000000, 0x0000000710200000|  0%| F|  |TAMS 0x0000000710000000| PB 0x0000000710000000| Untracked |  0
| 120|0x0000000710200000, 0x0000000710200000, 0x0000000710400000|  0%| F|  |TAMS 0x0000000710200000| PB 0x0000000710200000| Untracked |  0
| 121|0x0000000710400000, 0x0000000710400000, 0x0000000710600000|  0%| F|  |TAMS 0x0000000710400000| PB 0x0000000710400000| Untracked |  0
| 122|0x0000000710600000, 0x0000000710600000, 0x0000000710800000|  0%| F|  |TAMS 0x0000000710600000| PB 0x0000000710600000| Untracked |  0
| 123|0x0000000710800000, 0x0000000710800000, 0x0000000710a00000|  0%| F|  |TAMS 0x0000000710800000| PB 0x0000000710800000| Untracked |  0
| 124|0x0000000710a00000, 0x0000000710a00000, 0x0000000710c00000|  0%| F|  |TAMS 0x0000000710a00000| PB 0x0000000710a00000| Untracked |  0
| 125|0x0000000710c00000, 0x0000000710c27670, 0x0000000710e00000|  7%| E|  |TAMS 0x0000000710c00000| PB 0x0000000710c00000| Complete |  0
| 126|0x0000000710e00000, 0x0000000711000000, 0x0000000711000000|100%| E|CS|TAMS 0x0000000710e00000| PB 0x0000000710e00000| Complete |  0
| 127|0x0000000711000000, 0x0000000711200000, 0x0000000711200000|100%| E|CS|TAMS 0x0000000711000000| PB 0x0000000711000000| Complete |  0

Card table byte_map: [0x0000020228d80000,0x0000020229580000] _byte_map_base: 0x0000020225577000

Marking Bits: (CMBitMap*) 0x0000020210a5e3b0
 Bits: [0x0000020229580000, 0x000002022d538000)

Polling page: 0x000002020e7c0000

Metaspace:

Usage:
  Non-class:     12.88 MB used.
      Class:      1.39 MB used.
       Both:     14.28 MB used.

Virtual space:
  Non-class space:       64.00 MB reserved,      13.00 MB ( 20%) committed,  1 nodes.
      Class space:        1.00 GB reserved,       1.50 MB ( <1%) committed,  1 nodes.
             Both:        1.06 GB reserved,      14.50 MB (  1%) committed. 

Chunk freelists:
   Non-Class:  2.23 MB
       Class:  14.50 MB
        Both:  16.73 MB

MaxMetaspaceSize: unlimited
CompressedClassSpaceSize: 1.00 GB
Initial GC threshold: 21.00 MB
Current GC threshold: 21.00 MB
CDS: on
 - commit_granule_bytes: 65536.
 - commit_granule_words: 8192.
 - virtual_space_node_default_size: 8388608.
 - enlarge_chunks_in_place: 1.
 - use_allocation_guard: 0.


Internal statistics:

num_allocs_failed_limit: 0.
num_arena_births: 86.
num_arena_deaths: 0.
num_vsnodes_births: 2.
num_vsnodes_deaths: 0.
num_space_committed: 232.
num_space_uncommitted: 0.
num_chunks_returned_to_freelist: 0.
num_chunks_taken_from_freelist: 451.
num_chunk_merges: 0.
num_chunk_splits: 373.
num_chunks_enlarged: 333.
num_inconsistent_stats: 0.

CodeHeap 'non-profiled nmethods': size=120064Kb used=1276Kb max_used=1276Kb free=118787Kb
 bounds [0x0000020220bf0000, 0x0000020220e60000, 0x0000020228130000]
CodeHeap 'profiled nmethods': size=120000Kb used=4928Kb max_used=4928Kb free=115071Kb
 bounds [0x0000020219130000, 0x0000020219610000, 0x0000020220660000]
CodeHeap 'non-nmethods': size=5696Kb used=1408Kb max_used=1473Kb free=4287Kb
 bounds [0x0000020220660000, 0x00000202208d0000, 0x0000020220bf0000]
CodeCache: size=245760Kb, used=7612Kb, max_used=7677Kb, free=238145Kb
 total_blobs=3040, nmethods=2530, adapters=415, full_count=0
Compilation: enabled, stopped_count=0, restarted_count=0

Compilation events (20 events):
Event: 1.936 Thread 0x000002027503a0a0 nmethod 2507 0x00000202195ea808 code [0x00000202195ea9c0, 0x00000202195eb408]
Event: 1.936 Thread 0x000002027503a0a0 2511       3       org.aspectj.weaver.bcel.BcelClassWeaver::<init> (226 bytes)
Event: 1.938 Thread 0x000002027503a0a0 nmethod 2511 0x00000202195eb488 code [0x00000202195eb7a0, 0x00000202195ed608]
Event: 1.939 Thread 0x000002027503a0a0 2509       3       org.aspectj.weaver.ReferenceType::<init> (144 bytes)
Event: 1.940 Thread 0x000002027503a0a0 nmethod 2509 0x00000202195ed708 code [0x00000202195ed960, 0x00000202195eed70]
Event: 1.940 Thread 0x000002027503a0a0 2512       1       org.aspectj.apache.bcel.classfile.InnerClasses::getInnerClasses (5 bytes)
Event: 1.940 Thread 0x000002027503a0a0 nmethod 2512 0x0000020220d29f88 code [0x0000020220d2a0a0, 0x0000020220d2a170]
Event: 1.940 Thread 0x000002027503a0a0 2508       1       org.aspectj.util.GenericSignature$FieldTypeSignature::isClassTypeSignature (2 bytes)
Event: 1.940 Thread 0x000002027503a0a0 nmethod 2508 0x0000020220d2a288 code [0x0000020220d2a3a0, 0x0000020220d2a468]
Event: 1.941 Thread 0x00000202750171d0 nmethod 2491 0x0000020220d2a588 code [0x0000020220d2a820, 0x0000020220d2ba28]
Event: 1.941 Thread 0x00000202750171d0 2504   !   4       org.aspectj.weaver.World::resolve (354 bytes)
Event: 1.949 Thread 0x000002027503a0a0 2514       3       java.net.URL::<init> (438 bytes)
Event: 1.961 Thread 0x0000020275411740 nmethod 2497% 0x0000020220d2bb88 code [0x0000020220d2bdc0, 0x0000020220d2d108]
Event: 1.961 Thread 0x0000020275411740 2513       4       org.aspectj.weaver.ReferenceType::equal (45 bytes)
Event: 1.961 Thread 0x000002027503a0a0 nmethod 2514 0x00000202195eee08 code [0x00000202195ef4a0, 0x00000202195f2c58]
Event: 1.961 Thread 0x000002027503a0a0 2519       3       org.aspectj.weaver.bcel.BcelGenericSignatureToTypeXConverter::fieldTypeSignature2TypeX (122 bytes)
Event: 1.962 Thread 0x000002027503a0a0 nmethod 2519 0x00000202195f2d88 code [0x00000202195f3040, 0x00000202195f4460]
Event: 1.962 Thread 0x000002027503a0a0 2517       3       org.aspectj.util.GenericSignatureParser::maybeParseTypeArguments (61 bytes)
Event: 1.963 Thread 0x000002027503a0a0 nmethod 2517 0x00000202195f4508 code [0x00000202195f46e0, 0x00000202195f5080]
Event: 1.963 Thread 0x0000020275411740 nmethod 2513 0x0000020220d2d288 code [0x0000020220d2d3a0, 0x0000020220d2d538]

GC Heap History (8 events):
Event: 0.494 GC heap before
{Heap before GC invocations=0 (full 0):
 garbage-first heap   total reserved 4175872K, committed 262144K, used 24576K [0x0000000701200000, 0x0000000800000000)
  region size 2048K, 12 young (24576K), 0 survivors (0K)
 Metaspace       used 6582K, committed 6720K, reserved 1114112K
  class space    used 630K, committed 704K, reserved 1048576K
}
Event: 0.498 GC heap after
{Heap after GC invocations=1 (full 0):
 garbage-first heap   total reserved 4175872K, committed 262144K, used 6001K [0x0000000701200000, 0x0000000800000000)
  region size 2048K, 2 young (4096K), 2 survivors (4096K)
 Metaspace       used 6582K, committed 6720K, reserved 1114112K
  class space    used 630K, committed 704K, reserved 1048576K
}
Event: 0.812 GC heap before
{Heap before GC invocations=1 (full 0):
 garbage-first heap   total reserved 4175872K, committed 262144K, used 26481K [0x0000000701200000, 0x0000000800000000)
  region size 2048K, 12 young (24576K), 2 survivors (4096K)
 Metaspace       used 8699K, committed 8896K, reserved 1114112K
  class space    used 804K, committed 896K, reserved 1048576K
}
Event: 0.819 GC heap after
{Heap after GC invocations=2 (full 0):
 garbage-first heap   total reserved 4175872K, committed 262144K, used 11082K [0x0000000701200000, 0x0000000800000000)
  region size 2048K, 2 young (4096K), 2 survivors (4096K)
 Metaspace       used 8699K, committed 8896K, reserved 1114112K
  class space    used 804K, committed 896K, reserved 1048576K
}
Event: 1.459 GC heap before
{Heap before GC invocations=2 (full 0):
 garbage-first heap   total reserved 4175872K, committed 262144K, used 56138K [0x0000000701200000, 0x0000000800000000)
  region size 2048K, 24 young (49152K), 2 survivors (4096K)
 Metaspace       used 11618K, committed 11776K, reserved 1114112K
  class space    used 1096K, committed 1152K, reserved 1048576K
}
Event: 1.468 GC heap after
{Heap after GC invocations=3 (full 0):
 garbage-first heap   total reserved 4175872K, committed 262144K, used 19815K [0x0000000701200000, 0x0000000800000000)
  region size 2048K, 3 young (6144K), 3 survivors (6144K)
 Metaspace       used 11618K, committed 11776K, reserved 1114112K
  class space    used 1096K, committed 1152K, reserved 1048576K
}
Event: 1.949 GC heap before
{Heap before GC invocations=3 (full 0):
 garbage-first heap   total reserved 4175872K, committed 262144K, used 77159K [0x0000000701200000, 0x0000000800000000)
  region size 2048K, 31 young (63488K), 3 survivors (6144K)
 Metaspace       used 14402K, committed 14528K, reserved 1114112K
  class space    used 1392K, committed 1472K, reserved 1048576K
}
Event: 1.958 GC heap after
{Heap after GC invocations=4 (full 0):
 garbage-first heap   total reserved 4175872K, committed 262144K, used 24798K [0x0000000701200000, 0x0000000800000000)
  region size 2048K, 3 young (6144K), 3 survivors (6144K)
 Metaspace       used 14402K, committed 14528K, reserved 1114112K
  class space    used 1392K, committed 1472K, reserved 1048576K
}

Dll operation events (11 events):
Event: 0.006 Loaded shared library C:\Program Files\Java\jdk-23\bin\java.dll
Event: 0.028 Loaded shared library C:\Program Files\Java\jdk-23\bin\jsvml.dll
Event: 0.059 Loaded shared library C:\Program Files\Java\jdk-23\bin\zip.dll
Event: 0.062 Loaded shared library C:\Program Files\Java\jdk-23\bin\instrument.dll
Event: 0.065 Loaded shared library C:\Program Files\Java\jdk-23\bin\net.dll
Event: 0.066 Loaded shared library C:\Program Files\Java\jdk-23\bin\nio.dll
Event: 0.068 Loaded shared library C:\Program Files\Java\jdk-23\bin\zip.dll
Event: 0.137 Loaded shared library C:\Program Files\Java\jdk-23\bin\jimage.dll
Event: 0.169 Loaded shared library C:\Program Files\Java\jdk-23\bin\verify.dll
Event: 0.522 Loaded shared library C:\Program Files\Java\jdk-23\bin\management.dll
Event: 0.524 Loaded shared library C:\Program Files\Java\jdk-23\bin\management_ext.dll

Deoptimization events (20 events):
Event: 1.786 Thread 0x00000202109ef1b0 Uncommon trap: trap_request=0xffffffc6 fr.pc=0x0000020220d00f20 relative=0x0000000000002cc0
Event: 1.786 Thread 0x00000202109ef1b0 Uncommon trap: reason=bimorphic_or_optimized_type_check action=maybe_recompile pc=0x0000020220d00f20 method=org.aspectj.weaver.TypeFactory.createTypeFromSignature(Ljava/lang/String;)Lorg/aspectj/weaver/UnresolvedType; @ 281 c2
Event: 1.786 Thread 0x00000202109ef1b0 DEOPT PACKING pc=0x0000020220d00f20 sp=0x0000002f744f7ad0
Event: 1.786 Thread 0x00000202109ef1b0 DEOPT UNPACKING pc=0x00000202206b4402 sp=0x0000002f744f7a68 mode 2
Event: 1.805 Thread 0x00000202109ef1b0 Uncommon trap: trap_request=0xffffffc6 fr.pc=0x0000020220cdf078 relative=0x0000000000000318
Event: 1.805 Thread 0x00000202109ef1b0 Uncommon trap: reason=bimorphic_or_optimized_type_check action=maybe_recompile pc=0x0000020220cdf078 method=org.aspectj.weaver.World.resolve(Lorg/aspectj/weaver/ResolvedType;)Lorg/aspectj/weaver/ResolvedType; @ 14 c2
Event: 1.805 Thread 0x00000202109ef1b0 DEOPT PACKING pc=0x0000020220cdf078 sp=0x0000002f744f76d0
Event: 1.805 Thread 0x00000202109ef1b0 DEOPT UNPACKING pc=0x00000202206b4402 sp=0x0000002f744f7680 mode 2
Event: 1.805 Thread 0x00000202109ef1b0 Uncommon trap: trap_request=0xffffffc6 fr.pc=0x0000020220cdf078 relative=0x0000000000000318
Event: 1.805 Thread 0x00000202109ef1b0 Uncommon trap: reason=bimorphic_or_optimized_type_check action=maybe_recompile pc=0x0000020220cdf078 method=org.aspectj.weaver.World.resolve(Lorg/aspectj/weaver/ResolvedType;)Lorg/aspectj/weaver/ResolvedType; @ 14 c2
Event: 1.805 Thread 0x00000202109ef1b0 DEOPT PACKING pc=0x0000020220cdf078 sp=0x0000002f744f7340
Event: 1.805 Thread 0x00000202109ef1b0 DEOPT UNPACKING pc=0x00000202206b4402 sp=0x0000002f744f72f0 mode 2
Event: 1.805 Thread 0x00000202109ef1b0 Uncommon trap: trap_request=0xffffffc6 fr.pc=0x0000020220cdf078 relative=0x0000000000000318
Event: 1.805 Thread 0x00000202109ef1b0 Uncommon trap: reason=bimorphic_or_optimized_type_check action=maybe_recompile pc=0x0000020220cdf078 method=org.aspectj.weaver.World.resolve(Lorg/aspectj/weaver/ResolvedType;)Lorg/aspectj/weaver/ResolvedType; @ 14 c2
Event: 1.805 Thread 0x00000202109ef1b0 DEOPT PACKING pc=0x0000020220cdf078 sp=0x0000002f744f7340
Event: 1.805 Thread 0x00000202109ef1b0 DEOPT UNPACKING pc=0x00000202206b4402 sp=0x0000002f744f72f0 mode 2
Event: 1.809 Thread 0x00000202109ef1b0 Uncommon trap: trap_request=0xffffff45 fr.pc=0x0000020220d1b128 relative=0x0000000000002008
Event: 1.809 Thread 0x00000202109ef1b0 Uncommon trap: reason=unstable_if action=reinterpret pc=0x0000020220d1b128 method=org.aspectj.weaver.UnresolvedType.signatureToName(Ljava/lang/String;)Ljava/lang/String; @ 459 c2
Event: 1.809 Thread 0x00000202109ef1b0 DEOPT PACKING pc=0x0000020220d1b128 sp=0x0000002f744f7ad0
Event: 1.809 Thread 0x00000202109ef1b0 DEOPT UNPACKING pc=0x00000202206b4402 sp=0x0000002f744f7a98 mode 2

Classes loaded (20 events):
Event: 1.548 Loading class java/io/ObjectStreamException done
Event: 1.548 Loading class java/io/InvalidObjectException done
Event: 1.555 Loading class java/util/concurrent/atomic/AtomicLongArray
Event: 1.555 Loading class java/util/concurrent/atomic/AtomicLongArray done
Event: 1.555 Loading class java/lang/invoke/VarHandleLongs$Array
Event: 1.556 Loading class java/lang/invoke/VarHandleLongs$Array done
Event: 1.556 Loading class java/util/concurrent/atomic/AtomicReferenceArray
Event: 1.556 Loading class java/util/concurrent/atomic/AtomicReferenceArray done
Event: 1.556 Loading class java/lang/invoke/VarHandleReferences$Array
Event: 1.556 Loading class java/lang/invoke/VarHandleReferences$Array done
Event: 1.574 Loading class java/text/ParseException
Event: 1.574 Loading class java/text/ParseException done
Event: 1.580 Loading class sun/text/resources/cldr/FormatData_en
Event: 1.581 Loading class sun/text/resources/cldr/FormatData_en done
Event: 1.582 Loading class sun/text/resources/cldr/FormatData_en_US
Event: 1.582 Loading class sun/text/resources/cldr/FormatData_en_US done
Event: 1.618 Loading class java/io/CharArrayReader
Event: 1.618 Loading class java/io/CharArrayReader done
Event: 1.943 Loading class java/util/Currency
Event: 1.944 Loading class java/util/Currency done

Classes unloaded (0 events):
No events

Classes redefined (0 events):
No events

Internal exceptions (20 events):
Event: 0.422 Thread 0x00000202109ef1b0 Exception <a 'java/lang/ArrayIndexOutOfBoundsException'{0x000000070fed9e00}: Index 11 out of bounds for length 11> (0x000000070fed9e00) 
thrown [s\open\src\hotspot\share\interpreter\interpreterRuntime.cpp, line 422]
Event: 0.422 Thread 0x00000202109ef1b0 Exception <a 'java/lang/ArrayIndexOutOfBoundsException'{0x000000070feda3d8}: Index 11 out of bounds for length 11> (0x000000070feda3d8) 
thrown [s\open\src\hotspot\share\interpreter\interpreterRuntime.cpp, line 422]
Event: 0.422 Thread 0x00000202109ef1b0 Exception <a 'java/lang/ArrayIndexOutOfBoundsException'{0x000000070fedb770}: Index 9 out of bounds for length 9> (0x000000070fedb770) 
thrown [s\open\src\hotspot\share\interpreter\interpreterRuntime.cpp, line 422]
Event: 0.422 Thread 0x00000202109ef1b0 Exception <a 'java/lang/ArrayIndexOutOfBoundsException'{0x000000070fedbd48}: Index 9 out of bounds for length 9> (0x000000070fedbd48) 
thrown [s\open\src\hotspot\share\interpreter\interpreterRuntime.cpp, line 422]
Event: 0.422 Thread 0x00000202109ef1b0 Exception <a 'java/lang/ArrayIndexOutOfBoundsException'{0x000000070fedc320}: Index 9 out of bounds for length 9> (0x000000070fedc320) 
thrown [s\open\src\hotspot\share\interpreter\interpreterRuntime.cpp, line 422]
Event: 0.423 Thread 0x00000202109ef1b0 Exception <a 'java/lang/ArrayIndexOutOfBoundsException'{0x000000070fee23e8}> (0x000000070fee23e8) 
thrown [s\open\src\hotspot\share\runtime\sharedRuntime.cpp, line 627]
Event: 0.423 Thread 0x00000202109ef1b0 Exception <a 'java/lang/ArrayIndexOutOfBoundsException'{0x000000070fee29c0}> (0x000000070fee29c0) 
thrown [s\open\src\hotspot\share\runtime\sharedRuntime.cpp, line 627]
Event: 0.423 Thread 0x00000202109ef1b0 Exception <a 'java/lang/ArrayIndexOutOfBoundsException'{0x000000070fee2f98}: Index 7 out of bounds for length 7> (0x000000070fee2f98) 
thrown [s\open\src\hotspot\share\interpreter\interpreterRuntime.cpp, line 422]
Event: 0.528 Thread 0x00000202109ef1b0 Exception <a 'java/lang/NoSuchMethodError'{0x0000000710eccf68}: 'int java.lang.invoke.DirectMethodHandle$Holder.invokeSpecial(java.lang.Object, java.lang.Object, java.lang.Object)'> (0x0000000710eccf68) 
thrown [s\open\src\hotspot\share\interpreter\linkResolver.cpp, line 796]
Event: 0.633 Thread 0x000002027650ec90 Exception <a 'java/lang/NoSuchMethodError'{0x00000007109aad08}: 'void java.lang.invoke.DirectMethodHandle$Holder.invokeStatic(java.lang.Object, long)'> (0x00000007109aad08) 
thrown [s\open\src\hotspot\share\interpreter\linkResolver.cpp, line 796]
Event: 0.633 Thread 0x000002027650ec90 Exception <a 'java/lang/NoSuchMethodError'{0x00000007109afe90}: 'java.lang.Object java.lang.invoke.DirectMethodHandle$Holder.newInvokeSpecial(java.lang.Object, long)'> (0x00000007109afe90) 
thrown [s\open\src\hotspot\share\interpreter\linkResolver.cpp, line 796]
Event: 0.635 Thread 0x000002027650ec90 Exception <a 'java/lang/NoSuchMethodError'{0x0000000710603e50}: 'java.lang.Object java.lang.invoke.DirectMethodHandle$Holder.invokeStatic(java.lang.Object, long, java.lang.Object)'> (0x0000000710603e50) 
thrown [s\open\src\hotspot\share\interpreter\linkResolver.cpp, line 796]
Event: 0.636 Thread 0x000002027650ec90 Exception <a 'java/lang/NoSuchMethodError'{0x0000000710607620}: 'java.lang.Object java.lang.invoke.DirectMethodHandle$Holder.invokeStaticInit(java.lang.Object, long, java.lang.Object)'> (0x0000000710607620) 
thrown [s\open\src\hotspot\share\interpreter\linkResolver.cpp, line 796]
Event: 0.826 Thread 0x000002027650ec90 Implicit null exception at 0x0000020220c77780 to 0x0000020220c78f0c
Event: 0.925 Thread 0x00000202109ef1b0 Exception <a 'java/lang/NoSuchMethodError'{0x0000000710a25750}: 'int java.lang.invoke.DirectMethodHandle$Holder.invokeStaticInit(java.lang.Object, java.lang.Object)'> (0x0000000710a25750) 
thrown [s\open\src\hotspot\share\interpreter\linkResolver.cpp, line 796]
Event: 0.966 Thread 0x00000202109ef1b0 Exception <a 'java/lang/NoSuchMethodError'{0x0000000710856840}: 'void java.lang.invoke.DirectMethodHandle$Holder.invokeVirtual(java.lang.Object, java.lang.Object, int)'> (0x0000000710856840) 
thrown [s\open\src\hotspot\share\interpreter\linkResolver.cpp, line 796]
Event: 0.968 Thread 0x00000202109ef1b0 Exception <a 'java/lang/NoSuchMethodError'{0x000000071085eb48}: 'void java.lang.invoke.DirectMethodHandle$Holder.invokeSpecial(java.lang.Object, java.lang.Object, java.lang.Object)'> (0x000000071085eb48) 
thrown [s\open\src\hotspot\share\interpreter\linkResolver.cpp, line 796]
Event: 1.072 Thread 0x00000202109ef1b0 Exception <a 'java/lang/NoSuchMethodError'{0x000000071043e900}: 'java.lang.Object java.lang.invoke.DirectMethodHandle$Holder.invokeStaticInit(java.lang.Object, int, int, int, int)'> (0x000000071043e900) 
thrown [s\open\src\hotspot\share\interpreter\linkResolver.cpp, line 796]
Event: 1.105 Thread 0x00000202109ef1b0 Exception <a 'java/lang/NoSuchMethodError'{0x000000071052a6f0}: 'java.lang.Object java.lang.invoke.DirectMethodHandle$Holder.invokeStaticInit(java.lang.Object, java.lang.Object, int, int, int, int)'> (0x000000071052a6f0) 
thrown [s\open\src\hotspot\share\interpreter\linkResolver.cpp, line 796]
Event: 1.469 Thread 0x00000202109ef1b0 Implicit null exception at 0x0000020220c9748b to 0x0000020220c98ee8

VM Operations (20 events):
Event: 0.911 Executing VM operation: HandshakeAllThreads (Deoptimize)
Event: 0.911 Executing VM operation: HandshakeAllThreads (Deoptimize) done
Event: 1.028 Executing VM operation: HandshakeAllThreads (Deoptimize)
Event: 1.028 Executing VM operation: HandshakeAllThreads (Deoptimize) done
Event: 1.028 Executing VM operation: HandshakeAllThreads (Deoptimize)
Event: 1.028 Executing VM operation: HandshakeAllThreads (Deoptimize) done
Event: 1.036 Executing VM operation: HandshakeAllThreads (Deoptimize)
Event: 1.036 Executing VM operation: HandshakeAllThreads (Deoptimize) done
Event: 1.138 Executing VM operation: HandshakeAllThreads (Deoptimize)
Event: 1.139 Executing VM operation: HandshakeAllThreads (Deoptimize) done
Event: 1.459 Executing VM operation: G1CollectForAllocation (G1 Evacuation Pause)
Event: 1.468 Executing VM operation: G1CollectForAllocation (G1 Evacuation Pause) done
Event: 1.785 Executing VM operation: HandshakeAllThreads (Deoptimize)
Event: 1.785 Executing VM operation: HandshakeAllThreads (Deoptimize) done
Event: 1.785 Executing VM operation: HandshakeAllThreads (Deoptimize)
Event: 1.785 Executing VM operation: HandshakeAllThreads (Deoptimize) done
Event: 1.805 Executing VM operation: HandshakeAllThreads (Deoptimize)
Event: 1.805 Executing VM operation: HandshakeAllThreads (Deoptimize) done
Event: 1.949 Executing VM operation: G1CollectForAllocation (G1 Evacuation Pause)
Event: 1.958 Executing VM operation: G1CollectForAllocation (G1 Evacuation Pause) done

Memory protections (0 events):
No events

Nmethod flushes (0 events):
No events

Events (15 events):
Event: 0.018 Thread 0x00000202109ef1b0 Thread added: 0x00000202109ef1b0
Event: 0.026 Thread 0x00000202109ef1b0 Thread added: 0x000002022feb94c0
Event: 0.026 Thread 0x00000202109ef1b0 Thread added: 0x000002022febb190
Event: 0.027 Thread 0x00000202109ef1b0 Thread added: 0x000002022febcf60
Event: 0.027 Thread 0x00000202109ef1b0 Thread added: 0x000002022febde10
Event: 0.027 Thread 0x00000202109ef1b0 Thread added: 0x000002022febe870
Event: 0.027 Thread 0x00000202109ef1b0 Thread added: 0x0000020275002990
Event: 0.027 Thread 0x00000202109ef1b0 Thread added: 0x00000202750171d0
Event: 0.027 Thread 0x00000202109ef1b0 Thread added: 0x000002027503a0a0
Event: 0.043 Thread 0x00000202109ef1b0 Thread added: 0x0000020275136190
Event: 0.093 Thread 0x00000202750171d0 Thread added: 0x0000020275411740
Event: 0.196 Thread 0x00000202109ef1b0 Thread added: 0x0000020275872b00
Event: 0.459 Thread 0x0000020275411740 Thread added: 0x000002027611ba00
Event: 0.494 Thread 0x00000202109ef1b0 Thread added: 0x0000020276171fb0
Event: 0.612 Thread 0x00000202109ef1b0 Thread added: 0x000002027650ec90


Dynamic libraries:
0x00007ff6f63b0000 - 0x00007ff6f63c0000 	C:\Program Files\Java\jdk-23\bin\java.exe
0x00007ff8ddbb0000 - 0x00007ff8ddd9d000 	C:\Windows\SYSTEM32\ntdll.dll
0x00007ff8dd060000 - 0x00007ff8dd113000 	C:\Windows\System32\KERNEL32.DLL
0x00007ff8da060000 - 0x00007ff8da2f5000 	C:\Windows\System32\KERNELBASE.dll
0x00007ff8da4d0000 - 0x00007ff8da5ca000 	C:\Windows\System32\ucrtbase.dll
0x00007ff8d2fd0000 - 0x00007ff8d2fe7000 	C:\Program Files\Java\jdk-23\bin\jli.dll
0x00007ff8cfa60000 - 0x00007ff8cfa7b000 	C:\Program Files\Java\jdk-23\bin\VCRUNTIME140.dll
0x00007ff8dca80000 - 0x00007ff8dcc17000 	C:\Windows\System32\USER32.dll
0x00007ff8da4b0000 - 0x00007ff8da4d0000 	C:\Windows\System32\win32u.dll
0x00007ff8dc870000 - 0x00007ff8dc899000 	C:\Windows\System32\GDI32.dll
0x00007ff8c6f30000 - 0x00007ff8c71a9000 	C:\Windows\WinSxS\amd64_microsoft.windows.common-controls_6595b64144ccf1df_6.0.17763.1339_none_de7015e4534c7114\COMCTL32.dll
0x00007ff8d9c90000 - 0x00007ff8d9e2b000 	C:\Windows\System32\gdi32full.dll
0x00007ff8dad30000 - 0x00007ff8dadd0000 	C:\Windows\System32\msvcp_win.dll
0x00007ff8dae00000 - 0x00007ff8dae9e000 	C:\Windows\System32\msvcrt.dll
0x00007ff8dcc20000 - 0x00007ff8dcf4c000 	C:\Windows\System32\combase.dll
0x00007ff8dc610000 - 0x00007ff8dc732000 	C:\Windows\System32\RPCRT4.dll
0x00007ff8da300000 - 0x00007ff8da37e000 	C:\Windows\System32\bcryptPrimitives.dll
0x00007ff8dc8a0000 - 0x00007ff8dc8ce000 	C:\Windows\System32\IMM32.DLL
0x00007ff8d3cb0000 - 0x00007ff8d3cbc000 	C:\Program Files\Java\jdk-23\bin\vcruntime140_1.dll
0x00007ff8aabf0000 - 0x00007ff8aac7e000 	C:\Program Files\Java\jdk-23\bin\msvcp140.dll
0x00007ff8782f0000 - 0x00007ff87903f000 	C:\Program Files\Java\jdk-23\bin\server\jvm.dll
0x00007ff8dcf50000 - 0x00007ff8dcff3000 	C:\Windows\System32\ADVAPI32.dll
0x00007ff8dc750000 - 0x00007ff8dc7ee000 	C:\Windows\System32\sechost.dll
0x00007ff8d9c10000 - 0x00007ff8d9c6d000 	C:\Windows\System32\POWRPROF.dll
0x00007ff8dc7f0000 - 0x00007ff8dc85d000 	C:\Windows\System32\WS2_32.dll
0x00007ff8d4c20000 - 0x00007ff8d4c2a000 	C:\Windows\SYSTEM32\VERSION.dll
0x00007ff8d7d80000 - 0x00007ff8d7da4000 	C:\Windows\SYSTEM32\WINMM.dll
0x00007ff8d7b20000 - 0x00007ff8d7b4d000 	C:\Windows\SYSTEM32\winmmbase.dll
0x00007ff8da010000 - 0x00007ff8da05a000 	C:\Windows\System32\cfgmgr32.dll
0x00007ff8d9c70000 - 0x00007ff8d9c81000 	C:\Windows\System32\kernel.appcore.dll
0x00007ff8d35b0000 - 0x00007ff8d35ba000 	C:\Program Files\Java\jdk-23\bin\jimage.dll
0x00007ff8c71b0000 - 0x00007ff8c739d000 	C:\Windows\SYSTEM32\DBGHELP.DLL
0x00007ff8c9270000 - 0x00007ff8c929a000 	C:\Windows\SYSTEM32\dbgcore.DLL
0x00007ff8cc040000 - 0x00007ff8cc04f000 	C:\Program Files\Java\jdk-23\bin\instrument.dll
0x00007ff8cc290000 - 0x00007ff8cc2ae000 	C:\Program Files\Java\jdk-23\bin\java.dll
0x00007ff8dda50000 - 0x00007ff8ddba5000 	C:\Windows\System32\ole32.dll
0x00007ff8db030000 - 0x00007ff8dc528000 	C:\Windows\System32\SHELL32.dll
0x00007ff8dd250000 - 0x00007ff8dd2f9000 	C:\Windows\System32\shcore.dll
0x00007ff8da5d0000 - 0x00007ff8dad24000 	C:\Windows\System32\windows.storage.dll
0x00007ff8d9be0000 - 0x00007ff8d9c04000 	C:\Windows\System32\profapi.dll
0x00007ff8dafd0000 - 0x00007ff8db022000 	C:\Windows\System32\shlwapi.dll
0x00007ff8da3e0000 - 0x00007ff8da3f7000 	C:\Windows\System32\cryptsp.dll
0x00007ff8aa970000 - 0x00007ff8aaa47000 	C:\Program Files\Java\jdk-23\bin\jsvml.dll
0x00007ff8cc1b0000 - 0x00007ff8cc1c7000 	C:\Program Files\Java\jdk-23\bin\zip.dll
0x00007ff8d2d60000 - 0x00007ff8d2d70000 	C:\Program Files\Java\jdk-23\bin\net.dll
0x00007ff8d93c0000 - 0x00007ff8d9427000 	C:\Windows\system32\mswsock.dll
0x00007ff8cc1d0000 - 0x00007ff8cc1e6000 	C:\Program Files\Java\jdk-23\bin\nio.dll
0x00007ff8cc050000 - 0x00007ff8cc060000 	C:\Program Files\Java\jdk-23\bin\verify.dll
0x00007ff8cc030000 - 0x00007ff8cc03a000 	C:\Program Files\Java\jdk-23\bin\management.dll
0x00007ff8cbff0000 - 0x00007ff8cbffb000 	C:\Program Files\Java\jdk-23\bin\management_ext.dll
0x00007ff8dc740000 - 0x00007ff8dc748000 	C:\Windows\System32\PSAPI.DLL
0x00007ff8d8f40000 - 0x00007ff8d8f73000 	C:\Windows\system32\rsaenh.dll
0x00007ff8dadd0000 - 0x00007ff8dadf6000 	C:\Windows\System32\bcrypt.dll
0x00007ff8d9af0000 - 0x00007ff8d9b18000 	C:\Windows\SYSTEM32\USERENV.dll
0x00007ff8d9590000 - 0x00007ff8d959c000 	C:\Windows\SYSTEM32\CRYPTBASE.dll
0x00007ff8d90e0000 - 0x00007ff8d911d000 	C:\Windows\SYSTEM32\IPHLPAPI.DLL
0x00007ff8dda40000 - 0x00007ff8dda48000 	C:\Windows\System32\NSI.dll

dbghelp: loaded successfully - version: 4.0.5 - missing functions: none
symbol engine: initialized successfully - sym options: 0x614 - pdb path: .;C:\Program Files\Java\jdk-23\bin;C:\Windows\SYSTEM32;C:\Windows\WinSxS\amd64_microsoft.windows.common-controls_6595b64144ccf1df_6.0.17763.1339_none_de7015e4534c7114;C:\Program Files\Java\jdk-23\bin\server

VM Arguments:
jvm_args: -javaagent:C:\Users\rickc\.m2\repository/org/aspectj/aspectjweaver/1.9.22.1/aspectjweaver-1.9.22.1.jar 
java_command: C:\Temp\surefire1556427119413125192\surefirebooter3208666262690386947.jar C:\Temp\surefire1556427119413125192 2025-02-11T14-07-57_386-jvmRun1 surefire18118764131301364870tmp surefire_010765321310117455879tmp
java_class_path (initial): C:\Temp\surefire1556427119413125192\surefirebooter3208666262690386947.jar
Launcher Type: SUN_STANDARD

[Global flags]
     intx CICompilerCount                          = 4                                         {product} {ergonomic}
     uint ConcGCThreads                            = 2                                         {product} {ergonomic}
     uint G1ConcRefinementThreads                  = 8                                         {product} {ergonomic}
   size_t G1HeapRegionSize                         = 2097152                                   {product} {ergonomic}
   size_t InitialHeapSize                          = 268435456                                 {product} {ergonomic}
   size_t MarkStackSize                            = 4194304                                   {product} {ergonomic}
   size_t MarkStackSizeMax                         = 536870912                                 {product} {ergonomic}
   size_t MaxHeapSize                              = 4276092928                                {product} {ergonomic}
   size_t MaxNewSize                               = 2564816896                                {product} {ergonomic}
   size_t MinHeapDeltaBytes                        = 2097152                                   {product} {ergonomic}
   size_t MinHeapSize                              = 8388608                                   {product} {ergonomic}
    uintx NonNMethodCodeHeapSize                   = 5832704                                {pd product} {ergonomic}
    uintx NonProfiledCodeHeapSize                  = 122945536                              {pd product} {ergonomic}
    uintx ProfiledCodeHeapSize                     = 122880000                              {pd product} {ergonomic}
    uintx ReservedCodeCacheSize                    = 251658240                              {pd product} {ergonomic}
     bool SegmentedCodeCache                       = true                                      {product} {ergonomic}
   size_t SoftMaxHeapSize                          = 4276092928                             {manageable} {ergonomic}
     bool UseCompressedOops                        = true                           {product lp64_product} {ergonomic}
     bool UseG1GC                                  = true                                      {product} {ergonomic}
     bool UseLargePagesIndividualAllocation        = false                                  {pd product} {ergonomic}

Logging:
Log output configuration:
 #0: stdout all=warning uptime,level,tags foldmultilines=false
 #1: stderr all=off uptime,level,tags foldmultilines=false

Environment Variables:
JAVA_HOME=C:\Program Files\Java\jdk-23
PATH=C:\Program Files\Eclipse Adoptium\jdk-21.0.5.11-hotspot\bin;C:\Program Files\Common Files\Oracle\Java\javapath;C:\Windows\system32;C:\Windows;C:\Windows\System32\Wbem;C:\Windows\System32\WindowsPowerShell\v1.0\;C:\Program Files\NVIDIA Corporation\NVIDIA NvDLISR;C:\Program Files\Git\cmd;C:\Program Files (x86)\dotnet\;C:\MAMP\bin\php\php8.2.14;C:\ProgramData\ComposerSetup\bin;C:\Program Files\Java\jdk-23\bin;C:\Program Files\apache-maven-3.9.9\bin;C:\Users\rick\AppData\Local\Android\Sdk\emulator;C:\Users\rick\AppData\Local\Android\Sdk\platform-tools;C:\Users\rickc\AppData\Roaming\npm\node_modules;C:\Program Files\nodejs\;C:\Users\rickc\Downloads\apache-jmeter-5.6.3\apache-jmeter-5.6.3\bin;C:\Program Files\dotnet\;C:\Users\rickc\AppData\Local\Microsoft\WindowsApps;C:\Program Files\JetBrains\IntelliJ IDEA Community Edition 2024.3.1.1\bin;;C:\Users\rickc\Downloads\allure-2.32.0\allure-2.32.0\bin;C:\Users\rickc\AppData\Local\Android\Sdk\platform-tools;C:\Users\rickc\AppData\Local\Android\Sdk\emulator;C:\Users\rickc\AppData\Roaming\npm\node_modules;C:\Users\rickc\AppData\Roaming\npm;C:\Program Files (x86)\BrowserStackLocal\;C:\Users\rickc\AppData\Local\Programs\Microsoft VS Code\bin
USERNAME=rickc
OS=Windows_NT
PROCESSOR_IDENTIFIER=Intel64 Family 6 Model 158 Stepping 13, GenuineIntel
TMP=C:\Temp
TEMP=C:\Temp




Periodic native trim disabled

---------------  S Y S T E M  ---------------

OS:
 Windows 10 , 64 bit Build 17763 (10.0.17763.1339)
OS uptime: 3 days 0:27 hours

CPU: total 8 (initial active 8) (4 cores per cpu, 2 threads per core) family 6 model 158 stepping 13 microcode 0xde, cx8, cmov, fxsr, ht, mmx, 3dnowpref, sse, sse2, sse3, ssse3, sse4.1, sse4.2, popcnt, lzcnt, tsc, tscinvbit, avx, avx2, aes, erms, clmul, bmi1, bmi2, adx, fma, vzeroupper, clflush, clflushopt, rdtscp, f16c
Processor Information for the first 8 processors :
  Max Mhz: 2400, Current Mhz: 2400, Mhz Limit: 2400

Memory: 4k page, system-wide physical 16304M (2154M free)
TotalPageFile size 18352M (AvailPageFile size 21M)
current process WorkingSet (physical memory assigned to process): 189M, peak: 189M
current process commit charge ("private bytes"): 403M, peak: 403M

vm_info: Java HotSpot(TM) 64-Bit Server VM (23.0.1+11-39) for windows-amd64 JRE (23.0.1+11-39), built on 2024-09-30T07:20:43Z with MS VC++ 17.6 (VS2022)

END.
