#
# There is insufficient memory for the Java Runtime Environment to continue.
# Native memory allocation (malloc) failed to allocate 2131728 bytes. Error detail: Chunk::new
# Possible reasons:
#   The system is out of physical RAM or swap space
#   This process is running with CompressedOops enabled, and the Java Heap may be blocking the growth of the native heap
# Possible solutions:
#   Reduce memory load on the system
#   Increase physical memory or swap space
#   Check if swap backing store is full
#   Decrease Java heap size (-Xmx/-Xms)
#   Decrease number of Java threads
#   Decrease Java thread stack sizes (-Xss)
#   Set larger code cache with -XX:ReservedCodeCacheSize=
#   JVM is running with Zero Based Compressed Oops mode in which the Java heap is
#     placed in the first 32GB address space. The Java Heap base address is the
#     maximum limit for the native heap growth. Please use -XX:HeapBaseMinAddress
#     to set the Java Heap base and to place the Java Heap above 32GB virtual address.
# This output file may be truncated or incomplete.
#
#  Out of Memory Error (arena.cpp:149), pid=5964, tid=12396
#
# JRE version: Java(TM) SE Runtime Environment (23.0.1+11) (build 23.0.1+11-39)
# Java VM: Java HotSpot(TM) 64-Bit Server VM (23.0.1+11-39, mixed mode, sharing, tiered, compressed oops, compressed class ptrs, g1 gc, windows-amd64)
# No core dump will be written. Minidumps are not enabled by default on client versions of Windows
#

---------------  S U M M A R Y ------------

Command Line: -Dclassworlds.conf=C:\Program Files\apache-maven-3.9.9\bin\m2.conf -Dmaven.home=C:\Program Files\apache-maven-3.9.9 -Dlibrary.jansi.path=C:\Program Files\apache-maven-3.9.9\lib\jansi-native -Dmaven.multiModuleProjectDirectory=C:\Users\rickc\projects\RevHero org.codehaus.plexus.classworlds.launcher.Launcher clean install

Host: Intel(R) Core(TM) i5-9300HF CPU @ 2.40GHz, 8 cores, 15G,  Windows 10 , 64 bit Build 17763 (10.0.17763.1339)
Time: Tue Feb 11 13:40:38 2025 RTZ 2 (зима) elapsed time: 12.602153 seconds (0d 0h 0m 12s)

---------------  T H R E A D  ---------------

Current thread (0x0000023c45f580f0):  JavaThread "C2 CompilerThread1" daemon [_thread_in_native, id=12396, stack(0x000000b391100000,0x000000b391200000) (1024K)]


Current CompileTask:
C2:12602 8251       4       org.apache.maven.model.inheritance.DefaultInheritanceAssembler$InheritanceModelMerger::mergePluginContainer_Plugins (433 bytes)

Stack: [0x000000b391100000,0x000000b391200000]
Native frames: (J=compiled Java code, j=interpreted, Vv=VM code, C=native code)
V  [jvm.dll+0x6e08b9]  (no source info available)
V  [jvm.dll+0x87dc83]  (no source info available)
V  [jvm.dll+0x88010e]  (no source info available)
V  [jvm.dll+0x8807e3]  (no source info available)
V  [jvm.dll+0x27aee6]  (no source info available)
V  [jvm.dll+0xbc06f]  (no source info available)
V  [jvm.dll+0xbc2cb]  (no source info available)
V  [jvm.dll+0x3b3a9c]  (no source info available)
V  [jvm.dll+0x38a42b]  (no source info available)
V  [jvm.dll+0x38989a]  (no source info available)
V  [jvm.dll+0x244aa1]  (no source info available)
V  [jvm.dll+0x243dff]  (no source info available)
V  [jvm.dll+0x1c33a0]  (no source info available)
V  [jvm.dll+0x253cf1]  (no source info available)
V  [jvm.dll+0x251faa]  (no source info available)
V  [jvm.dll+0x3ee036]  (no source info available)
V  [jvm.dll+0x824f8b]  (no source info available)
V  [jvm.dll+0x6df065]  (no source info available)
C  [ucrtbase.dll+0x21ffa]  (no source info available)
C  [KERNEL32.DLL+0x17974]  (no source info available)
C  [ntdll.dll+0x6a271]  (no source info available)

Lock stack of current Java thread (top to bottom):


---------------  P R O C E S S  ---------------

Threads class SMR info:
_java_thread_list=0x0000023c6a6e3170, length=24, elements={
0x0000023c48880060, 0x0000023c6a085460, 0x0000023c6a086380, 0x0000023c6a089090,
0x0000023c6a08be80, 0x0000023c6a08c8e0, 0x0000023c6a08dae0, 0x0000023c6a092510,
0x0000023c6a094fe0, 0x0000023c451d0d90, 0x0000023c451d9df0, 0x0000023c45f580f0,
0x0000023c463c1810, 0x0000023c45df7ed0, 0x0000023c4673a110, 0x0000023c4673bb50,
0x0000023c4673a7a0, 0x0000023c4673b4c0, 0x0000023c467393f0, 0x0000023c4673c1e0,
0x0000023c4673ae30, 0x0000023c46738d60, 0x0000023c46739a80, 0x0000023c476b9db0
}

Java Threads: ( => current thread )
  0x0000023c48880060 JavaThread "main"                              [_thread_in_native, id=10368, stack(0x000000b38ff00000,0x000000b390000000) (1024K)]
  0x0000023c6a085460 JavaThread "Reference Handler"          daemon [_thread_blocked, id=3188, stack(0x000000b390700000,0x000000b390800000) (1024K)]
  0x0000023c6a086380 JavaThread "Finalizer"                  daemon [_thread_blocked, id=9408, stack(0x000000b390800000,0x000000b390900000) (1024K)]
  0x0000023c6a089090 JavaThread "Signal Dispatcher"          daemon [_thread_blocked, id=12052, stack(0x000000b390900000,0x000000b390a00000) (1024K)]
  0x0000023c6a08be80 JavaThread "Attach Listener"            daemon [_thread_blocked, id=12348, stack(0x000000b390a00000,0x000000b390b00000) (1024K)]
  0x0000023c6a08c8e0 JavaThread "Service Thread"             daemon [_thread_blocked, id=7712, stack(0x000000b390b00000,0x000000b390c00000) (1024K)]
  0x0000023c6a08dae0 JavaThread "Monitor Deflation Thread"   daemon [_thread_blocked, id=8816, stack(0x000000b390c00000,0x000000b390d00000) (1024K)]
  0x0000023c6a092510 JavaThread "C2 CompilerThread0"         daemon [_thread_blocked, id=3168, stack(0x000000b390d00000,0x000000b390e00000) (1024K)]
  0x0000023c6a094fe0 JavaThread "C1 CompilerThread0"         daemon [_thread_blocked, id=11320, stack(0x000000b390e00000,0x000000b390f00000) (1024K)]
  0x0000023c451d0d90 JavaThread "Notification Thread"        daemon [_thread_blocked, id=4728, stack(0x000000b390f00000,0x000000b391000000) (1024K)]
  0x0000023c451d9df0 JavaThread "Common-Cleaner"             daemon [_thread_blocked, id=11368, stack(0x000000b391000000,0x000000b391100000) (1024K)]
=>0x0000023c45f580f0 JavaThread "C2 CompilerThread1"         daemon [_thread_in_native, id=12396, stack(0x000000b391100000,0x000000b391200000) (1024K)]
  0x0000023c463c1810 JavaThread "Thread-1"                   daemon [_thread_blocked, id=8560, stack(0x000000b391a00000,0x000000b391b00000) (1024K)]
  0x0000023c45df7ed0 JavaThread "resolver-1"                 daemon [_thread_blocked, id=8984, stack(0x000000b391c00000,0x000000b391d00000) (1024K)]
  0x0000023c4673a110 JavaThread "resolver-2"                 daemon [_thread_blocked, id=5508, stack(0x000000b391d00000,0x000000b391e00000) (1024K)]
  0x0000023c4673bb50 JavaThread "resolver-3"                 daemon [_thread_blocked, id=12044, stack(0x000000b391e00000,0x000000b391f00000) (1024K)]
  0x0000023c4673a7a0 JavaThread "resolver-4"                 daemon [_thread_blocked, id=5884, stack(0x000000b391f00000,0x000000b392000000) (1024K)]
  0x0000023c4673b4c0 JavaThread "resolver-5"                 daemon [_thread_blocked, id=11124, stack(0x000000b392000000,0x000000b392100000) (1024K)]
  0x0000023c467393f0 JavaThread "timeout-check-timer"        daemon [_thread_blocked, id=11328, stack(0x000000b392100000,0x000000b392200000) (1024K)]
  0x0000023c4673c1e0 JavaThread "ping-timer-10s"             daemon [_thread_blocked, id=12984, stack(0x000000b392200000,0x000000b392300000) (1024K)]
  0x0000023c4673ae30 JavaThread "ThreadedStreamConsumer"     daemon [_thread_blocked, id=6784, stack(0x000000b392300000,0x000000b392400000) (1024K)]
  0x0000023c46738d60 JavaThread "Thread-3"                          [_thread_blocked, id=8776, stack(0x000000b392400000,0x000000b392500000) (1024K)]
  0x0000023c46739a80 JavaThread "Thread-4"                          [_thread_in_native, id=7152, stack(0x000000b392500000,0x000000b392600000) (1024K)]
  0x0000023c476b9db0 JavaThread "Thread-5"                          [_thread_in_native, id=12324, stack(0x000000b392600000,0x000000b392700000) (1024K)]
Total: 24

Other Threads:
  0x0000023c6a069420 VMThread "VM Thread"                           [id=13044, stack(0x000000b390600000,0x000000b390700000) (1024K)]
  0x0000023c6a056410 WatcherThread "VM Periodic Task Thread"        [id=10352, stack(0x000000b390500000,0x000000b390600000) (1024K)]
  0x0000023c4ac5c200 WorkerThread "GC Thread#0"                     [id=9728, stack(0x000000b390000000,0x000000b390100000) (1024K)]
  0x0000023c46164900 WorkerThread "GC Thread#1"                     [id=10788, stack(0x000000b391300000,0x000000b391400000) (1024K)]
  0x0000023c462b3040 WorkerThread "GC Thread#2"                     [id=2788, stack(0x000000b391400000,0x000000b391500000) (1024K)]
  0x0000023c462b33f0 WorkerThread "GC Thread#3"                     [id=12960, stack(0x000000b391500000,0x000000b391600000) (1024K)]
  0x0000023c462b37a0 WorkerThread "GC Thread#4"                     [id=6656, stack(0x000000b391600000,0x000000b391700000) (1024K)]
  0x0000023c462b3b50 WorkerThread "GC Thread#5"                     [id=696, stack(0x000000b391700000,0x000000b391800000) (1024K)]
  0x0000023c463e8df0 WorkerThread "GC Thread#6"                     [id=7800, stack(0x000000b391800000,0x000000b391900000) (1024K)]
  0x0000023c463e91a0 WorkerThread "GC Thread#7"                     [id=10084, stack(0x000000b391900000,0x000000b391a00000) (1024K)]
  0x0000023c4ac70fe0 ConcurrentGCThread "G1 Main Marker"            [id=11924, stack(0x000000b390100000,0x000000b390200000) (1024K)]
  0x0000023c4ac71c50 WorkerThread "G1 Conc#0"                       [id=552, stack(0x000000b390200000,0x000000b390300000) (1024K)]
  0x0000023c46b28b50 WorkerThread "G1 Conc#1"                       [id=13248, stack(0x000000b391b00000,0x000000b391c00000) (1024K)]
  0x0000023c69f1aa50 ConcurrentGCThread "G1 Refine#0"               [id=5368, stack(0x000000b390300000,0x000000b390400000) (1024K)]
  0x0000023c69f1b4e0 ConcurrentGCThread "G1 Service"                [id=12624, stack(0x000000b390400000,0x000000b390500000) (1024K)]
Total: 15

Threads with active compile tasks:
C2 CompilerThread1  12702 8251       4       org.apache.maven.model.inheritance.DefaultInheritanceAssembler$InheritanceModelMerger::mergePluginContainer_Plugins (433 bytes)
Total: 1

VM state: not at safepoint (normal execution)

VM Mutex/Monitor currently owned by a thread: None

Heap address: 0x0000000701200000, size: 4078 MB, Compressed Oops mode: Zero based, Oop shift amount: 3

CDS archive(s) mapped at: [0x0000023c00000000-0x0000023c00d70000-0x0000023c00d70000), size 14090240, SharedBaseAddress: 0x0000023c00000000, ArchiveRelocationMode: 1.
Compressed class space mapped at: 0x0000023c01000000-0x0000023c41000000, reserved size: 1073741824
Narrow klass base: 0x0000023c00000000, Narrow klass shift: 0, Narrow klass range: 0x41000000

GC Precious Log:
 CardTable entry size: 512
 Card Set container configuration: InlinePtr #cards 4 size 8 Array Of Cards #cards 16 size 48 Howl #buckets 8 coarsen threshold 3686 Howl Bitmap #cards 512 size 80 coarsen threshold 460 Card regions per heap region 1 cards per card region 4096
 CPUs: 8 total, 8 available
 Memory: 16304M
 Large Page Support: Disabled
 NUMA Support: Disabled
 Compressed Oops: Enabled (Zero based)
 Heap Region Size: 2M
 Heap Min Capacity: 8M
 Heap Initial Capacity: 256M
 Heap Max Capacity: 4078M
 Pre-touch: Disabled
 Parallel Workers: 8
 Concurrent Workers: 2
 Concurrent Refinement Workers: 8
 Periodic GC: Disabled

Heap:
 garbage-first heap   total reserved 4175872K, committed 108544K, used 54579K [0x0000000701200000, 0x0000000800000000)
  region size 2048K, 7 young (14336K), 2 survivors (4096K)
 Metaspace       used 31711K, committed 32064K, reserved 1114112K
  class space    used 3631K, committed 3776K, reserved 1048576K

Heap Regions: E=young(eden), S=young(survivor), O=old, HS=humongous(starts), HC=humongous(continues), CS=collection set, F=free, TAMS=top-at-mark-start, PB=parsable bottom
|   0|0x0000000701200000, 0x0000000701400000, 0x0000000701400000|100%| O|  |TAMS 0x0000000701200000| PB 0x0000000701200000| Untracked |  0
|   1|0x0000000701400000, 0x0000000701600000, 0x0000000701600000|100%| O|  |TAMS 0x0000000701400000| PB 0x0000000701400000| Untracked |  0
|   2|0x0000000701600000, 0x0000000701800000, 0x0000000701800000|100%| O|  |TAMS 0x0000000701600000| PB 0x0000000701600000| Untracked |  0
|   3|0x0000000701800000, 0x0000000701a00000, 0x0000000701a00000|100%| O|  |TAMS 0x0000000701800000| PB 0x0000000701800000| Untracked |  0
|   4|0x0000000701a00000, 0x0000000701bc4570, 0x0000000701c00000| 88%| O|  |TAMS 0x0000000701a00000| PB 0x0000000701a00000| Untracked |  0
|   5|0x0000000701c00000, 0x0000000701c00000, 0x0000000701e00000|  0%| F|  |TAMS 0x0000000701c00000| PB 0x0000000701c00000| Untracked |  0
|   6|0x0000000701e00000, 0x0000000701e00000, 0x0000000702000000|  0%| F|  |TAMS 0x0000000701e00000| PB 0x0000000701e00000| Untracked |  0
|   7|0x0000000702000000, 0x0000000702200000, 0x0000000702200000|100%| O|  |TAMS 0x0000000702000000| PB 0x0000000702000000| Untracked |  0
|   8|0x0000000702200000, 0x0000000702400000, 0x0000000702400000|100%| O|  |TAMS 0x0000000702200000| PB 0x0000000702200000| Untracked |  0
|   9|0x0000000702400000, 0x0000000702600000, 0x0000000702600000|100%| O|  |TAMS 0x0000000702400000| PB 0x0000000702400000| Untracked |  0
|  10|0x0000000702600000, 0x0000000702800000, 0x0000000702800000|100%| O|  |TAMS 0x0000000702600000| PB 0x0000000702600000| Untracked |  0
|  11|0x0000000702800000, 0x0000000702a00000, 0x0000000702a00000|100%| O|  |TAMS 0x0000000702800000| PB 0x0000000702800000| Untracked |  0
|  12|0x0000000702a00000, 0x0000000702c00000, 0x0000000702c00000|100%| O|  |TAMS 0x0000000702a00000| PB 0x0000000702a00000| Untracked |  0
|  13|0x0000000702c00000, 0x0000000702e00000, 0x0000000702e00000|100%| O|  |TAMS 0x0000000702c00000| PB 0x0000000702c00000| Untracked |  0
|  14|0x0000000702e00000, 0x0000000703000000, 0x0000000703000000|100%| O|  |TAMS 0x0000000702e00000| PB 0x0000000702e00000| Untracked |  0
|  15|0x0000000703000000, 0x0000000703200000, 0x0000000703200000|100%| O|  |TAMS 0x0000000703000000| PB 0x0000000703000000| Untracked |  0
|  16|0x0000000703200000, 0x0000000703400000, 0x0000000703400000|100%| O|  |TAMS 0x0000000703200000| PB 0x0000000703200000| Untracked |  0
|  17|0x0000000703400000, 0x0000000703400000, 0x0000000703600000|  0%| F|  |TAMS 0x0000000703400000| PB 0x0000000703400000| Untracked |  0
|  18|0x0000000703600000, 0x0000000703800000, 0x0000000703800000|100%| O|  |TAMS 0x0000000703600000| PB 0x0000000703600000| Untracked |  0
|  19|0x0000000703800000, 0x0000000703a00000, 0x0000000703a00000|100%| O|  |TAMS 0x0000000703800000| PB 0x0000000703800000| Untracked |  0
|  20|0x0000000703a00000, 0x0000000703c00000, 0x0000000703c00000|100%| O|  |TAMS 0x0000000703a00000| PB 0x0000000703a00000| Untracked |  0
|  21|0x0000000703c00000, 0x0000000703e00000, 0x0000000703e00000|100%| O|  |TAMS 0x0000000703c00000| PB 0x0000000703c00000| Untracked |  0
|  22|0x0000000703e00000, 0x0000000703f88968, 0x0000000704000000| 76%| O|  |TAMS 0x0000000703e00000| PB 0x0000000703e00000| Untracked |  0
|  23|0x0000000704000000, 0x0000000704000000, 0x0000000704200000|  0%| F|  |TAMS 0x0000000704000000| PB 0x0000000704000000| Untracked |  0
|  24|0x0000000704200000, 0x0000000704200000, 0x0000000704400000|  0%| F|  |TAMS 0x0000000704200000| PB 0x0000000704200000| Untracked |  0
|  25|0x0000000704400000, 0x0000000704400000, 0x0000000704600000|  0%| F|  |TAMS 0x0000000704400000| PB 0x0000000704400000| Untracked |  0
|  26|0x0000000704600000, 0x0000000704600000, 0x0000000704800000|  0%| F|  |TAMS 0x0000000704600000| PB 0x0000000704600000| Untracked |  0
|  27|0x0000000704800000, 0x0000000704800000, 0x0000000704a00000|  0%| F|  |TAMS 0x0000000704800000| PB 0x0000000704800000| Untracked |  0
|  28|0x0000000704a00000, 0x0000000704a00000, 0x0000000704c00000|  0%| F|  |TAMS 0x0000000704a00000| PB 0x0000000704a00000| Untracked |  0
|  29|0x0000000704c00000, 0x0000000704c00000, 0x0000000704e00000|  0%| F|  |TAMS 0x0000000704c00000| PB 0x0000000704c00000| Untracked |  0
|  30|0x0000000704e00000, 0x0000000704e00000, 0x0000000705000000|  0%| F|  |TAMS 0x0000000704e00000| PB 0x0000000704e00000| Untracked |  0
|  31|0x0000000705000000, 0x0000000705000000, 0x0000000705200000|  0%| F|  |TAMS 0x0000000705000000| PB 0x0000000705000000| Untracked |  0
|  32|0x0000000705200000, 0x0000000705400000, 0x0000000705400000|100%| S|CS|TAMS 0x0000000705200000| PB 0x0000000705200000| Complete |  0
|  33|0x0000000705400000, 0x00000007055ffff8, 0x0000000705600000| 99%| S|CS|TAMS 0x0000000705400000| PB 0x0000000705400000| Complete |  0
|  34|0x0000000705600000, 0x0000000705600000, 0x0000000705800000|  0%| F|  |TAMS 0x0000000705600000| PB 0x0000000705600000| Untracked |  0
|  35|0x0000000705800000, 0x0000000705800000, 0x0000000705a00000|  0%| F|  |TAMS 0x0000000705800000| PB 0x0000000705800000| Untracked |  0
|  36|0x0000000705a00000, 0x0000000705a00000, 0x0000000705c00000|  0%| F|  |TAMS 0x0000000705a00000| PB 0x0000000705a00000| Untracked |  0
|  37|0x0000000705c00000, 0x0000000705c00000, 0x0000000705e00000|  0%| F|  |TAMS 0x0000000705c00000| PB 0x0000000705c00000| Untracked |  0
|  38|0x0000000705e00000, 0x0000000705e00000, 0x0000000706000000|  0%| F|  |TAMS 0x0000000705e00000| PB 0x0000000705e00000| Untracked |  0
|  39|0x0000000706000000, 0x0000000706000000, 0x0000000706200000|  0%| F|  |TAMS 0x0000000706000000| PB 0x0000000706000000| Untracked |  0
|  40|0x0000000706200000, 0x0000000706200000, 0x0000000706400000|  0%| F|  |TAMS 0x0000000706200000| PB 0x0000000706200000| Untracked |  0
|  41|0x0000000706400000, 0x0000000706400000, 0x0000000706600000|  0%| F|  |TAMS 0x0000000706400000| PB 0x0000000706400000| Untracked |  0
|  42|0x0000000706600000, 0x0000000706600000, 0x0000000706800000|  0%| F|  |TAMS 0x0000000706600000| PB 0x0000000706600000| Untracked |  0
|  43|0x0000000706800000, 0x0000000706800000, 0x0000000706a00000|  0%| F|  |TAMS 0x0000000706800000| PB 0x0000000706800000| Untracked |  0
|  44|0x0000000706a00000, 0x0000000706a00000, 0x0000000706c00000|  0%| F|  |TAMS 0x0000000706a00000| PB 0x0000000706a00000| Untracked |  0
|  45|0x0000000706c00000, 0x0000000706c00000, 0x0000000706e00000|  0%| F|  |TAMS 0x0000000706c00000| PB 0x0000000706c00000| Untracked |  0
|  46|0x0000000706e00000, 0x0000000706e00000, 0x0000000707000000|  0%| F|  |TAMS 0x0000000706e00000| PB 0x0000000706e00000| Untracked |  0
|  47|0x0000000707000000, 0x0000000707200000, 0x0000000707200000|100%| E|  |TAMS 0x0000000707000000| PB 0x0000000707000000| Complete |  0
| 118|0x000000070fe00000, 0x0000000710000000, 0x0000000710000000|100%| E|CS|TAMS 0x000000070fe00000| PB 0x000000070fe00000| Complete |  0
| 119|0x0000000710000000, 0x0000000710200000, 0x0000000710200000|100%| E|CS|TAMS 0x0000000710000000| PB 0x0000000710000000| Complete |  0
| 120|0x0000000710200000, 0x0000000710400000, 0x0000000710400000|100%| E|CS|TAMS 0x0000000710200000| PB 0x0000000710200000| Complete |  0
| 127|0x0000000711000000, 0x0000000711200000, 0x0000000711200000|100%| E|CS|TAMS 0x0000000711000000| PB 0x0000000711000000| Complete |  0
|2038|0x00000007ffe00000, 0x0000000800000000, 0x0000000800000000|100%| O|  |TAMS 0x00000007ffe00000| PB 0x00000007ffe00000| Untracked |  0

Card table byte_map: [0x0000023c62e60000,0x0000023c63660000] _byte_map_base: 0x0000023c5f657000

Marking Bits: (CMBitMap*) 0x0000023c4ac5c820
 Bits: [0x0000023c63660000, 0x0000023c67618000)

Polling page: 0x0000023c48840000

Metaspace:

Usage:
  Non-class:     27.42 MB used.
      Class:      3.55 MB used.
       Both:     30.97 MB used.

Virtual space:
  Non-class space:       64.00 MB reserved,      27.63 MB ( 43%) committed,  1 nodes.
      Class space:        1.00 GB reserved,       3.69 MB ( <1%) committed,  1 nodes.
             Both:        1.06 GB reserved,      31.31 MB (  3%) committed. 

Chunk freelists:
   Non-Class:  4.19 MB
       Class:  12.14 MB
        Both:  16.33 MB

MaxMetaspaceSize: unlimited
CompressedClassSpaceSize: 1.00 GB
Initial GC threshold: 21.00 MB
Current GC threshold: 48.38 MB
CDS: on
 - commit_granule_bytes: 65536.
 - commit_granule_words: 8192.
 - virtual_space_node_default_size: 8388608.
 - enlarge_chunks_in_place: 1.
 - use_allocation_guard: 0.


Internal statistics:

num_allocs_failed_limit: 3.
num_arena_births: 350.
num_arena_deaths: 0.
num_vsnodes_births: 2.
num_vsnodes_deaths: 0.
num_space_committed: 501.
num_space_uncommitted: 0.
num_chunks_returned_to_freelist: 3.
num_chunks_taken_from_freelist: 1432.
num_chunk_merges: 3.
num_chunk_splits: 1026.
num_chunks_enlarged: 816.
num_inconsistent_stats: 0.

CodeHeap 'non-profiled nmethods': size=120064Kb used=3508Kb max_used=3508Kb free=116555Kb
 bounds [0x0000023c5adf0000, 0x0000023c5b160000, 0x0000023c62330000]
CodeHeap 'profiled nmethods': size=120000Kb used=13552Kb max_used=13552Kb free=106447Kb
 bounds [0x0000023c53330000, 0x0000023c54070000, 0x0000023c5a860000]
CodeHeap 'non-nmethods': size=5696Kb used=1506Kb max_used=1568Kb free=4189Kb
 bounds [0x0000023c5a860000, 0x0000023c5aad0000, 0x0000023c5adf0000]
CodeCache: size=245760Kb, used=18566Kb, max_used=18628Kb, free=227191Kb
 total_blobs=8375, nmethods=7784, adapters=495, full_count=0
Compilation: enabled, stopped_count=0, restarted_count=0

Compilation events (20 events):
Event: 11.534 Thread 0x0000023c6a094fe0 nmethod 8491 0x0000023c5b159808 code [0x0000023c5b159920, 0x0000023c5b1599e8]
Event: 11.534 Thread 0x0000023c6a094fe0 8492       1       sun.util.calendar.CalendarDate::getDayOfMonth (5 bytes)
Event: 11.534 Thread 0x0000023c6a094fe0 nmethod 8492 0x0000023c5b159b08 code [0x0000023c5b159c20, 0x0000023c5b159ce8]
Event: 11.534 Thread 0x0000023c6a094fe0 8495       3       java.util.GregorianCalendar::getWeekNumber (89 bytes)
Event: 11.534 Thread 0x0000023c6a094fe0 nmethod 8495 0x0000023c53585488 code [0x0000023c535855c0, 0x0000023c53585a10]
Event: 11.534 Thread 0x0000023c6a094fe0 8496       3       sun.util.calendar.BaseCalendar::getFixedDate (324 bytes)
Event: 11.536 Thread 0x0000023c6a094fe0 nmethod 8496 0x0000023c53583988 code [0x0000023c53583c20, 0x0000023c535853d0]
Event: 11.536 Thread 0x0000023c6a094fe0 8498   !   3       java.nio.charset.CharsetEncoder::encode (273 bytes)
Event: 11.536 Thread 0x0000023c6a094fe0 nmethod 8498 0x0000023c53582488 code [0x0000023c53582720, 0x0000023c535838c8]
Event: 11.537 Thread 0x0000023c6a094fe0 8494       1       sun.util.calendar.BaseCalendar$Date::getCachedJan1 (5 bytes)
Event: 11.537 Thread 0x0000023c6a094fe0 nmethod 8494 0x0000023c5b159e08 code [0x0000023c5b159f20, 0x0000023c5b159fe8]
Event: 11.633 Thread 0x0000023c6a092510 nmethod 8479 0x0000023c5b15a108 code [0x0000023c5b15a340, 0x0000023c5b15c0d0]
Event: 11.633 Thread 0x0000023c6a092510 8497       4       java.nio.CharBuffer::array (35 bytes)
Event: 11.633 Thread 0x0000023c6a092510 nmethod 8497 0x0000023c5b15c208 code [0x0000023c5b15c300, 0x0000023c5b15c3b8]
Event: 11.633 Thread 0x0000023c6a092510 8493       4       java.nio.Buffer::hasRemaining (17 bytes)
Event: 11.634 Thread 0x0000023c6a092510 nmethod 8493 0x0000023c5b15c508 code [0x0000023c5b15c600, 0x0000023c5b15c688]
Event: 11.634 Thread 0x0000023c6a092510 8483       4       java.util.Calendar::internalSet (8 bytes)
Event: 11.635 Thread 0x0000023c6a092510 nmethod 8483 0x0000023c5b15c808 code [0x0000023c5b15c900, 0x0000023c5b15c9c8]
Event: 11.708 Thread 0x0000023c6a094fe0 8499       1       java.util.concurrent.atomic.AtomicInteger::get (5 bytes)
Event: 11.708 Thread 0x0000023c6a094fe0 nmethod 8499 0x0000023c5b15cb08 code [0x0000023c5b15cc20, 0x0000023c5b15cce8]

GC Heap History (20 events):
Event: 3.772 GC heap before
{Heap before GC invocations=2 (full 0):
 garbage-first heap   total reserved 4175872K, committed 262144K, used 70487K [0x0000000701200000, 0x0000000800000000)
  region size 2048K, 33 young (67584K), 1 survivors (2048K)
 Metaspace       used 15955K, committed 16192K, reserved 1114112K
  class space    used 1949K, committed 2048K, reserved 1048576K
}
Event: 3.779 GC heap after
{Heap after GC invocations=3 (full 0):
 garbage-first heap   total reserved 4175872K, committed 262144K, used 10166K [0x0000000701200000, 0x0000000800000000)
  region size 2048K, 4 young (8192K), 4 survivors (8192K)
 Metaspace       used 15955K, committed 16192K, reserved 1114112K
  class space    used 1949K, committed 2048K, reserved 1048576K
}
Event: 5.205 GC heap before
{Heap before GC invocations=3 (full 0):
 garbage-first heap   total reserved 4175872K, committed 262144K, used 75702K [0x0000000701200000, 0x0000000800000000)
  region size 2048K, 36 young (73728K), 4 survivors (8192K)
 Metaspace       used 17619K, committed 17856K, reserved 1114112K
  class space    used 2087K, committed 2176K, reserved 1048576K
}
Event: 5.216 GC heap after
{Heap after GC invocations=4 (full 0):
 garbage-first heap   total reserved 4175872K, committed 262144K, used 14196K [0x0000000701200000, 0x0000000800000000)
  region size 2048K, 5 young (10240K), 5 survivors (10240K)
 Metaspace       used 17619K, committed 17856K, reserved 1114112K
  class space    used 2087K, committed 2176K, reserved 1048576K
}
Event: 5.762 GC heap before
{Heap before GC invocations=4 (full 0):
 garbage-first heap   total reserved 4175872K, committed 262144K, used 26484K [0x0000000701200000, 0x0000000800000000)
  region size 2048K, 12 young (24576K), 5 survivors (10240K)
 Metaspace       used 21192K, committed 21504K, reserved 1114112K
  class space    used 2554K, committed 2688K, reserved 1048576K
}
Event: 5.768 GC heap after
{Heap after GC invocations=5 (full 0):
 garbage-first heap   total reserved 4175872K, committed 262144K, used 14839K [0x0000000701200000, 0x0000000800000000)
  region size 2048K, 3 young (6144K), 3 survivors (6144K)
 Metaspace       used 21192K, committed 21504K, reserved 1114112K
  class space    used 2554K, committed 2688K, reserved 1048576K
}
Event: 7.241 GC heap before
{Heap before GC invocations=6 (full 0):
 garbage-first heap   total reserved 4175872K, committed 55296K, used 53751K [0x0000000701200000, 0x0000000800000000)
  region size 2048K, 22 young (45056K), 3 survivors (6144K)
 Metaspace       used 26383K, committed 26752K, reserved 1114112K
  class space    used 3130K, committed 3328K, reserved 1048576K
}
Event: 7.257 GC heap after
{Heap after GC invocations=7 (full 0):
 garbage-first heap   total reserved 4175872K, committed 73728K, used 28433K [0x0000000701200000, 0x0000000800000000)
  region size 2048K, 9 young (18432K), 9 survivors (18432K)
 Metaspace       used 26383K, committed 26752K, reserved 1114112K
  class space    used 3130K, committed 3328K, reserved 1048576K
}
Event: 7.619 GC heap before
{Heap before GC invocations=7 (full 0):
 garbage-first heap   total reserved 4175872K, committed 73728K, used 48913K [0x0000000701200000, 0x0000000800000000)
  region size 2048K, 19 young (38912K), 9 survivors (18432K)
 Metaspace       used 26681K, committed 27072K, reserved 1114112K
  class space    used 3152K, committed 3328K, reserved 1048576K
}
Event: 7.649 GC heap after
{Heap after GC invocations=8 (full 0):
 garbage-first heap   total reserved 4175872K, committed 73728K, used 30897K [0x0000000701200000, 0x0000000800000000)
  region size 2048K, 2 young (4096K), 2 survivors (4096K)
 Metaspace       used 26681K, committed 27072K, reserved 1114112K
  class space    used 3152K, committed 3328K, reserved 1048576K
}
Event: 8.481 GC heap before
{Heap before GC invocations=8 (full 0):
 garbage-first heap   total reserved 4175872K, committed 73728K, used 55473K [0x0000000701200000, 0x0000000800000000)
  region size 2048K, 15 young (30720K), 2 survivors (4096K)
 Metaspace       used 28637K, committed 29056K, reserved 1114112K
  class space    used 3384K, committed 3584K, reserved 1048576K
}
Event: 8.521 GC heap after
{Heap after GC invocations=9 (full 0):
 garbage-first heap   total reserved 4175872K, committed 73728K, used 35601K [0x0000000701200000, 0x0000000800000000)
  region size 2048K, 2 young (4096K), 2 survivors (4096K)
 Metaspace       used 28637K, committed 29056K, reserved 1114112K
  class space    used 3384K, committed 3584K, reserved 1048576K
}
Event: 9.368 GC heap before
{Heap before GC invocations=9 (full 0):
 garbage-first heap   total reserved 4175872K, committed 73728K, used 60177K [0x0000000701200000, 0x0000000800000000)
  region size 2048K, 14 young (28672K), 2 survivors (4096K)
 Metaspace       used 29201K, committed 29568K, reserved 1114112K
  class space    used 3417K, committed 3584K, reserved 1048576K
}
Event: 9.400 GC heap after
{Heap after GC invocations=10 (full 0):
 garbage-first heap   total reserved 4175872K, committed 73728K, used 38567K [0x0000000701200000, 0x0000000800000000)
  region size 2048K, 2 young (4096K), 2 survivors (4096K)
 Metaspace       used 29201K, committed 29568K, reserved 1114112K
  class space    used 3417K, committed 3584K, reserved 1048576K
}
Event: 9.717 GC heap before
{Heap before GC invocations=10 (full 0):
 garbage-first heap   total reserved 4175872K, committed 73728K, used 59047K [0x0000000701200000, 0x0000000800000000)
  region size 2048K, 13 young (26624K), 2 survivors (4096K)
 Metaspace       used 29274K, committed 29632K, reserved 1114112K
  class space    used 3417K, committed 3584K, reserved 1048576K
}
Event: 9.727 GC heap after
{Heap after GC invocations=11 (full 0):
 garbage-first heap   total reserved 4175872K, committed 108544K, used 48119K [0x0000000701200000, 0x0000000800000000)
  region size 2048K, 2 young (4096K), 2 survivors (4096K)
 Metaspace       used 29274K, committed 29632K, reserved 1114112K
  class space    used 3417K, committed 3584K, reserved 1048576K
}
Event: 10.367 GC heap before
{Heap before GC invocations=12 (full 0):
 garbage-first heap   total reserved 4175872K, committed 108544K, used 80887K [0x0000000701200000, 0x0000000800000000)
  region size 2048K, 18 young (36864K), 2 survivors (4096K)
 Metaspace       used 29419K, committed 29824K, reserved 1114112K
  class space    used 3419K, committed 3584K, reserved 1048576K
}
Event: 10.373 GC heap after
{Heap after GC invocations=13 (full 0):
 garbage-first heap   total reserved 4175872K, committed 108544K, used 49522K [0x0000000701200000, 0x0000000800000000)
  region size 2048K, 2 young (4096K), 2 survivors (4096K)
 Metaspace       used 29419K, committed 29824K, reserved 1114112K
  class space    used 3419K, committed 3584K, reserved 1048576K
}
Event: 10.877 GC heap before
{Heap before GC invocations=13 (full 0):
 garbage-first heap   total reserved 4175872K, committed 108544K, used 82290K [0x0000000701200000, 0x0000000800000000)
  region size 2048K, 18 young (36864K), 2 survivors (4096K)
 Metaspace       used 30850K, committed 31232K, reserved 1114112K
  class space    used 3553K, committed 3712K, reserved 1048576K
}
Event: 10.928 GC heap after
{Heap after GC invocations=14 (full 0):
 garbage-first heap   total reserved 4175872K, committed 108544K, used 46387K [0x0000000701200000, 0x0000000800000000)
  region size 2048K, 2 young (4096K), 2 survivors (4096K)
 Metaspace       used 30850K, committed 31232K, reserved 1114112K
  class space    used 3553K, committed 3712K, reserved 1048576K
}

Dll operation events (8 events):
Event: 0.004 Loaded shared library C:\Program Files\Java\jdk-23\bin\java.dll
Event: 0.073 Loaded shared library C:\Program Files\Java\jdk-23\bin\jsvml.dll
Event: 0.085 Loaded shared library C:\Program Files\Java\jdk-23\bin\net.dll
Event: 0.085 Loaded shared library C:\Program Files\Java\jdk-23\bin\nio.dll
Event: 0.087 Loaded shared library C:\Program Files\Java\jdk-23\bin\zip.dll
Event: 0.262 Loaded shared library C:\Program Files\Java\jdk-23\bin\jimage.dll
Event: 0.262 Loaded shared library C:\Program Files\apache-maven-3.9.9\lib\jansi-native\Windows\x86_64\jansi.dll
Event: 0.281 Loaded shared library C:\Program Files\Java\jdk-23\bin\verify.dll

Deoptimization events (20 events):
Event: 11.090 Thread 0x0000023c48880060 Uncommon trap: trap_request=0xffffffde fr.pc=0x0000023c5af4a66c relative=0x000000000000006c
Event: 11.090 Thread 0x0000023c48880060 Uncommon trap: reason=class_check action=maybe_recompile pc=0x0000023c5af4a66c method=java.util.Collections$UnmodifiableMap$UnmodifiableEntrySet$UnmodifiableEntry.getValue()Ljava/lang/Object; @ 4 c2
Event: 11.090 Thread 0x0000023c48880060 DEOPT PACKING pc=0x0000023c5af4a66c sp=0x000000b38fffdcf0
Event: 11.090 Thread 0x0000023c48880060 DEOPT UNPACKING pc=0x0000023c5a8b4402 sp=0x000000b38fffdc80 mode 2
Event: 11.090 Thread 0x0000023c48880060 Uncommon trap: trap_request=0xffffff45 fr.pc=0x0000023c5afbbdb8 relative=0x00000000000002f8
Event: 11.090 Thread 0x0000023c48880060 Uncommon trap: reason=unstable_if action=reinterpret pc=0x0000023c5afbbdb8 method=java.lang.AbstractStringBuilder.inflateIfNeededFor(Ljava/lang/String;)V @ 14 c2
Event: 11.090 Thread 0x0000023c48880060 DEOPT PACKING pc=0x0000023c5afbbdb8 sp=0x000000b38fffde60
Event: 11.090 Thread 0x0000023c48880060 DEOPT UNPACKING pc=0x0000023c5a8b4402 sp=0x000000b38fffdcf0 mode 2
Event: 11.090 Thread 0x0000023c48880060 Uncommon trap: trap_request=0xffffff45 fr.pc=0x0000023c5ae7649c relative=0x000000000000055c
Event: 11.090 Thread 0x0000023c48880060 Uncommon trap: reason=unstable_if action=reinterpret pc=0x0000023c5ae7649c method=java.lang.String.<init>(Ljava/lang/AbstractStringBuilder;Ljava/lang/Void;)V @ 19 c2
Event: 11.090 Thread 0x0000023c48880060 DEOPT PACKING pc=0x0000023c5ae7649c sp=0x000000b38fffde50
Event: 11.090 Thread 0x0000023c48880060 DEOPT UNPACKING pc=0x0000023c5a8b4402 sp=0x000000b38fffddb8 mode 2
Event: 11.091 Thread 0x0000023c48880060 Uncommon trap: trap_request=0xffffff45 fr.pc=0x0000023c5aedc95c relative=0x00000000000002fc
Event: 11.091 Thread 0x0000023c48880060 Uncommon trap: reason=unstable_if action=reinterpret pc=0x0000023c5aedc95c method=java.lang.String.getBytes([BIB)V @ 5 c2
Event: 11.091 Thread 0x0000023c48880060 DEOPT PACKING pc=0x0000023c5aedc95c sp=0x000000b38fffdaa0
Event: 11.091 Thread 0x0000023c48880060 DEOPT UNPACKING pc=0x0000023c5a8b4402 sp=0x000000b38fffd978 mode 2
Event: 11.091 Thread 0x0000023c48880060 Uncommon trap: trap_request=0xffffff45 fr.pc=0x0000023c5ae1ad8c relative=0x00000000000000ec
Event: 11.091 Thread 0x0000023c48880060 Uncommon trap: reason=unstable_if action=reinterpret pc=0x0000023c5ae1ad8c method=java.lang.String.getBytes([BIB)V @ 5 c2
Event: 11.091 Thread 0x0000023c48880060 DEOPT PACKING pc=0x0000023c5ae1ad8c sp=0x000000b38fffd9a0
Event: 11.091 Thread 0x0000023c48880060 DEOPT UNPACKING pc=0x0000023c5a8b4402 sp=0x000000b38fffd948 mode 2

Classes loaded (20 events):
Event: 11.094 Loading class java/lang/Process$PipeInputStream
Event: 11.094 Loading class java/lang/Process$PipeInputStream done
Event: 11.094 Loading class jdk/internal/event/ProcessStartEvent
Event: 11.094 Loading class jdk/internal/event/ProcessStartEvent done
Event: 11.094 Loading class jdk/internal/logger/LazyLoggers
Event: 11.094 Loading class jdk/internal/logger/LazyLoggers done
Event: 11.094 Loading class jdk/internal/logger/LazyLoggers$1
Event: 11.094 Loading class jdk/internal/logger/LazyLoggers$1 done
Event: 11.094 Loading class jdk/internal/logger/LazyLoggers$LazyLoggerFactories
Event: 11.094 Loading class jdk/internal/logger/LazyLoggers$LazyLoggerFactories done
Event: 11.094 Loading class jdk/internal/logger/LoggerFinderLoader
Event: 11.095 Loading class jdk/internal/logger/LoggerFinderLoader done
Event: 11.095 Loading class jdk/internal/logger/LoggerFinderLoader$TemporaryLoggerFinder
Event: 11.095 Loading class jdk/internal/logger/LoggerFinderLoader$TemporaryLoggerFinder done
Event: 11.095 Loading class sun/util/logging/internal/LoggingProviderImpl$JULWrapper
Event: 11.095 Loading class sun/util/logging/PlatformLogger$ConfigurableBridge$LoggerConfiguration
Event: 11.095 Loading class sun/util/logging/PlatformLogger$ConfigurableBridge$LoggerConfiguration done
Event: 11.095 Loading class sun/util/logging/internal/LoggingProviderImpl$JULWrapper done
Event: 11.095 Loading class java/lang/System$Logger$Level
Event: 11.095 Loading class java/lang/System$Logger$Level done

Classes unloaded (0 events):
No events

Classes redefined (0 events):
No events

Internal exceptions (20 events):
Event: 10.114 Thread 0x0000023c48880060 Exception <a 'sun/nio/fs/WindowsException'{0x000000070692e918}> (0x000000070692e918) 
thrown [s\open\src\hotspot\share\prims\jni.cpp, line 520]
Event: 10.117 Thread 0x0000023c48880060 Exception <a 'sun/nio/fs/WindowsException'{0x0000000706958828}> (0x0000000706958828) 
thrown [s\open\src\hotspot\share\prims\jni.cpp, line 520]
Event: 10.119 Thread 0x0000023c48880060 Exception <a 'sun/nio/fs/WindowsException'{0x0000000706982730}> (0x0000000706982730) 
thrown [s\open\src\hotspot\share\prims\jni.cpp, line 520]
Event: 10.121 Thread 0x0000023c48880060 Exception <a 'sun/nio/fs/WindowsException'{0x000000070699f7a0}> (0x000000070699f7a0) 
thrown [s\open\src\hotspot\share\prims\jni.cpp, line 520]
Event: 10.121 Thread 0x0000023c48880060 Exception <a 'sun/nio/fs/WindowsException'{0x000000070699feb8}> (0x000000070699feb8) 
thrown [s\open\src\hotspot\share\prims\jni.cpp, line 520]
Event: 10.124 Thread 0x0000023c48880060 Exception <a 'sun/nio/fs/WindowsException'{0x00000007069bfad8}> (0x00000007069bfad8) 
thrown [s\open\src\hotspot\share\prims\jni.cpp, line 520]
Event: 10.360 Thread 0x0000023c48880060 Implicit null exception at 0x0000023c5ae1a394 to 0x0000023c5ae1aa24
Event: 10.582 Thread 0x0000023c4640e790 Exception <a 'java/lang/NoSuchMethodError'{0x0000000706edcec0}: 'java.lang.Object java.lang.invoke.DirectMethodHandle$Holder.invokeStatic(java.lang.Object, long, java.lang.Object)'> (0x0000000706edcec0) 
thrown [s\open\src\hotspot\share\interpreter\linkResolver.cpp, line 796]
Event: 10.584 Thread 0x0000023c4640e790 Exception <a 'java/lang/NoSuchMethodError'{0x0000000706ee02b0}: 'java.lang.Object java.lang.invoke.DirectMethodHandle$Holder.invokeStaticInit(java.lang.Object, long, java.lang.Object)'> (0x0000000706ee02b0) 
thrown [s\open\src\hotspot\share\interpreter\linkResolver.cpp, line 796]
Event: 10.586 Thread 0x0000023c4640e790 Exception <a 'java/lang/NoSuchMethodError'{0x0000000706ee57d8}: 'java.lang.Object java.lang.invoke.DirectMethodHandle$Holder.newInvokeSpecial(java.lang.Object, long)'> (0x0000000706ee57d8) 
thrown [s\open\src\hotspot\share\interpreter\linkResolver.cpp, line 796]
Event: 10.595 Thread 0x0000023c4640e790 Exception <a 'java/lang/NoSuchMethodError'{0x0000000706eea158}: 'long java.lang.invoke.DirectMethodHandle$Holder.invokeInterface(java.lang.Object, java.lang.Object)'> (0x0000000706eea158) 
thrown [s\open\src\hotspot\share\interpreter\linkResolver.cpp, line 796]
Event: 10.596 Thread 0x0000023c4640e790 Exception <a 'java/lang/NoSuchMethodError'{0x0000000706eed658}: 'long java.lang.invoke.DelegatingMethodHandle$Holder.reinvoke_L(java.lang.Object, java.lang.Object)'> (0x0000000706eed658) 
thrown [s\open\src\hotspot\share\interpreter\linkResolver.cpp, line 796]
Event: 10.608 Thread 0x0000023c48880060 Exception <a 'java/lang/NoSuchMethodError'{0x0000000706cab240}: 'java.lang.String org.apache.maven.execution.MavenExecutionRequest.getFailureBehavior()'> (0x0000000706cab240) 
thrown [s\open\src\hotspot\share\interpreter\linkResolver.cpp, line 892]
Event: 10.657 Thread 0x0000023c48880060 Exception <a 'java/lang/NoSuchMethodError'{0x0000000706a24a78}: 'java.lang.Object java.lang.invoke.DirectMethodHandle$Holder.invokeStaticInit(java.lang.Object, java.lang.Object, int, int, int, int)'> (0x0000000706a24a78) 
thrown [s\open\src\hotspot\share\interpreter\linkResolver.cpp, line 796]
Event: 10.707 Thread 0x0000023c48880060 Exception <a 'java/lang/NoSuchMethodError'{0x00000007068996f8}: 'int java.lang.invoke.DirectMethodHandle$Holder.invokeSpecialIFC(java.lang.Object, java.lang.Object, java.lang.Object, java.lang.Object)'> (0x00000007068996f8) 
thrown [s\open\src\hotspot\share\interpreter\linkResolver.cpp, line 796]
Event: 10.774 Thread 0x0000023c4673bb50 Implicit null exception at 0x0000023c5b104ffb to 0x0000023c5b105608
Event: 10.774 Thread 0x0000023c4673a110 Implicit null exception at 0x0000023c5b104ffb to 0x0000023c5b105608
Event: 10.774 Thread 0x0000023c4673bb50 Implicit null exception at 0x0000023c5b105b17 to 0x0000023c5b105eb0
Event: 10.774 Thread 0x0000023c4673a110 Implicit null exception at 0x0000023c5b105b17 to 0x0000023c5b105eb0
Event: 11.093 Thread 0x0000023c48880060 Exception <a 'java/lang/NoSuchMethodError'{0x0000000707094e48}: 'void java.lang.invoke.DirectMethodHandle$Holder.invokeStatic(java.lang.Object, long)'> (0x0000000707094e48) 
thrown [s\open\src\hotspot\share\interpreter\linkResolver.cpp, line 796]

VM Operations (20 events):
Event: 8.730 Executing VM operation: HandshakeAllThreads (Deoptimize)
Event: 8.731 Executing VM operation: HandshakeAllThreads (Deoptimize) done
Event: 8.916 Executing VM operation: HandshakeAllThreads (Deoptimize)
Event: 8.917 Executing VM operation: HandshakeAllThreads (Deoptimize) done
Event: 9.368 Executing VM operation: G1CollectForAllocation (G1 Evacuation Pause)
Event: 9.400 Executing VM operation: G1CollectForAllocation (G1 Evacuation Pause) done
Event: 9.717 Executing VM operation: G1CollectForAllocation (G1 Evacuation Pause)
Event: 9.727 Executing VM operation: G1CollectForAllocation (G1 Evacuation Pause) done
Event: 9.800 Executing VM operation: G1PauseRemark
Event: 9.816 Executing VM operation: G1PauseRemark done
Event: 9.874 Executing VM operation: G1PauseCleanup
Event: 9.874 Executing VM operation: G1PauseCleanup done
Event: 10.367 Executing VM operation: G1CollectForAllocation (G1 Evacuation Pause)
Event: 10.373 Executing VM operation: G1CollectForAllocation (G1 Evacuation Pause) done
Event: 10.628 Executing VM operation: HandshakeAllThreads (Deoptimize)
Event: 10.628 Executing VM operation: HandshakeAllThreads (Deoptimize) done
Event: 10.877 Executing VM operation: G1CollectForAllocation (G1 Evacuation Pause)
Event: 10.929 Executing VM operation: G1CollectForAllocation (G1 Evacuation Pause) done
Event: 11.013 Executing VM operation: HandshakeAllThreads (Deoptimize)
Event: 11.013 Executing VM operation: HandshakeAllThreads (Deoptimize) done

Memory protections (0 events):
No events

Nmethod flushes (20 events):
Event: 9.815 Thread 0x0000023c6a069420 flushing  nmethod 0x0000023c53865508
Event: 9.815 Thread 0x0000023c6a069420 flushing  nmethod 0x0000023c53868c08
Event: 9.815 Thread 0x0000023c6a069420 flushing  nmethod 0x0000023c53869588
Event: 9.815 Thread 0x0000023c6a069420 flushing  nmethod 0x0000023c53871b08
Event: 9.815 Thread 0x0000023c6a069420 flushing  nmethod 0x0000023c538df288
Event: 9.815 Thread 0x0000023c6a069420 flushing  nmethod 0x0000023c538f2908
Event: 9.815 Thread 0x0000023c6a069420 flushing  nmethod 0x0000023c538f9108
Event: 9.815 Thread 0x0000023c6a069420 flushing  nmethod 0x0000023c538f9508
Event: 9.815 Thread 0x0000023c6a069420 flushing  nmethod 0x0000023c538fbb08
Event: 9.815 Thread 0x0000023c6a069420 flushing  nmethod 0x0000023c538ff088
Event: 9.815 Thread 0x0000023c6a069420 flushing  nmethod 0x0000023c53905508
Event: 9.815 Thread 0x0000023c6a069420 flushing  nmethod 0x0000023c53942508
Event: 9.815 Thread 0x0000023c6a069420 flushing  nmethod 0x0000023c5394b708
Event: 9.815 Thread 0x0000023c6a069420 flushing  nmethod 0x0000023c539ee588
Event: 9.815 Thread 0x0000023c6a069420 flushing  nmethod 0x0000023c53a0be88
Event: 9.815 Thread 0x0000023c6a069420 flushing  nmethod 0x0000023c53a2be88
Event: 9.815 Thread 0x0000023c6a069420 flushing  nmethod 0x0000023c53ac0d88
Event: 9.815 Thread 0x0000023c6a069420 flushing  nmethod 0x0000023c53adcc08
Event: 9.815 Thread 0x0000023c6a069420 flushing  nmethod 0x0000023c53aea708
Event: 9.815 Thread 0x0000023c6a069420 flushing  nmethod 0x0000023c53aede08

Events (20 events):
Event: 0.267 Thread 0x0000023c45649d20 Thread exited: 0x0000023c45649d20
Event: 0.532 Thread 0x0000023c6a092510 Thread added: 0x0000023c457ec4f0
Event: 0.806 Thread 0x0000023c457ec4f0 Thread exited: 0x0000023c457ec4f0
Event: 1.126 Thread 0x0000023c6a094fe0 Thread added: 0x0000023c45f580f0
Event: 1.134 Thread 0x0000023c6a094fe0 Thread added: 0x0000023c45f11010
Event: 2.750 Thread 0x0000023c48880060 Thread added: 0x0000023c463c1810
Event: 10.551 Thread 0x0000023c48880060 Thread added: 0x0000023c4640e790
Event: 10.597 Thread 0x0000023c4640e790 Thread exited: 0x0000023c4640e790
Event: 10.773 Thread 0x0000023c48880060 Thread added: 0x0000023c45df7ed0
Event: 10.773 Thread 0x0000023c48880060 Thread added: 0x0000023c4673a110
Event: 10.773 Thread 0x0000023c48880060 Thread added: 0x0000023c4673bb50
Event: 10.961 Thread 0x0000023c48880060 Thread added: 0x0000023c4673a7a0
Event: 10.961 Thread 0x0000023c48880060 Thread added: 0x0000023c4673b4c0
Event: 11.007 Thread 0x0000023c48880060 Thread added: 0x0000023c467393f0
Event: 11.011 Thread 0x0000023c48880060 Thread added: 0x0000023c4673c1e0
Event: 11.087 Thread 0x0000023c48880060 Thread added: 0x0000023c4673ae30
Event: 11.097 Thread 0x0000023c48880060 Thread added: 0x0000023c46738d60
Event: 11.097 Thread 0x0000023c48880060 Thread added: 0x0000023c46739a80
Event: 11.097 Thread 0x0000023c48880060 Thread added: 0x0000023c476b9db0
Event: 11.526 Thread 0x0000023c45f11010 Thread exited: 0x0000023c45f11010


Dynamic libraries:
0x00007ff6f63b0000 - 0x00007ff6f63c0000 	C:\Program Files\Java\jdk-23\bin\java.exe
0x00007ff8ddbb0000 - 0x00007ff8ddd9d000 	C:\Windows\SYSTEM32\ntdll.dll
0x00007ff8dd060000 - 0x00007ff8dd113000 	C:\Windows\System32\KERNEL32.DLL
0x00007ff8da060000 - 0x00007ff8da2f5000 	C:\Windows\System32\KERNELBASE.dll
0x00007ff8da4d0000 - 0x00007ff8da5ca000 	C:\Windows\System32\ucrtbase.dll
0x00007ff8cbd00000 - 0x00007ff8cbd17000 	C:\Program Files\Java\jdk-23\bin\jli.dll
0x00007ff8cbce0000 - 0x00007ff8cbcfb000 	C:\Program Files\Java\jdk-23\bin\VCRUNTIME140.dll
0x00007ff8dca80000 - 0x00007ff8dcc17000 	C:\Windows\System32\USER32.dll
0x00007ff8da4b0000 - 0x00007ff8da4d0000 	C:\Windows\System32\win32u.dll
0x00007ff8c6f30000 - 0x00007ff8c71a9000 	C:\Windows\WinSxS\amd64_microsoft.windows.common-controls_6595b64144ccf1df_6.0.17763.1339_none_de7015e4534c7114\COMCTL32.dll
0x00007ff8dc870000 - 0x00007ff8dc899000 	C:\Windows\System32\GDI32.dll
0x00007ff8dae00000 - 0x00007ff8dae9e000 	C:\Windows\System32\msvcrt.dll
0x00007ff8d9c90000 - 0x00007ff8d9e2b000 	C:\Windows\System32\gdi32full.dll
0x00007ff8dad30000 - 0x00007ff8dadd0000 	C:\Windows\System32\msvcp_win.dll
0x00007ff8dcc20000 - 0x00007ff8dcf4c000 	C:\Windows\System32\combase.dll
0x00007ff8dc610000 - 0x00007ff8dc732000 	C:\Windows\System32\RPCRT4.dll
0x00007ff8da300000 - 0x00007ff8da37e000 	C:\Windows\System32\bcryptPrimitives.dll
0x00007ff8dc8a0000 - 0x00007ff8dc8ce000 	C:\Windows\System32\IMM32.DLL
0x00007ff8d2fd0000 - 0x00007ff8d2fdc000 	C:\Program Files\Java\jdk-23\bin\vcruntime140_1.dll
0x00007ff8aabf0000 - 0x00007ff8aac7e000 	C:\Program Files\Java\jdk-23\bin\msvcp140.dll
0x00007ff8782f0000 - 0x00007ff87903f000 	C:\Program Files\Java\jdk-23\bin\server\jvm.dll
0x00007ff8dcf50000 - 0x00007ff8dcff3000 	C:\Windows\System32\ADVAPI32.dll
0x00007ff8dc750000 - 0x00007ff8dc7ee000 	C:\Windows\System32\sechost.dll
0x00007ff8d9c10000 - 0x00007ff8d9c6d000 	C:\Windows\System32\POWRPROF.dll
0x00007ff8dc7f0000 - 0x00007ff8dc85d000 	C:\Windows\System32\WS2_32.dll
0x00007ff8d7d80000 - 0x00007ff8d7da4000 	C:\Windows\SYSTEM32\WINMM.dll
0x00007ff8d4c20000 - 0x00007ff8d4c2a000 	C:\Windows\SYSTEM32\VERSION.dll
0x00007ff8d7b20000 - 0x00007ff8d7b4d000 	C:\Windows\SYSTEM32\winmmbase.dll
0x00007ff8da010000 - 0x00007ff8da05a000 	C:\Windows\System32\cfgmgr32.dll
0x00007ff8d9c70000 - 0x00007ff8d9c81000 	C:\Windows\System32\kernel.appcore.dll
0x00007ff8d2d60000 - 0x00007ff8d2d6a000 	C:\Program Files\Java\jdk-23\bin\jimage.dll
0x00007ff8c71b0000 - 0x00007ff8c739d000 	C:\Windows\SYSTEM32\DBGHELP.DLL
0x00007ff8c9270000 - 0x00007ff8c929a000 	C:\Windows\SYSTEM32\dbgcore.DLL
0x00007ff8c94f0000 - 0x00007ff8c950e000 	C:\Program Files\Java\jdk-23\bin\java.dll
0x00007ff8dda50000 - 0x00007ff8ddba5000 	C:\Windows\System32\ole32.dll
0x00007ff8db030000 - 0x00007ff8dc528000 	C:\Windows\System32\SHELL32.dll
0x00007ff8dd250000 - 0x00007ff8dd2f9000 	C:\Windows\System32\shcore.dll
0x00007ff8da5d0000 - 0x00007ff8dad24000 	C:\Windows\System32\windows.storage.dll
0x00007ff8d9be0000 - 0x00007ff8d9c04000 	C:\Windows\System32\profapi.dll
0x00007ff8dafd0000 - 0x00007ff8db022000 	C:\Windows\System32\shlwapi.dll
0x00007ff8da3e0000 - 0x00007ff8da3f7000 	C:\Windows\System32\cryptsp.dll
0x00007ff8a3a80000 - 0x00007ff8a3b57000 	C:\Program Files\Java\jdk-23\bin\jsvml.dll
0x00007ff8d2ce0000 - 0x00007ff8d2cf0000 	C:\Program Files\Java\jdk-23\bin\net.dll
0x00007ff8d93c0000 - 0x00007ff8d9427000 	C:\Windows\system32\mswsock.dll
0x00007ff8c46c0000 - 0x00007ff8c46d6000 	C:\Program Files\Java\jdk-23\bin\nio.dll
0x00007ff8c4630000 - 0x00007ff8c4647000 	C:\Program Files\Java\jdk-23\bin\zip.dll
0x00007ff8c41d0000 - 0x00007ff8c41f4000 	C:\Program Files\apache-maven-3.9.9\lib\jansi-native\Windows\x86_64\jansi.dll
0x00007ff8cc290000 - 0x00007ff8cc2a0000 	C:\Program Files\Java\jdk-23\bin\verify.dll
0x00007ff8d8c20000 - 0x00007ff8d8c51000 	C:\Windows\SYSTEM32\ntmarta.dll
0x00007ff8d8f40000 - 0x00007ff8d8f73000 	C:\Windows\system32\rsaenh.dll
0x00007ff8dadd0000 - 0x00007ff8dadf6000 	C:\Windows\System32\bcrypt.dll
0x00007ff8d9af0000 - 0x00007ff8d9b18000 	C:\Windows\SYSTEM32\USERENV.dll
0x00007ff8d9590000 - 0x00007ff8d959c000 	C:\Windows\SYSTEM32\CRYPTBASE.dll
0x00007ff8d90e0000 - 0x00007ff8d911d000 	C:\Windows\SYSTEM32\IPHLPAPI.DLL
0x00007ff8dda40000 - 0x00007ff8dda48000 	C:\Windows\System32\NSI.dll

dbghelp: loaded successfully - version: 4.0.5 - missing functions: none
symbol engine: initialized successfully - sym options: 0x614 - pdb path: .;C:\Program Files\Java\jdk-23\bin;C:\Windows\SYSTEM32;C:\Windows\WinSxS\amd64_microsoft.windows.common-controls_6595b64144ccf1df_6.0.17763.1339_none_de7015e4534c7114;C:\Program Files\Java\jdk-23\bin\server;C:\Program Files\apache-maven-3.9.9\lib\jansi-native\Windows\x86_64

VM Arguments:
jvm_args: -Dclassworlds.conf=C:\Program Files\apache-maven-3.9.9\bin\m2.conf -Dmaven.home=C:\Program Files\apache-maven-3.9.9 -Dlibrary.jansi.path=C:\Program Files\apache-maven-3.9.9\lib\jansi-native -Dmaven.multiModuleProjectDirectory=C:\Users\rickc\projects\RevHero 
java_command: org.codehaus.plexus.classworlds.launcher.Launcher clean install
java_class_path (initial): C:\Program Files\apache-maven-3.9.9\boot\plexus-classworlds-2.8.0.jar
Launcher Type: SUN_STANDARD

[Global flags]
     intx CICompilerCount                          = 4                                         {product} {ergonomic}
     uint ConcGCThreads                            = 2                                         {product} {ergonomic}
     uint G1ConcRefinementThreads                  = 8                                         {product} {ergonomic}
   size_t G1HeapRegionSize                         = 2097152                                   {product} {ergonomic}
   size_t InitialHeapSize                          = 268435456                                 {product} {ergonomic}
   size_t MarkStackSize                            = 4194304                                   {product} {ergonomic}
   size_t MarkStackSizeMax                         = 536870912                                 {product} {ergonomic}
   size_t MaxHeapSize                              = 4276092928                                {product} {ergonomic}
   size_t MaxNewSize                               = 2564816896                                {product} {ergonomic}
   size_t MinHeapDeltaBytes                        = 2097152                                   {product} {ergonomic}
   size_t MinHeapSize                              = 8388608                                   {product} {ergonomic}
    uintx NonNMethodCodeHeapSize                   = 5832704                                {pd product} {ergonomic}
    uintx NonProfiledCodeHeapSize                  = 122945536                              {pd product} {ergonomic}
    uintx ProfiledCodeHeapSize                     = 122880000                              {pd product} {ergonomic}
    uintx ReservedCodeCacheSize                    = 251658240                              {pd product} {ergonomic}
     bool SegmentedCodeCache                       = true                                      {product} {ergonomic}
   size_t SoftMaxHeapSize                          = 4276092928                             {manageable} {ergonomic}
     bool UseCompressedOops                        = true                           {product lp64_product} {ergonomic}
     bool UseG1GC                                  = true                                      {product} {ergonomic}
     bool UseLargePagesIndividualAllocation        = false                                  {pd product} {ergonomic}

Logging:
Log output configuration:
 #0: stdout all=warning uptime,level,tags foldmultilines=false
 #1: stderr all=off uptime,level,tags foldmultilines=false

Environment Variables:
JAVA_HOME=C:\Program Files\Java\jdk-23
PATH=C:\Program Files\Eclipse Adoptium\jdk-21.0.5.11-hotspot\bin;C:\Program Files\Common Files\Oracle\Java\javapath;C:\Windows\system32;C:\Windows;C:\Windows\System32\Wbem;C:\Windows\System32\WindowsPowerShell\v1.0\;C:\Program Files\NVIDIA Corporation\NVIDIA NvDLISR;C:\Program Files\Git\cmd;C:\Program Files (x86)\dotnet\;C:\MAMP\bin\php\php8.2.14;C:\ProgramData\ComposerSetup\bin;C:\Program Files\Java\jdk-23\bin;C:\Program Files\apache-maven-3.9.9\bin;C:\Users\rick\AppData\Local\Android\Sdk\emulator;C:\Users\rick\AppData\Local\Android\Sdk\platform-tools;C:\Users\rickc\AppData\Roaming\npm\node_modules;C:\Program Files\nodejs\;C:\Users\rickc\Downloads\apache-jmeter-5.6.3\apache-jmeter-5.6.3\bin;C:\Program Files\dotnet\;C:\Users\rickc\AppData\Local\Microsoft\WindowsApps;C:\Program Files\JetBrains\IntelliJ IDEA Community Edition 2024.3.1.1\bin;;C:\Users\rickc\Downloads\allure-2.32.0\allure-2.32.0\bin;C:\Users\rickc\AppData\Local\Android\Sdk\platform-tools;C:\Users\rickc\AppData\Local\Android\Sdk\emulator;C:\Users\rickc\AppData\Roaming\npm\node_modules;C:\Users\rickc\AppData\Roaming\npm;C:\Program Files (x86)\BrowserStackLocal\;C:\Users\rickc\AppData\Local\Programs\Microsoft VS Code\bin
USERNAME=rickc
OS=Windows_NT
PROCESSOR_IDENTIFIER=Intel64 Family 6 Model 158 Stepping 13, GenuineIntel
TMP=C:\Temp
TEMP=C:\Temp




Periodic native trim disabled

---------------  S Y S T E M  ---------------

OS:
 Windows 10 , 64 bit Build 17763 (10.0.17763.1339)
OS uptime: 2 days 23:59 hours

CPU: total 8 (initial active 8) (4 cores per cpu, 2 threads per core) family 6 model 158 stepping 13 microcode 0xde, cx8, cmov, fxsr, ht, mmx, 3dnowpref, sse, sse2, sse3, ssse3, sse4.1, sse4.2, popcnt, lzcnt, tsc, tscinvbit, avx, avx2, aes, erms, clmul, bmi1, bmi2, adx, fma, vzeroupper, clflush, clflushopt, rdtscp, f16c
Processor Information for the first 8 processors :
  Max Mhz: 2400, Current Mhz: 2400, Mhz Limit: 2400

Memory: 4k page, system-wide physical 16304M (2380M free)
TotalPageFile size 18352M (AvailPageFile size 13M)
current process WorkingSet (physical memory assigned to process): 257M, peak: 265M
current process commit charge ("private bytes"): 293M, peak: 418M

vm_info: Java HotSpot(TM) 64-Bit Server VM (23.0.1+11-39) for windows-amd64 JRE (23.0.1+11-39), built on 2024-09-30T07:20:43Z with MS VC++ 17.6 (VS2022)

END.
