#
# There is insufficient memory for the Java Runtime Environment to continue.
# Native memory allocation (malloc) failed to allocate 1626736 bytes. Error detail: Chunk::new
# Possible reasons:
#   The system is out of physical RAM or swap space
#   This process is running with CompressedOops enabled, and the Java Heap may be blocking the growth of the native heap
# Possible solutions:
#   Reduce memory load on the system
#   Increase physical memory or swap space
#   Check if swap backing store is full
#   Decrease Java heap size (-Xmx/-Xms)
#   Decrease number of Java threads
#   Decrease Java thread stack sizes (-Xss)
#   Set larger code cache with -XX:ReservedCodeCacheSize=
#   JVM is running with Zero Based Compressed Oops mode in which the Java heap is
#     placed in the first 32GB address space. The Java Heap base address is the
#     maximum limit for the native heap growth. Please use -XX:HeapBaseMinAddress
#     to set the Java Heap base and to place the Java Heap above 32GB virtual address.
# This output file may be truncated or incomplete.
#
#  Out of Memory Error (arena.cpp:149), pid=8184, tid=6304
#
# JRE version: Java(TM) SE Runtime Environment (23.0.1+11) (build 23.0.1+11-39)
# Java VM: Java HotSpot(TM) 64-Bit Server VM (23.0.1+11-39, mixed mode, sharing, tiered, compressed oops, compressed class ptrs, g1 gc, windows-amd64)
# No core dump will be written. Minidumps are not enabled by default on client versions of Windows
#

---------------  S U M M A R Y ------------

Command Line: -javaagent:C:\Users\rickc\.m2\repository/org/aspectj/aspectjweaver/1.9.22.1/aspectjweaver-1.9.22.1.jar C:\Temp\surefire17952696138115692448\surefirebooter10472175048133168471.jar C:\Temp\surefire17952696138115692448 2025-02-11T13-40-53_928-jvmRun1 surefire6523347093597375113tmp surefire_05420232178133235973tmp

Host: Intel(R) Core(TM) i5-9300HF CPU @ 2.40GHz, 8 cores, 15G,  Windows 10 , 64 bit Build 17763 (10.0.17763.1339)
Time: Tue Feb 11 13:40:59 2025 RTZ 2 (зима) elapsed time: 5.222218 seconds (0d 0h 0m 5s)

---------------  T H R E A D  ---------------

Current thread (0x0000021b64020dc0):  JavaThread "C2 CompilerThread1" daemon [_thread_in_native, id=6304, stack(0x0000003402800000,0x0000003402900000) (1024K)]


Current CompileTask:
C2:5222 3342       4       org.aspectj.apache.bcel.generic.MethodGen::<init> (998 bytes)

Stack: [0x0000003402800000,0x0000003402900000]
Native frames: (J=compiled Java code, j=interpreted, Vv=VM code, C=native code)
V  [jvm.dll+0x6e08b9]  (no source info available)
V  [jvm.dll+0x87dc83]  (no source info available)
V  [jvm.dll+0x88010e]  (no source info available)
V  [jvm.dll+0x8807e3]  (no source info available)
V  [jvm.dll+0x27aee6]  (no source info available)
V  [jvm.dll+0xbc06f]  (no source info available)
V  [jvm.dll+0xbc2cb]  (no source info available)
V  [jvm.dll+0x3b3a62]  (no source info available)
V  [jvm.dll+0x1dc19c]  (no source info available)
V  [jvm.dll+0x244be5]  (no source info available)
V  [jvm.dll+0x243dff]  (no source info available)
V  [jvm.dll+0x1c33a0]  (no source info available)
V  [jvm.dll+0x253cf1]  (no source info available)
V  [jvm.dll+0x251faa]  (no source info available)
V  [jvm.dll+0x3ee036]  (no source info available)
V  [jvm.dll+0x824f8b]  (no source info available)
V  [jvm.dll+0x6df065]  (no source info available)
C  [ucrtbase.dll+0x21ffa]  (no source info available)
C  [KERNEL32.DLL+0x17974]  (no source info available)
C  [ntdll.dll+0x6a271]  (no source info available)

Lock stack of current Java thread (top to bottom):


---------------  P R O C E S S  ---------------

Threads class SMR info:
_java_thread_list=0x0000021b65067e40, length=18, elements={
0x0000021b7eeb4bc0, 0x0000021b1e550380, 0x0000021b1e5522b0, 0x0000021b1e554300,
0x0000021b1e554f60, 0x0000021b1e5579d0, 0x0000021b1e558430, 0x0000021b1e5646d0,
0x0000021b1e5895b0, 0x0000021b1e529780, 0x0000021b64020dc0, 0x0000021b644ce920,
0x0000021b64ee3bb0, 0x0000021b64ef4fc0, 0x0000021b64eaa580, 0x0000021b67704950,
0x0000021b67705670, 0x0000021b67704fe0
}

Java Threads: ( => current thread )
  0x0000021b7eeb4bc0 JavaThread "main"                              [_thread_blocked, id=12500, stack(0x0000003401700000,0x0000003401800000) (1024K)]
  0x0000021b1e550380 JavaThread "Reference Handler"          daemon [_thread_blocked, id=7244, stack(0x0000003401f00000,0x0000003402000000) (1024K)]
  0x0000021b1e5522b0 JavaThread "Finalizer"                  daemon [_thread_blocked, id=1812, stack(0x0000003402000000,0x0000003402100000) (1024K)]
  0x0000021b1e554300 JavaThread "Signal Dispatcher"          daemon [_thread_blocked, id=8288, stack(0x0000003402100000,0x0000003402200000) (1024K)]
  0x0000021b1e554f60 JavaThread "Attach Listener"            daemon [_thread_blocked, id=6932, stack(0x0000003402200000,0x0000003402300000) (1024K)]
  0x0000021b1e5579d0 JavaThread "Service Thread"             daemon [_thread_blocked, id=2756, stack(0x0000003402300000,0x0000003402400000) (1024K)]
  0x0000021b1e558430 JavaThread "Monitor Deflation Thread"   daemon [_thread_blocked, id=2692, stack(0x0000003402400000,0x0000003402500000) (1024K)]
  0x0000021b1e5646d0 JavaThread "C2 CompilerThread0"         daemon [_thread_blocked, id=2796, stack(0x0000003402500000,0x0000003402600000) (1024K)]
  0x0000021b1e5895b0 JavaThread "C1 CompilerThread0"         daemon [_thread_blocked, id=10356, stack(0x0000003402600000,0x0000003402700000) (1024K)]
  0x0000021b1e529780 JavaThread "Common-Cleaner"             daemon [_thread_blocked, id=3660, stack(0x0000003402700000,0x0000003402800000) (1024K)]
=>0x0000021b64020dc0 JavaThread "C2 CompilerThread1"         daemon [_thread_in_native, id=6304, stack(0x0000003402800000,0x0000003402900000) (1024K)]
  0x0000021b644ce920 JavaThread "Notification Thread"        daemon [_thread_blocked, id=9132, stack(0x0000003402900000,0x0000003402a00000) (1024K)]
  0x0000021b64ee3bb0 JavaThread "C2 CompilerThread2"         daemon [_thread_blocked, id=12696, stack(0x0000003402a00000,0x0000003402b00000) (1024K)]
  0x0000021b64ef4fc0 JavaThread "surefire-forkedjvm-command-thread" daemon [_thread_in_native, id=4888, stack(0x0000003402b00000,0x0000003402c00000) (1024K)]
  0x0000021b64eaa580 JavaThread "surefire-forkedjvm-ping-30s" daemon [_thread_blocked, id=1528, stack(0x0000003403100000,0x0000003403200000) (1024K)]
  0x0000021b67704950 JavaThread "Exec Default Executor"      daemon [_thread_in_native, id=7152, stack(0x0000003403400000,0x0000003403500000) (1024K)]
  0x0000021b67705670 JavaThread "Exec Stream Pumper"         daemon [_thread_in_native, id=5204, stack(0x0000003403500000,0x0000003403600000) (1024K)]
  0x0000021b67704fe0 JavaThread "Exec Stream Pumper"         daemon [_thread_in_native, id=8708, stack(0x0000003403600000,0x0000003403700000) (1024K)]
Total: 18

Other Threads:
  0x0000021b1e53a0b0 VMThread "VM Thread"                           [id=8736, stack(0x0000003401e00000,0x0000003401f00000) (1024K)]
  0x0000021b1e528cb0 WatcherThread "VM Periodic Task Thread"        [id=6848, stack(0x0000003401d00000,0x0000003401e00000) (1024K)]
  0x0000021b7ef203c0 WorkerThread "GC Thread#0"                     [id=12204, stack(0x0000003401800000,0x0000003401900000) (1024K)]
  0x0000021b651e07f0 WorkerThread "GC Thread#1"                     [id=12332, stack(0x0000003402c00000,0x0000003402d00000) (1024K)]
  0x0000021b651e0ba0 WorkerThread "GC Thread#2"                     [id=10872, stack(0x0000003402d00000,0x0000003402e00000) (1024K)]
  0x0000021b64e2f880 WorkerThread "GC Thread#3"                     [id=3292, stack(0x0000003402e00000,0x0000003402f00000) (1024K)]
  0x0000021b64eb0580 WorkerThread "GC Thread#4"                     [id=5268, stack(0x0000003402f00000,0x0000003403000000) (1024K)]
  0x0000021b64eb1130 WorkerThread "GC Thread#5"                     [id=10664, stack(0x0000003403000000,0x0000003403100000) (1024K)]
  0x0000021b6543e850 WorkerThread "GC Thread#6"                     [id=12160, stack(0x0000003403200000,0x0000003403300000) (1024K)]
  0x0000021b651fd430 WorkerThread "GC Thread#7"                     [id=8400, stack(0x0000003403300000,0x0000003403400000) (1024K)]
  0x0000021b7ef354e0 ConcurrentGCThread "G1 Main Marker"            [id=9096, stack(0x0000003401900000,0x0000003401a00000) (1024K)]
  0x0000021b7ef36bb0 WorkerThread "G1 Conc#0"                       [id=8608, stack(0x0000003401a00000,0x0000003401b00000) (1024K)]
  0x0000021b7ef7ea50 ConcurrentGCThread "G1 Refine#0"               [id=2892, stack(0x0000003401b00000,0x0000003401c00000) (1024K)]
  0x0000021b1e3e67f0 ConcurrentGCThread "G1 Service"                [id=7852, stack(0x0000003401c00000,0x0000003401d00000) (1024K)]
Total: 14

Threads with active compile tasks:
C2 CompilerThread1  5291 3342       4       org.aspectj.apache.bcel.generic.MethodGen::<init> (998 bytes)
Total: 1

VM state: not at safepoint (normal execution)

VM Mutex/Monitor currently owned by a thread: None

Heap address: 0x0000000701200000, size: 4078 MB, Compressed Oops mode: Zero based, Oop shift amount: 3

CDS archive(s) mapped at: [0x0000021b1f000000-0x0000021b1fd70000-0x0000021b1fd70000), size 14090240, SharedBaseAddress: 0x0000021b1f000000, ArchiveRelocationMode: 1.
Compressed class space mapped at: 0x0000021b20000000-0x0000021b60000000, reserved size: 1073741824
Narrow klass base: 0x0000021b1f000000, Narrow klass shift: 0, Narrow klass range: 0x41000000

GC Precious Log:
 CardTable entry size: 512
 Card Set container configuration: InlinePtr #cards 4 size 8 Array Of Cards #cards 16 size 48 Howl #buckets 8 coarsen threshold 3686 Howl Bitmap #cards 512 size 80 coarsen threshold 460 Card regions per heap region 1 cards per card region 4096
 CPUs: 8 total, 8 available
 Memory: 16304M
 Large Page Support: Disabled
 NUMA Support: Disabled
 Compressed Oops: Enabled (Zero based)
 Heap Region Size: 2M
 Heap Min Capacity: 8M
 Heap Initial Capacity: 256M
 Heap Max Capacity: 4078M
 Pre-touch: Disabled
 Parallel Workers: 8
 Concurrent Workers: 2
 Concurrent Refinement Workers: 8
 Periodic GC: Disabled

Heap:
 garbage-first heap   total reserved 4175872K, committed 262144K, used 102347K [0x0000000701200000, 0x0000000800000000)
  region size 2048K, 42 young (86016K), 3 survivors (6144K)
 Metaspace       used 19928K, committed 20224K, reserved 1114112K
  class space    used 2150K, committed 2304K, reserved 1048576K

Heap Regions: E=young(eden), S=young(survivor), O=old, HS=humongous(starts), HC=humongous(continues), CS=collection set, F=free, TAMS=top-at-mark-start, PB=parsable bottom
|   0|0x0000000701200000, 0x0000000701400000, 0x0000000701400000|100%| O|  |TAMS 0x0000000701200000| PB 0x0000000701200000| Untracked |  0
|   1|0x0000000701400000, 0x0000000701600000, 0x0000000701600000|100%| O|  |TAMS 0x0000000701400000| PB 0x0000000701400000| Untracked |  0
|   2|0x0000000701600000, 0x0000000701800000, 0x0000000701800000|100%| O|  |TAMS 0x0000000701600000| PB 0x0000000701600000| Untracked |  0
|   3|0x0000000701800000, 0x0000000701a00000, 0x0000000701a00000|100%| O|  |TAMS 0x0000000701800000| PB 0x0000000701800000| Untracked |  0
|   4|0x0000000701a00000, 0x0000000701c00000, 0x0000000701c00000|100%| O|  |TAMS 0x0000000701a00000| PB 0x0000000701a00000| Untracked |  0
|   5|0x0000000701c00000, 0x0000000701e00000, 0x0000000701e00000|100%| O|  |TAMS 0x0000000701c00000| PB 0x0000000701c00000| Untracked |  0
|   6|0x0000000701e00000, 0x0000000702000000, 0x0000000702000000|100%| O|  |TAMS 0x0000000701e00000| PB 0x0000000701e00000| Untracked |  0
|   7|0x0000000702000000, 0x0000000702200000, 0x0000000702200000|100%| O|  |TAMS 0x0000000702000000| PB 0x0000000702000000| Untracked |  0
|   8|0x0000000702200000, 0x0000000702400000, 0x0000000702400000|100%| O|  |TAMS 0x0000000702200000| PB 0x0000000702200000| Untracked |  0
|   9|0x0000000702400000, 0x0000000702597640, 0x0000000702600000| 79%| O|  |TAMS 0x0000000702400000| PB 0x0000000702400000| Untracked |  0
|  10|0x0000000702600000, 0x0000000702600000, 0x0000000702800000|  0%| F|  |TAMS 0x0000000702600000| PB 0x0000000702600000| Untracked |  0
|  11|0x0000000702800000, 0x0000000702800000, 0x0000000702a00000|  0%| F|  |TAMS 0x0000000702800000| PB 0x0000000702800000| Untracked |  0
|  12|0x0000000702a00000, 0x0000000702a00000, 0x0000000702c00000|  0%| F|  |TAMS 0x0000000702a00000| PB 0x0000000702a00000| Untracked |  0
|  13|0x0000000702c00000, 0x0000000702c00000, 0x0000000702e00000|  0%| F|  |TAMS 0x0000000702c00000| PB 0x0000000702c00000| Untracked |  0
|  14|0x0000000702e00000, 0x0000000702e00000, 0x0000000703000000|  0%| F|  |TAMS 0x0000000702e00000| PB 0x0000000702e00000| Untracked |  0
|  15|0x0000000703000000, 0x0000000703000000, 0x0000000703200000|  0%| F|  |TAMS 0x0000000703000000| PB 0x0000000703000000| Untracked |  0
|  16|0x0000000703200000, 0x0000000703200000, 0x0000000703400000|  0%| F|  |TAMS 0x0000000703200000| PB 0x0000000703200000| Untracked |  0
|  17|0x0000000703400000, 0x0000000703400000, 0x0000000703600000|  0%| F|  |TAMS 0x0000000703400000| PB 0x0000000703400000| Untracked |  0
|  18|0x0000000703600000, 0x0000000703600000, 0x0000000703800000|  0%| F|  |TAMS 0x0000000703600000| PB 0x0000000703600000| Untracked |  0
|  19|0x0000000703800000, 0x0000000703800000, 0x0000000703a00000|  0%| F|  |TAMS 0x0000000703800000| PB 0x0000000703800000| Untracked |  0
|  20|0x0000000703a00000, 0x0000000703a00000, 0x0000000703c00000|  0%| F|  |TAMS 0x0000000703a00000| PB 0x0000000703a00000| Untracked |  0
|  21|0x0000000703c00000, 0x0000000703c00000, 0x0000000703e00000|  0%| F|  |TAMS 0x0000000703c00000| PB 0x0000000703c00000| Untracked |  0
|  22|0x0000000703e00000, 0x0000000703e00000, 0x0000000704000000|  0%| F|  |TAMS 0x0000000703e00000| PB 0x0000000703e00000| Untracked |  0
|  23|0x0000000704000000, 0x0000000704000000, 0x0000000704200000|  0%| F|  |TAMS 0x0000000704000000| PB 0x0000000704000000| Untracked |  0
|  24|0x0000000704200000, 0x0000000704200000, 0x0000000704400000|  0%| F|  |TAMS 0x0000000704200000| PB 0x0000000704200000| Untracked |  0
|  25|0x0000000704400000, 0x0000000704400000, 0x0000000704600000|  0%| F|  |TAMS 0x0000000704400000| PB 0x0000000704400000| Untracked |  0
|  26|0x0000000704600000, 0x0000000704600000, 0x0000000704800000|  0%| F|  |TAMS 0x0000000704600000| PB 0x0000000704600000| Untracked |  0
|  27|0x0000000704800000, 0x0000000704800000, 0x0000000704a00000|  0%| F|  |TAMS 0x0000000704800000| PB 0x0000000704800000| Untracked |  0
|  28|0x0000000704a00000, 0x0000000704a00000, 0x0000000704c00000|  0%| F|  |TAMS 0x0000000704a00000| PB 0x0000000704a00000| Untracked |  0
|  29|0x0000000704c00000, 0x0000000704c00000, 0x0000000704e00000|  0%| F|  |TAMS 0x0000000704c00000| PB 0x0000000704c00000| Untracked |  0
|  30|0x0000000704e00000, 0x0000000704e00000, 0x0000000705000000|  0%| F|  |TAMS 0x0000000704e00000| PB 0x0000000704e00000| Untracked |  0
|  31|0x0000000705000000, 0x0000000705000000, 0x0000000705200000|  0%| F|  |TAMS 0x0000000705000000| PB 0x0000000705000000| Untracked |  0
|  32|0x0000000705200000, 0x0000000705200000, 0x0000000705400000|  0%| F|  |TAMS 0x0000000705200000| PB 0x0000000705200000| Untracked |  0
|  33|0x0000000705400000, 0x0000000705400000, 0x0000000705600000|  0%| F|  |TAMS 0x0000000705400000| PB 0x0000000705400000| Untracked |  0
|  34|0x0000000705600000, 0x0000000705600000, 0x0000000705800000|  0%| F|  |TAMS 0x0000000705600000| PB 0x0000000705600000| Untracked |  0
|  35|0x0000000705800000, 0x0000000705800000, 0x0000000705a00000|  0%| F|  |TAMS 0x0000000705800000| PB 0x0000000705800000| Untracked |  0
|  36|0x0000000705a00000, 0x0000000705a00000, 0x0000000705c00000|  0%| F|  |TAMS 0x0000000705a00000| PB 0x0000000705a00000| Untracked |  0
|  37|0x0000000705c00000, 0x0000000705c00000, 0x0000000705e00000|  0%| F|  |TAMS 0x0000000705c00000| PB 0x0000000705c00000| Untracked |  0
|  38|0x0000000705e00000, 0x0000000705e00000, 0x0000000706000000|  0%| F|  |TAMS 0x0000000705e00000| PB 0x0000000705e00000| Untracked |  0
|  39|0x0000000706000000, 0x0000000706000000, 0x0000000706200000|  0%| F|  |TAMS 0x0000000706000000| PB 0x0000000706000000| Untracked |  0
|  40|0x0000000706200000, 0x0000000706200000, 0x0000000706400000|  0%| F|  |TAMS 0x0000000706200000| PB 0x0000000706200000| Untracked |  0
|  41|0x0000000706400000, 0x0000000706400000, 0x0000000706600000|  0%| F|  |TAMS 0x0000000706400000| PB 0x0000000706400000| Untracked |  0
|  42|0x0000000706600000, 0x0000000706600000, 0x0000000706800000|  0%| F|  |TAMS 0x0000000706600000| PB 0x0000000706600000| Untracked |  0
|  43|0x0000000706800000, 0x0000000706800000, 0x0000000706a00000|  0%| F|  |TAMS 0x0000000706800000| PB 0x0000000706800000| Untracked |  0
|  44|0x0000000706a00000, 0x0000000706a00000, 0x0000000706c00000|  0%| F|  |TAMS 0x0000000706a00000| PB 0x0000000706a00000| Untracked |  0
|  45|0x0000000706c00000, 0x0000000706c00000, 0x0000000706e00000|  0%| F|  |TAMS 0x0000000706c00000| PB 0x0000000706c00000| Untracked |  0
|  46|0x0000000706e00000, 0x0000000706e00000, 0x0000000707000000|  0%| F|  |TAMS 0x0000000706e00000| PB 0x0000000706e00000| Untracked |  0
|  47|0x0000000707000000, 0x0000000707000000, 0x0000000707200000|  0%| F|  |TAMS 0x0000000707000000| PB 0x0000000707000000| Untracked |  0
|  48|0x0000000707200000, 0x0000000707200000, 0x0000000707400000|  0%| F|  |TAMS 0x0000000707200000| PB 0x0000000707200000| Untracked |  0
|  49|0x0000000707400000, 0x0000000707400000, 0x0000000707600000|  0%| F|  |TAMS 0x0000000707400000| PB 0x0000000707400000| Untracked |  0
|  50|0x0000000707600000, 0x0000000707600000, 0x0000000707800000|  0%| F|  |TAMS 0x0000000707600000| PB 0x0000000707600000| Untracked |  0
|  51|0x0000000707800000, 0x0000000707800000, 0x0000000707a00000|  0%| F|  |TAMS 0x0000000707800000| PB 0x0000000707800000| Untracked |  0
|  52|0x0000000707a00000, 0x0000000707a00000, 0x0000000707c00000|  0%| F|  |TAMS 0x0000000707a00000| PB 0x0000000707a00000| Untracked |  0
|  53|0x0000000707c00000, 0x0000000707c00000, 0x0000000707e00000|  0%| F|  |TAMS 0x0000000707c00000| PB 0x0000000707c00000| Untracked |  0
|  54|0x0000000707e00000, 0x0000000707e00000, 0x0000000708000000|  0%| F|  |TAMS 0x0000000707e00000| PB 0x0000000707e00000| Untracked |  0
|  55|0x0000000708000000, 0x0000000708000000, 0x0000000708200000|  0%| F|  |TAMS 0x0000000708000000| PB 0x0000000708000000| Untracked |  0
|  56|0x0000000708200000, 0x0000000708200000, 0x0000000708400000|  0%| F|  |TAMS 0x0000000708200000| PB 0x0000000708200000| Untracked |  0
|  57|0x0000000708400000, 0x0000000708400000, 0x0000000708600000|  0%| F|  |TAMS 0x0000000708400000| PB 0x0000000708400000| Untracked |  0
|  58|0x0000000708600000, 0x0000000708600000, 0x0000000708800000|  0%| F|  |TAMS 0x0000000708600000| PB 0x0000000708600000| Untracked |  0
|  59|0x0000000708800000, 0x0000000708800000, 0x0000000708a00000|  0%| F|  |TAMS 0x0000000708800000| PB 0x0000000708800000| Untracked |  0
|  60|0x0000000708a00000, 0x0000000708a00000, 0x0000000708c00000|  0%| F|  |TAMS 0x0000000708a00000| PB 0x0000000708a00000| Untracked |  0
|  61|0x0000000708c00000, 0x0000000708c00000, 0x0000000708e00000|  0%| F|  |TAMS 0x0000000708c00000| PB 0x0000000708c00000| Untracked |  0
|  62|0x0000000708e00000, 0x0000000708e00000, 0x0000000709000000|  0%| F|  |TAMS 0x0000000708e00000| PB 0x0000000708e00000| Untracked |  0
|  63|0x0000000709000000, 0x0000000709000000, 0x0000000709200000|  0%| F|  |TAMS 0x0000000709000000| PB 0x0000000709000000| Untracked |  0
|  64|0x0000000709200000, 0x0000000709200000, 0x0000000709400000|  0%| F|  |TAMS 0x0000000709200000| PB 0x0000000709200000| Untracked |  0
|  65|0x0000000709400000, 0x0000000709400000, 0x0000000709600000|  0%| F|  |TAMS 0x0000000709400000| PB 0x0000000709400000| Untracked |  0
|  66|0x0000000709600000, 0x0000000709600000, 0x0000000709800000|  0%| F|  |TAMS 0x0000000709600000| PB 0x0000000709600000| Untracked |  0
|  67|0x0000000709800000, 0x0000000709800000, 0x0000000709a00000|  0%| F|  |TAMS 0x0000000709800000| PB 0x0000000709800000| Untracked |  0
|  68|0x0000000709a00000, 0x0000000709a00000, 0x0000000709c00000|  0%| F|  |TAMS 0x0000000709a00000| PB 0x0000000709a00000| Untracked |  0
|  69|0x0000000709c00000, 0x0000000709c00000, 0x0000000709e00000|  0%| F|  |TAMS 0x0000000709c00000| PB 0x0000000709c00000| Untracked |  0
|  70|0x0000000709e00000, 0x0000000709e00000, 0x000000070a000000|  0%| F|  |TAMS 0x0000000709e00000| PB 0x0000000709e00000| Untracked |  0
|  71|0x000000070a000000, 0x000000070a000000, 0x000000070a200000|  0%| F|  |TAMS 0x000000070a000000| PB 0x000000070a000000| Untracked |  0
|  72|0x000000070a200000, 0x000000070a200000, 0x000000070a400000|  0%| F|  |TAMS 0x000000070a200000| PB 0x000000070a200000| Untracked |  0
|  73|0x000000070a400000, 0x000000070a400000, 0x000000070a600000|  0%| F|  |TAMS 0x000000070a400000| PB 0x000000070a400000| Untracked |  0
|  74|0x000000070a600000, 0x000000070a600000, 0x000000070a800000|  0%| F|  |TAMS 0x000000070a600000| PB 0x000000070a600000| Untracked |  0
|  75|0x000000070a800000, 0x000000070a800000, 0x000000070aa00000|  0%| F|  |TAMS 0x000000070a800000| PB 0x000000070a800000| Untracked |  0
|  76|0x000000070aa00000, 0x000000070aa00000, 0x000000070ac00000|  0%| F|  |TAMS 0x000000070aa00000| PB 0x000000070aa00000| Untracked |  0
|  77|0x000000070ac00000, 0x000000070ac00000, 0x000000070ae00000|  0%| F|  |TAMS 0x000000070ac00000| PB 0x000000070ac00000| Untracked |  0
|  78|0x000000070ae00000, 0x000000070ae00000, 0x000000070b000000|  0%| F|  |TAMS 0x000000070ae00000| PB 0x000000070ae00000| Untracked |  0
|  79|0x000000070b000000, 0x000000070b000000, 0x000000070b200000|  0%| F|  |TAMS 0x000000070b000000| PB 0x000000070b000000| Untracked |  0
|  80|0x000000070b200000, 0x000000070b200000, 0x000000070b400000|  0%| F|  |TAMS 0x000000070b200000| PB 0x000000070b200000| Untracked |  0
|  81|0x000000070b400000, 0x000000070b400000, 0x000000070b600000|  0%| F|  |TAMS 0x000000070b400000| PB 0x000000070b400000| Untracked |  0
|  82|0x000000070b600000, 0x000000070b600000, 0x000000070b800000|  0%| F|  |TAMS 0x000000070b600000| PB 0x000000070b600000| Untracked |  0
|  83|0x000000070b800000, 0x000000070b800000, 0x000000070ba00000|  0%| F|  |TAMS 0x000000070b800000| PB 0x000000070b800000| Untracked |  0
|  84|0x000000070ba00000, 0x000000070ba00000, 0x000000070bc00000|  0%| F|  |TAMS 0x000000070ba00000| PB 0x000000070ba00000| Untracked |  0
|  85|0x000000070bc00000, 0x000000070bc00000, 0x000000070be00000|  0%| F|  |TAMS 0x000000070bc00000| PB 0x000000070bc00000| Untracked |  0
|  86|0x000000070be00000, 0x000000070bf028f8, 0x000000070c000000| 50%| E|  |TAMS 0x000000070be00000| PB 0x000000070be00000| Complete |  0
|  87|0x000000070c000000, 0x000000070c200000, 0x000000070c200000|100%| E|CS|TAMS 0x000000070c000000| PB 0x000000070c000000| Complete |  0
|  88|0x000000070c200000, 0x000000070c400000, 0x000000070c400000|100%| E|CS|TAMS 0x000000070c200000| PB 0x000000070c200000| Complete |  0
|  89|0x000000070c400000, 0x000000070c600000, 0x000000070c600000|100%| E|CS|TAMS 0x000000070c400000| PB 0x000000070c400000| Complete |  0
|  90|0x000000070c600000, 0x000000070c800000, 0x000000070c800000|100%| E|CS|TAMS 0x000000070c600000| PB 0x000000070c600000| Complete |  0
|  91|0x000000070c800000, 0x000000070ca00000, 0x000000070ca00000|100%| E|CS|TAMS 0x000000070c800000| PB 0x000000070c800000| Complete |  0
|  92|0x000000070ca00000, 0x000000070cc00000, 0x000000070cc00000|100%| E|CS|TAMS 0x000000070ca00000| PB 0x000000070ca00000| Complete |  0
|  93|0x000000070cc00000, 0x000000070ce00000, 0x000000070ce00000|100%| E|CS|TAMS 0x000000070cc00000| PB 0x000000070cc00000| Complete |  0
|  94|0x000000070ce00000, 0x000000070d000000, 0x000000070d000000|100%| E|CS|TAMS 0x000000070ce00000| PB 0x000000070ce00000| Complete |  0
|  95|0x000000070d000000, 0x000000070d05b5c0, 0x000000070d200000| 17%| S|CS|TAMS 0x000000070d000000| PB 0x000000070d000000| Complete |  0
|  96|0x000000070d200000, 0x000000070d400000, 0x000000070d400000|100%| S|CS|TAMS 0x000000070d200000| PB 0x000000070d200000| Complete |  0
|  97|0x000000070d400000, 0x000000070d600000, 0x000000070d600000|100%| S|CS|TAMS 0x000000070d400000| PB 0x000000070d400000| Complete |  0
|  98|0x000000070d600000, 0x000000070d800000, 0x000000070d800000|100%| E|CS|TAMS 0x000000070d600000| PB 0x000000070d600000| Complete |  0
|  99|0x000000070d800000, 0x000000070da00000, 0x000000070da00000|100%| E|CS|TAMS 0x000000070d800000| PB 0x000000070d800000| Complete |  0
| 100|0x000000070da00000, 0x000000070dc00000, 0x000000070dc00000|100%| E|CS|TAMS 0x000000070da00000| PB 0x000000070da00000| Complete |  0
| 101|0x000000070dc00000, 0x000000070de00000, 0x000000070de00000|100%| E|CS|TAMS 0x000000070dc00000| PB 0x000000070dc00000| Complete |  0
| 102|0x000000070de00000, 0x000000070e000000, 0x000000070e000000|100%| E|CS|TAMS 0x000000070de00000| PB 0x000000070de00000| Complete |  0
| 103|0x000000070e000000, 0x000000070e200000, 0x000000070e200000|100%| E|CS|TAMS 0x000000070e000000| PB 0x000000070e000000| Complete |  0
| 104|0x000000070e200000, 0x000000070e400000, 0x000000070e400000|100%| E|CS|TAMS 0x000000070e200000| PB 0x000000070e200000| Complete |  0
| 105|0x000000070e400000, 0x000000070e600000, 0x000000070e600000|100%| E|CS|TAMS 0x000000070e400000| PB 0x000000070e400000| Complete |  0
| 106|0x000000070e600000, 0x000000070e800000, 0x000000070e800000|100%| E|CS|TAMS 0x000000070e600000| PB 0x000000070e600000| Complete |  0
| 107|0x000000070e800000, 0x000000070ea00000, 0x000000070ea00000|100%| E|CS|TAMS 0x000000070e800000| PB 0x000000070e800000| Complete |  0
| 108|0x000000070ea00000, 0x000000070ec00000, 0x000000070ec00000|100%| E|CS|TAMS 0x000000070ea00000| PB 0x000000070ea00000| Complete |  0
| 109|0x000000070ec00000, 0x000000070ee00000, 0x000000070ee00000|100%| E|CS|TAMS 0x000000070ec00000| PB 0x000000070ec00000| Complete |  0
| 110|0x000000070ee00000, 0x000000070f000000, 0x000000070f000000|100%| E|CS|TAMS 0x000000070ee00000| PB 0x000000070ee00000| Complete |  0
| 111|0x000000070f000000, 0x000000070f200000, 0x000000070f200000|100%| E|CS|TAMS 0x000000070f000000| PB 0x000000070f000000| Complete |  0
| 112|0x000000070f200000, 0x000000070f400000, 0x000000070f400000|100%| E|CS|TAMS 0x000000070f200000| PB 0x000000070f200000| Complete |  0
| 113|0x000000070f400000, 0x000000070f600000, 0x000000070f600000|100%| E|CS|TAMS 0x000000070f400000| PB 0x000000070f400000| Complete |  0
| 114|0x000000070f600000, 0x000000070f800000, 0x000000070f800000|100%| E|CS|TAMS 0x000000070f600000| PB 0x000000070f600000| Complete |  0
| 115|0x000000070f800000, 0x000000070fa00000, 0x000000070fa00000|100%| E|CS|TAMS 0x000000070f800000| PB 0x000000070f800000| Complete |  0
| 116|0x000000070fa00000, 0x000000070fc00000, 0x000000070fc00000|100%| E|CS|TAMS 0x000000070fa00000| PB 0x000000070fa00000| Complete |  0
| 117|0x000000070fc00000, 0x000000070fe00000, 0x000000070fe00000|100%| E|CS|TAMS 0x000000070fc00000| PB 0x000000070fc00000| Complete |  0
| 118|0x000000070fe00000, 0x0000000710000000, 0x0000000710000000|100%| E|CS|TAMS 0x000000070fe00000| PB 0x000000070fe00000| Complete |  0
| 119|0x0000000710000000, 0x0000000710200000, 0x0000000710200000|100%| E|CS|TAMS 0x0000000710000000| PB 0x0000000710000000| Complete |  0
| 120|0x0000000710200000, 0x0000000710400000, 0x0000000710400000|100%| E|CS|TAMS 0x0000000710200000| PB 0x0000000710200000| Complete |  0
| 121|0x0000000710400000, 0x0000000710600000, 0x0000000710600000|100%| E|CS|TAMS 0x0000000710400000| PB 0x0000000710400000| Complete |  0
| 122|0x0000000710600000, 0x0000000710800000, 0x0000000710800000|100%| E|CS|TAMS 0x0000000710600000| PB 0x0000000710600000| Complete |  0
| 123|0x0000000710800000, 0x0000000710a00000, 0x0000000710a00000|100%| E|CS|TAMS 0x0000000710800000| PB 0x0000000710800000| Complete |  0
| 124|0x0000000710a00000, 0x0000000710c00000, 0x0000000710c00000|100%| E|CS|TAMS 0x0000000710a00000| PB 0x0000000710a00000| Complete |  0
| 125|0x0000000710c00000, 0x0000000710e00000, 0x0000000710e00000|100%| E|CS|TAMS 0x0000000710c00000| PB 0x0000000710c00000| Complete |  0
| 126|0x0000000710e00000, 0x0000000711000000, 0x0000000711000000|100%| E|CS|TAMS 0x0000000710e00000| PB 0x0000000710e00000| Complete |  0
| 127|0x0000000711000000, 0x0000000711200000, 0x0000000711200000|100%| E|CS|TAMS 0x0000000711000000| PB 0x0000000711000000| Complete |  0

Card table byte_map: [0x0000021b17670000,0x0000021b17e70000] _byte_map_base: 0x0000021b13e67000

Marking Bits: (CMBitMap*) 0x0000021b7ef20ad0
 Bits: [0x0000021b17e70000, 0x0000021b1be28000)

Polling page: 0x0000021b7cbf0000

Metaspace:

Usage:
  Non-class:     17.36 MB used.
      Class:      2.10 MB used.
       Both:     19.46 MB used.

Virtual space:
  Non-class space:       64.00 MB reserved,      17.50 MB ( 27%) committed,  1 nodes.
      Class space:        1.00 GB reserved,       2.25 MB ( <1%) committed,  1 nodes.
             Both:        1.06 GB reserved,      19.75 MB (  2%) committed. 

Chunk freelists:
   Non-Class:  14.25 MB
       Class:  13.69 MB
        Both:  27.94 MB

MaxMetaspaceSize: unlimited
CompressedClassSpaceSize: 1.00 GB
Initial GC threshold: 21.00 MB
Current GC threshold: 21.00 MB
CDS: on
 - commit_granule_bytes: 65536.
 - commit_granule_words: 8192.
 - virtual_space_node_default_size: 8388608.
 - enlarge_chunks_in_place: 1.
 - use_allocation_guard: 0.


Internal statistics:

num_allocs_failed_limit: 0.
num_arena_births: 346.
num_arena_deaths: 0.
num_vsnodes_births: 2.
num_vsnodes_deaths: 0.
num_space_committed: 316.
num_space_uncommitted: 0.
num_chunks_returned_to_freelist: 0.
num_chunks_taken_from_freelist: 975.
num_chunk_merges: 0.
num_chunk_splits: 655.
num_chunks_enlarged: 454.
num_inconsistent_stats: 0.

CodeHeap 'non-profiled nmethods': size=120064Kb used=1867Kb max_used=1867Kb free=118196Kb
 bounds [0x0000021b10130000, 0x0000021b103a0000, 0x0000021b17670000]
CodeHeap 'profiled nmethods': size=120000Kb used=6324Kb max_used=6324Kb free=113675Kb
 bounds [0x0000021b08670000, 0x0000021b08ca0000, 0x0000021b0fba0000]
CodeHeap 'non-nmethods': size=5696Kb used=1493Kb max_used=1548Kb free=4202Kb
 bounds [0x0000021b0fba0000, 0x0000021b0fe10000, 0x0000021b10130000]
CodeCache: size=245760Kb, used=9684Kb, max_used=9739Kb, free=236073Kb
 total_blobs=4010, nmethods=3430, adapters=485, full_count=0
Compilation: enabled, stopped_count=0, restarted_count=0

Compilation events (20 events):
Event: 5.002 Thread 0x0000021b1e5895b0 nmethod 3429 0x0000021b08c9bd88 code [0x0000021b08c9bec0, 0x0000021b08c9c170]
Event: 5.002 Thread 0x0000021b1e5895b0 3428       3       java.lang.ProcessEnvironment$CheckedEntry::getKey (5 bytes)
Event: 5.003 Thread 0x0000021b1e5895b0 nmethod 3428 0x0000021b08c9c188 code [0x0000021b08c9c2c0, 0x0000021b08c9c5c8]
Event: 5.003 Thread 0x0000021b1e5895b0 3430       3       java.lang.StringUTF16::length (5 bytes)
Event: 5.003 Thread 0x0000021b1e5895b0 nmethod 3430 0x0000021b08c9c608 code [0x0000021b08c9c720, 0x0000021b08c9c818]
Event: 5.004 Thread 0x0000021b1e5895b0 3431       3       java.lang.StringUTF16::putChar (54 bytes)
Event: 5.004 Thread 0x0000021b1e5895b0 nmethod 3431 0x0000021b08c9c908 code [0x0000021b08c9ca20, 0x0000021b08c9cb70]
Event: 5.083 Thread 0x0000021b1e5646d0 nmethod 3362 0x0000021b102f4988 code [0x0000021b102f5180, 0x0000021b102fbe18]
Event: 5.085 Thread 0x0000021b1e5646d0 3425       4       java.lang.reflect.Modifier::isStatic (13 bytes)
Event: 5.086 Thread 0x0000021b1e5646d0 nmethod 3425 0x0000021b102fc288 code [0x0000021b102fc380, 0x0000021b102fc3f0]
Event: 5.086 Thread 0x0000021b1e5646d0 3423       4       org.aspectj.apache.bcel.classfile.LocalVariableTable::<init> (35 bytes)
Event: 5.110 Thread 0x0000021b1e5646d0 nmethod 3423 0x0000021b102fc588 code [0x0000021b102fc6a0, 0x0000021b102fcb50]
Event: 5.110 Thread 0x0000021b1e5646d0 3384       4       java.util.zip.ZipUtils::get16 (21 bytes)
Event: 5.113 Thread 0x0000021b1e5646d0 nmethod 3384 0x0000021b102fcc08 code [0x0000021b102fcd00, 0x0000021b102fcde0]
Event: 5.113 Thread 0x0000021b1e5646d0 3343       4       java.util.Collections$EmptyList::toArray (5 bytes)
Event: 5.115 Thread 0x0000021b1e5646d0 nmethod 3343 0x0000021b102fcf08 code [0x0000021b102fd000, 0x0000021b102fd0f8]
Event: 5.115 Thread 0x0000021b1e5646d0 3391       4       org.aspectj.apache.bcel.generic.InstructionHandle::getInstructionHandle (9 bytes)
Event: 5.121 Thread 0x0000021b1e5646d0 nmethod 3391 0x0000021b102fd208 code [0x0000021b102fd320, 0x0000021b102fd490]
Event: 5.190 Thread 0x0000021b1e5895b0 3432       3       java.io.BufferedInputStream::getInIfOpen (21 bytes)
Event: 5.191 Thread 0x0000021b1e5895b0 nmethod 3432 0x0000021b08c9cc08 code [0x0000021b08c9cd40, 0x0000021b08c9cf48]

GC Heap History (8 events):
Event: 0.999 GC heap before
{Heap before GC invocations=0 (full 0):
 garbage-first heap   total reserved 4175872K, committed 262144K, used 24576K [0x0000000701200000, 0x0000000800000000)
  region size 2048K, 12 young (24576K), 0 survivors (0K)
 Metaspace       used 6585K, committed 6720K, reserved 1114112K
  class space    used 629K, committed 704K, reserved 1048576K
}
Event: 1.012 GC heap after
{Heap after GC invocations=1 (full 0):
 garbage-first heap   total reserved 4175872K, committed 262144K, used 6442K [0x0000000701200000, 0x0000000800000000)
  region size 2048K, 2 young (4096K), 2 survivors (4096K)
 Metaspace       used 6585K, committed 6720K, reserved 1114112K
  class space    used 629K, committed 704K, reserved 1048576K
}
Event: 1.714 GC heap before
{Heap before GC invocations=1 (full 0):
 garbage-first heap   total reserved 4175872K, committed 262144K, used 26922K [0x0000000701200000, 0x0000000800000000)
  region size 2048K, 12 young (24576K), 2 survivors (4096K)
 Metaspace       used 9209K, committed 9280K, reserved 1114112K
  class space    used 870K, committed 896K, reserved 1048576K
}
Event: 1.721 GC heap after
{Heap after GC invocations=2 (full 0):
 garbage-first heap   total reserved 4175872K, committed 262144K, used 10629K [0x0000000701200000, 0x0000000800000000)
  region size 2048K, 2 young (4096K), 2 survivors (4096K)
 Metaspace       used 9209K, committed 9280K, reserved 1114112K
  class space    used 870K, committed 896K, reserved 1048576K
}
Event: 2.642 GC heap before
{Heap before GC invocations=2 (full 0):
 garbage-first heap   total reserved 4175872K, committed 262144K, used 51589K [0x0000000701200000, 0x0000000800000000)
  region size 2048K, 23 young (47104K), 2 survivors (4096K)
 Metaspace       used 11830K, committed 12032K, reserved 1114112K
  class space    used 1133K, committed 1216K, reserved 1048576K
}
Event: 2.650 GC heap after
{Heap after GC invocations=3 (full 0):
 garbage-first heap   total reserved 4175872K, committed 262144K, used 19528K [0x0000000701200000, 0x0000000800000000)
  region size 2048K, 3 young (6144K), 3 survivors (6144K)
 Metaspace       used 11830K, committed 12032K, reserved 1114112K
  class space    used 1133K, committed 1216K, reserved 1048576K
}
Event: 3.349 GC heap before
{Heap before GC invocations=3 (full 0):
 garbage-first heap   total reserved 4175872K, committed 262144K, used 74824K [0x0000000701200000, 0x0000000800000000)
  region size 2048K, 30 young (61440K), 3 survivors (6144K)
 Metaspace       used 14553K, committed 14720K, reserved 1114112K
  class space    used 1414K, committed 1472K, reserved 1048576K
}
Event: 3.355 GC heap after
{Heap after GC invocations=4 (full 0):
 garbage-first heap   total reserved 4175872K, committed 262144K, used 24523K [0x0000000701200000, 0x0000000800000000)
  region size 2048K, 3 young (6144K), 3 survivors (6144K)
 Metaspace       used 14553K, committed 14720K, reserved 1114112K
  class space    used 1414K, committed 1472K, reserved 1048576K
}

Dll operation events (12 events):
Event: 0.004 Loaded shared library C:\Program Files\Java\jdk-23\bin\java.dll
Event: 0.049 Loaded shared library C:\Program Files\Java\jdk-23\bin\jsvml.dll
Event: 0.087 Loaded shared library C:\Program Files\Java\jdk-23\bin\zip.dll
Event: 0.089 Loaded shared library C:\Program Files\Java\jdk-23\bin\instrument.dll
Event: 0.095 Loaded shared library C:\Program Files\Java\jdk-23\bin\net.dll
Event: 0.100 Loaded shared library C:\Program Files\Java\jdk-23\bin\nio.dll
Event: 0.109 Loaded shared library C:\Program Files\Java\jdk-23\bin\zip.dll
Event: 0.257 Loaded shared library C:\Program Files\Java\jdk-23\bin\jimage.dll
Event: 0.285 Loaded shared library C:\Program Files\Java\jdk-23\bin\verify.dll
Event: 1.047 Loaded shared library C:\Program Files\Java\jdk-23\bin\management.dll
Event: 1.048 Loaded shared library C:\Program Files\Java\jdk-23\bin\management_ext.dll
Event: 4.630 Loaded shared library C:\Program Files\Java\jdk-23\bin\extnet.dll

Deoptimization events (20 events):
Event: 4.647 Thread 0x0000021b7eeb4bc0 DEOPT PACKING pc=0x0000021b102940f8 sp=0x00000034017f9850
Event: 4.647 Thread 0x0000021b7eeb4bc0 DEOPT UNPACKING pc=0x0000021b0fbf4402 sp=0x00000034017f9808 mode 2
Event: 4.666 Thread 0x0000021b7eeb4bc0 Uncommon trap: trap_request=0xffffff45 fr.pc=0x0000021b102a0244 relative=0x0000000000000864
Event: 4.666 Thread 0x0000021b7eeb4bc0 Uncommon trap: reason=unstable_if action=reinterpret pc=0x0000021b102a0244 method=org.aspectj.weaver.ReferenceType.isAssignableFrom(Lorg/aspectj/weaver/ResolvedType;Z)Z @ 825 c2
Event: 4.666 Thread 0x0000021b7eeb4bc0 DEOPT PACKING pc=0x0000021b102a0244 sp=0x00000034017f57b0
Event: 4.666 Thread 0x0000021b7eeb4bc0 DEOPT UNPACKING pc=0x0000021b0fbf4402 sp=0x00000034017f5728 mode 2
Event: 4.667 Thread 0x0000021b7eeb4bc0 DEOPT PACKING pc=0x0000021b08c21a3b sp=0x00000034017f4fe0
Event: 4.667 Thread 0x0000021b7eeb4bc0 DEOPT UNPACKING pc=0x0000021b0fbf4b22 sp=0x00000034017f45a0 mode 0
Event: 4.736 Thread 0x0000021b7eeb4bc0 DEOPT PACKING pc=0x0000021b088cee14 sp=0x00000034017fcb50
Event: 4.736 Thread 0x0000021b7eeb4bc0 DEOPT UNPACKING pc=0x0000021b0fbf4b22 sp=0x00000034017fc018 mode 0
Event: 4.736 Thread 0x0000021b7eeb4bc0 Uncommon trap: trap_request=0xffffff45 fr.pc=0x0000021b102e9e9c relative=0x00000000000004bc
Event: 4.736 Thread 0x0000021b7eeb4bc0 Uncommon trap: reason=unstable_if action=reinterpret pc=0x0000021b102e9e9c method=sun.net.util.IPAddressUtil.scan(Ljava/lang/String;JJ[C)I @ 14 c2
Event: 4.736 Thread 0x0000021b7eeb4bc0 DEOPT PACKING pc=0x0000021b102e9e9c sp=0x00000034017fc7f0
Event: 4.736 Thread 0x0000021b7eeb4bc0 DEOPT UNPACKING pc=0x0000021b0fbf4402 sp=0x00000034017fc5e8 mode 2
Event: 4.759 Thread 0x0000021b7eeb4bc0 DEOPT PACKING pc=0x0000021b08c21a3b sp=0x00000034017f86e0
Event: 4.759 Thread 0x0000021b7eeb4bc0 DEOPT UNPACKING pc=0x0000021b0fbf4b22 sp=0x00000034017f7ca0 mode 0
Event: 4.986 Thread 0x0000021b7eeb4bc0 Uncommon trap: trap_request=0xffffff45 fr.pc=0x0000021b1018dd64 relative=0x00000000000006a4
Event: 4.986 Thread 0x0000021b7eeb4bc0 Uncommon trap: reason=unstable_if action=reinterpret pc=0x0000021b1018dd64 method=java.lang.String.replace(CC)Ljava/lang/String; @ 2 c2
Event: 4.986 Thread 0x0000021b7eeb4bc0 DEOPT PACKING pc=0x0000021b1018dd64 sp=0x00000034017fcaa0
Event: 4.986 Thread 0x0000021b7eeb4bc0 DEOPT UNPACKING pc=0x0000021b0fbf4402 sp=0x00000034017fca60 mode 2

Classes loaded (20 events):
Event: 4.951 Loading class jdk/internal/logger/SimpleConsoleLogger done
Event: 4.951 Loading class jdk/internal/logger/SurrogateLogger done
Event: 4.952 Loading class sun/util/logging/PlatformLogger
Event: 4.952 Loading class sun/util/logging/PlatformLogger done
Event: 4.952 Loading class sun/util/logging/PlatformLogger$Level
Event: 4.953 Loading class sun/util/logging/PlatformLogger$Level done
Event: 4.953 Loading class jdk/internal/logger/SimpleConsoleLogger$Formatting
Event: 4.953 Loading class jdk/internal/logger/SimpleConsoleLogger$Formatting done
Event: 4.953 Loading class java/util/logging/ErrorManager
Event: 4.953 Loading class java/util/logging/ErrorManager done
Event: 4.955 Loading class java/util/logging/Handler$1
Event: 4.955 Loading class java/util/logging/Handler$1 done
Event: 4.956 Loading class java/util/logging/StreamHandler$1
Event: 4.956 Loading class java/util/logging/StreamHandler$1 done
Event: 4.957 Loading class java/util/logging/LogManager$CloseOnReset
Event: 4.957 Loading class java/util/logging/LogManager$CloseOnReset done
Event: 4.989 Loading class jdk/internal/event/ThreadSleepEvent
Event: 4.989 Loading class jdk/internal/event/ThreadSleepEvent done
Event: 5.019 Loading class java/io/PipedOutputStream
Event: 5.019 Loading class java/io/PipedOutputStream done

Classes unloaded (0 events):
No events

Classes redefined (0 events):
No events

Internal exceptions (20 events):
Event: 4.100 Thread 0x0000021b7eeb4bc0 Exception <a 'java/lang/ArrayIndexOutOfBoundsException'{0x000000070ecc1098}> (0x000000070ecc1098) 
thrown [s\open\src\hotspot\share\runtime\sharedRuntime.cpp, line 627]
Event: 4.100 Thread 0x0000021b7eeb4bc0 Exception <a 'java/lang/ArrayIndexOutOfBoundsException'{0x000000070ecc1920}> (0x000000070ecc1920) 
thrown [s\open\src\hotspot\share\runtime\sharedRuntime.cpp, line 627]
Event: 4.100 Thread 0x0000021b7eeb4bc0 Exception <a 'java/lang/ArrayIndexOutOfBoundsException'{0x000000070ecc21a8}: Index 7 out of bounds for length 7> (0x000000070ecc21a8) 
thrown [s\open\src\hotspot\share\interpreter\interpreterRuntime.cpp, line 422]
Event: 4.101 Thread 0x0000021b7eeb4bc0 Exception <a 'java/lang/ArrayIndexOutOfBoundsException'{0x000000070ecc57c0}> (0x000000070ecc57c0) 
thrown [s\open\src\hotspot\share\runtime\sharedRuntime.cpp, line 627]
Event: 4.101 Thread 0x0000021b7eeb4bc0 Exception <a 'java/lang/ArrayIndexOutOfBoundsException'{0x000000070ecc6048}> (0x000000070ecc6048) 
thrown [s\open\src\hotspot\share\runtime\sharedRuntime.cpp, line 627]
Event: 4.101 Thread 0x0000021b7eeb4bc0 Exception <a 'java/lang/ArrayIndexOutOfBoundsException'{0x000000070ecc68d0}: Index 7 out of bounds for length 7> (0x000000070ecc68d0) 
thrown [s\open\src\hotspot\share\interpreter\interpreterRuntime.cpp, line 422]
Event: 4.156 Thread 0x0000021b7eeb4bc0 Exception <a 'java/lang/NoSuchMethodError'{0x000000070ed9ee08}: 'java.lang.Object java.lang.invoke.DirectMethodHandle$Holder.invokeStatic(java.lang.Object, java.lang.Object, java.lang.Object, java.lang.Object, int)'> (0x000000070ed9ee08) 
thrown [s\open\src\hotspot\share\interpreter\linkResolver.cpp, line 796]
Event: 4.179 Thread 0x0000021b7eeb4bc0 Exception <a 'java/lang/IncompatibleClassChangeError'{0x000000070ea00a80}: Found class java.lang.Object, but interface was expected> (0x000000070ea00a80) 
thrown [s\open\src\hotspot\share\interpreter\linkResolver.cpp, line 863]
Event: 4.181 Thread 0x0000021b7eeb4bc0 Exception <a 'java/lang/IncompatibleClassChangeError'{0x000000070ea06e20}: Found class java.lang.Object, but interface was expected> (0x000000070ea06e20) 
thrown [s\open\src\hotspot\share\interpreter\linkResolver.cpp, line 863]
Event: 4.184 Thread 0x0000021b7eeb4bc0 Exception <a 'java/lang/IncompatibleClassChangeError'{0x000000070ea0bd58}: Found class java.lang.Object, but interface was expected> (0x000000070ea0bd58) 
thrown [s\open\src\hotspot\share\interpreter\linkResolver.cpp, line 863]
Event: 4.185 Thread 0x0000021b7eeb4bc0 Exception <a 'java/lang/IncompatibleClassChangeError'{0x000000070ea0ec48}: Found class java.lang.Object, but interface was expected> (0x000000070ea0ec48) 
thrown [s\open\src\hotspot\share\interpreter\linkResolver.cpp, line 863]
Event: 4.187 Thread 0x0000021b7eeb4bc0 Exception <a 'java/lang/IncompatibleClassChangeError'{0x000000070ea13dd8}: Found class java.lang.Object, but interface was expected> (0x000000070ea13dd8) 
thrown [s\open\src\hotspot\share\interpreter\linkResolver.cpp, line 863]
Event: 4.189 Thread 0x0000021b7eeb4bc0 Exception <a 'java/lang/IncompatibleClassChangeError'{0x000000070ea16a90}: Found class java.lang.Object, but interface was expected> (0x000000070ea16a90) 
thrown [s\open\src\hotspot\share\interpreter\linkResolver.cpp, line 863]
Event: 4.241 Thread 0x0000021b7eeb4bc0 Exception <a 'java/lang/NoSuchMethodError'{0x000000070e9622a8}: 'java.lang.Object java.lang.invoke.DirectMethodHandle$Holder.invokeInterface(java.lang.Object, java.lang.Object, java.lang.Object, java.lang.Object)'> (0x000000070e9622a8) 
thrown [s\open\src\hotspot\share\interpreter\linkResolver.cpp, line 796]
Event: 4.244 Thread 0x0000021b7eeb4bc0 Exception <a 'java/lang/NoSuchMethodError'{0x000000070e9744a0}: 'void java.lang.invoke.DirectMethodHandle$Holder.invokeVirtual(java.lang.Object, java.lang.Object, java.lang.Object, java.lang.Object)'> (0x000000070e9744a0) 
thrown [s\open\src\hotspot\share\interpreter\linkResolver.cpp, line 796]
Event: 4.413 Thread 0x0000021b7eeb4bc0 Exception <a 'java/lang/NoSuchMethodError'{0x000000070dc8d918}: 'void java.lang.invoke.DirectMethodHandle$Holder.invokeSpecial(java.lang.Object, java.lang.Object, java.lang.Object, java.lang.Object, java.lang.Object, java.lang.Object)'> (0x000000070dc8d918) 
thrown [s\open\src\hotspot\share\interpreter\linkResolver.cpp, line 796]
Event: 4.414 Thread 0x0000021b7eeb4bc0 Exception <a 'java/lang/NoSuchMethodError'{0x000000070dc95210}: 'java.lang.Object java.lang.invoke.DirectMethodHandle$Holder.newInvokeSpecial(java.lang.Object, java.lang.Object, java.lang.Object, java.lang.Object, java.lang.Object, java.lang.Object)'> (0x000000070dc95210) 
thrown [s\open\src\hotspot\share\interpreter\linkResolver.cpp, line 796]
Event: 4.503 Thread 0x0000021b7eeb4bc0 Exception <a 'java/lang/NoSuchMethodError'{0x000000070dbcd928}: 'java.lang.Object java.lang.invoke.DirectMethodHandle$Holder.invokeVirtual(java.lang.Object, java.lang.Object, java.lang.Object, java.lang.Object)'> (0x000000070dbcd928) 
thrown [s\open\src\hotspot\share\interpreter\linkResolver.cpp, line 796]
Event: 4.818 Thread 0x0000021b7eeb4bc0 Exception <a 'java/lang/NoSuchMethodError'{0x000000070c241778}: 'void java.lang.invoke.DirectMethodHandle$Holder.invokeStaticInit(java.lang.Object, java.lang.Object)'> (0x000000070c241778) 
thrown [s\open\src\hotspot\share\interpreter\linkResolver.cpp, line 796]
Event: 4.831 Thread 0x0000021b7eeb4bc0 Exception <a 'sun/nio/fs/WindowsException'{0x000000070c38bc38}> (0x000000070c38bc38) 
thrown [s\open\src\hotspot\share\prims\jni.cpp, line 520]

VM Operations (20 events):
Event: 1.627 Executing VM operation: HandshakeAllThreads (Deoptimize)
Event: 1.627 Executing VM operation: HandshakeAllThreads (Deoptimize) done
Event: 1.714 Executing VM operation: G1CollectForAllocation (G1 Evacuation Pause)
Event: 1.721 Executing VM operation: G1CollectForAllocation (G1 Evacuation Pause) done
Event: 2.055 Executing VM operation: HandshakeAllThreads (Deoptimize)
Event: 2.056 Executing VM operation: HandshakeAllThreads (Deoptimize) done
Event: 2.146 Executing VM operation: HandshakeAllThreads (Deoptimize)
Event: 2.146 Executing VM operation: HandshakeAllThreads (Deoptimize) done
Event: 2.642 Executing VM operation: G1CollectForAllocation (G1 Evacuation Pause)
Event: 2.650 Executing VM operation: G1CollectForAllocation (G1 Evacuation Pause) done
Event: 3.197 Executing VM operation: HandshakeAllThreads (Deoptimize)
Event: 3.197 Executing VM operation: HandshakeAllThreads (Deoptimize) done
Event: 3.349 Executing VM operation: G1CollectForAllocation (G1 Evacuation Pause)
Event: 3.355 Executing VM operation: G1CollectForAllocation (G1 Evacuation Pause) done
Event: 3.442 Executing VM operation: HandshakeAllThreads (Deoptimize)
Event: 3.442 Executing VM operation: HandshakeAllThreads (Deoptimize) done
Event: 4.735 Executing VM operation: HandshakeAllThreads (Deoptimize)
Event: 4.735 Executing VM operation: HandshakeAllThreads (Deoptimize) done
Event: 4.736 Executing VM operation: HandshakeAllThreads (Deoptimize)
Event: 4.736 Executing VM operation: HandshakeAllThreads (Deoptimize) done

Memory protections (0 events):
No events

Nmethod flushes (0 events):
No events

Events (18 events):
Event: 0.017 Thread 0x0000021b7eeb4bc0 Thread added: 0x0000021b7eeb4bc0
Event: 0.041 Thread 0x0000021b7eeb4bc0 Thread added: 0x0000021b1e550380
Event: 0.042 Thread 0x0000021b7eeb4bc0 Thread added: 0x0000021b1e5522b0
Event: 0.042 Thread 0x0000021b7eeb4bc0 Thread added: 0x0000021b1e554300
Event: 0.042 Thread 0x0000021b7eeb4bc0 Thread added: 0x0000021b1e554f60
Event: 0.043 Thread 0x0000021b7eeb4bc0 Thread added: 0x0000021b1e5579d0
Event: 0.043 Thread 0x0000021b7eeb4bc0 Thread added: 0x0000021b1e558430
Event: 0.043 Thread 0x0000021b7eeb4bc0 Thread added: 0x0000021b1e5646d0
Event: 0.043 Thread 0x0000021b7eeb4bc0 Thread added: 0x0000021b1e5895b0
Event: 0.073 Thread 0x0000021b7eeb4bc0 Thread added: 0x0000021b1e529780
Event: 0.159 Thread 0x0000021b1e5895b0 Thread added: 0x0000021b64020dc0
Event: 0.364 Thread 0x0000021b7eeb4bc0 Thread added: 0x0000021b644ce920
Event: 0.889 Thread 0x0000021b1e5895b0 Thread added: 0x0000021b64ee3bb0
Event: 0.998 Thread 0x0000021b7eeb4bc0 Thread added: 0x0000021b64ef4fc0
Event: 1.268 Thread 0x0000021b7eeb4bc0 Thread added: 0x0000021b64eaa580
Event: 4.989 Thread 0x0000021b7eeb4bc0 Thread added: 0x0000021b67704950
Event: 5.022 Thread 0x0000021b67704950 Thread added: 0x0000021b67705670
Event: 5.022 Thread 0x0000021b67704950 Thread added: 0x0000021b67704fe0


Dynamic libraries:
0x00007ff6f63b0000 - 0x00007ff6f63c0000 	C:\Program Files\Java\jdk-23\bin\java.exe
0x00007ff8ddbb0000 - 0x00007ff8ddd9d000 	C:\Windows\SYSTEM32\ntdll.dll
0x00007ff8dd060000 - 0x00007ff8dd113000 	C:\Windows\System32\KERNEL32.DLL
0x00007ff8da060000 - 0x00007ff8da2f5000 	C:\Windows\System32\KERNELBASE.dll
0x00007ff8da4d0000 - 0x00007ff8da5ca000 	C:\Windows\System32\ucrtbase.dll
0x00007ff8cbce0000 - 0x00007ff8cbcfb000 	C:\Program Files\Java\jdk-23\bin\VCRUNTIME140.dll
0x00007ff8cbd00000 - 0x00007ff8cbd17000 	C:\Program Files\Java\jdk-23\bin\jli.dll
0x00007ff8dca80000 - 0x00007ff8dcc17000 	C:\Windows\System32\USER32.dll
0x00007ff8da4b0000 - 0x00007ff8da4d0000 	C:\Windows\System32\win32u.dll
0x00007ff8c6f30000 - 0x00007ff8c71a9000 	C:\Windows\WinSxS\amd64_microsoft.windows.common-controls_6595b64144ccf1df_6.0.17763.1339_none_de7015e4534c7114\COMCTL32.dll
0x00007ff8dc870000 - 0x00007ff8dc899000 	C:\Windows\System32\GDI32.dll
0x00007ff8dae00000 - 0x00007ff8dae9e000 	C:\Windows\System32\msvcrt.dll
0x00007ff8d9c90000 - 0x00007ff8d9e2b000 	C:\Windows\System32\gdi32full.dll
0x00007ff8dad30000 - 0x00007ff8dadd0000 	C:\Windows\System32\msvcp_win.dll
0x00007ff8dcc20000 - 0x00007ff8dcf4c000 	C:\Windows\System32\combase.dll
0x00007ff8dc610000 - 0x00007ff8dc732000 	C:\Windows\System32\RPCRT4.dll
0x00007ff8da300000 - 0x00007ff8da37e000 	C:\Windows\System32\bcryptPrimitives.dll
0x00007ff8dc8a0000 - 0x00007ff8dc8ce000 	C:\Windows\System32\IMM32.DLL
0x00007ff8d35b0000 - 0x00007ff8d35bc000 	C:\Program Files\Java\jdk-23\bin\vcruntime140_1.dll
0x00007ff8aabf0000 - 0x00007ff8aac7e000 	C:\Program Files\Java\jdk-23\bin\msvcp140.dll
0x00007ff8782f0000 - 0x00007ff87903f000 	C:\Program Files\Java\jdk-23\bin\server\jvm.dll
0x00007ff8dcf50000 - 0x00007ff8dcff3000 	C:\Windows\System32\ADVAPI32.dll
0x00007ff8dc750000 - 0x00007ff8dc7ee000 	C:\Windows\System32\sechost.dll
0x00007ff8d9c10000 - 0x00007ff8d9c6d000 	C:\Windows\System32\POWRPROF.dll
0x00007ff8dc7f0000 - 0x00007ff8dc85d000 	C:\Windows\System32\WS2_32.dll
0x00007ff8d7d80000 - 0x00007ff8d7da4000 	C:\Windows\SYSTEM32\WINMM.dll
0x00007ff8d4c20000 - 0x00007ff8d4c2a000 	C:\Windows\SYSTEM32\VERSION.dll
0x00007ff8d7b20000 - 0x00007ff8d7b4d000 	C:\Windows\SYSTEM32\winmmbase.dll
0x00007ff8da010000 - 0x00007ff8da05a000 	C:\Windows\System32\cfgmgr32.dll
0x00007ff8d9c70000 - 0x00007ff8d9c81000 	C:\Windows\System32\kernel.appcore.dll
0x00007ff8d2fd0000 - 0x00007ff8d2fda000 	C:\Program Files\Java\jdk-23\bin\jimage.dll
0x00007ff8c71b0000 - 0x00007ff8c739d000 	C:\Windows\SYSTEM32\DBGHELP.DLL
0x00007ff8c9270000 - 0x00007ff8c929a000 	C:\Windows\SYSTEM32\dbgcore.DLL
0x00007ff8cc2d0000 - 0x00007ff8cc2df000 	C:\Program Files\Java\jdk-23\bin\instrument.dll
0x00007ff8c94f0000 - 0x00007ff8c950e000 	C:\Program Files\Java\jdk-23\bin\java.dll
0x00007ff8dda50000 - 0x00007ff8ddba5000 	C:\Windows\System32\ole32.dll
0x00007ff8db030000 - 0x00007ff8dc528000 	C:\Windows\System32\SHELL32.dll
0x00007ff8dd250000 - 0x00007ff8dd2f9000 	C:\Windows\System32\shcore.dll
0x00007ff8da5d0000 - 0x00007ff8dad24000 	C:\Windows\System32\windows.storage.dll
0x00007ff8d9be0000 - 0x00007ff8d9c04000 	C:\Windows\System32\profapi.dll
0x00007ff8dafd0000 - 0x00007ff8db022000 	C:\Windows\System32\shlwapi.dll
0x00007ff8da3e0000 - 0x00007ff8da3f7000 	C:\Windows\System32\cryptsp.dll
0x00007ff8aa970000 - 0x00007ff8aaa47000 	C:\Program Files\Java\jdk-23\bin\jsvml.dll
0x00007ff8c4630000 - 0x00007ff8c4647000 	C:\Program Files\Java\jdk-23\bin\zip.dll
0x00007ff8d2d60000 - 0x00007ff8d2d70000 	C:\Program Files\Java\jdk-23\bin\net.dll
0x00007ff8d93c0000 - 0x00007ff8d9427000 	C:\Windows\system32\mswsock.dll
0x00007ff8c46c0000 - 0x00007ff8c46d6000 	C:\Program Files\Java\jdk-23\bin\nio.dll
0x00007ff8d2ce0000 - 0x00007ff8d2cf0000 	C:\Program Files\Java\jdk-23\bin\verify.dll
0x00007ff8cc2c0000 - 0x00007ff8cc2ca000 	C:\Program Files\Java\jdk-23\bin\management.dll
0x00007ff8cc2b0000 - 0x00007ff8cc2bb000 	C:\Program Files\Java\jdk-23\bin\management_ext.dll
0x00007ff8dc740000 - 0x00007ff8dc748000 	C:\Windows\System32\PSAPI.DLL
0x00007ff8d8f40000 - 0x00007ff8d8f73000 	C:\Windows\system32\rsaenh.dll
0x00007ff8dadd0000 - 0x00007ff8dadf6000 	C:\Windows\System32\bcrypt.dll
0x00007ff8d9af0000 - 0x00007ff8d9b18000 	C:\Windows\SYSTEM32\USERENV.dll
0x00007ff8d9590000 - 0x00007ff8d959c000 	C:\Windows\SYSTEM32\CRYPTBASE.dll
0x00007ff8d90e0000 - 0x00007ff8d911d000 	C:\Windows\SYSTEM32\IPHLPAPI.DLL
0x00007ff8dda40000 - 0x00007ff8dda48000 	C:\Windows\System32\NSI.dll
0x00007ff8bce00000 - 0x00007ff8bce16000 	C:\Windows\system32\napinsp.dll
0x00007ff8bcd60000 - 0x00007ff8bcd7a000 	C:\Windows\system32\pnrpnsp.dll
0x00007ff8d9120000 - 0x00007ff8d91e7000 	C:\Windows\SYSTEM32\DNSAPI.dll
0x00007ff8bd530000 - 0x00007ff8bd53e000 	C:\Windows\System32\winrnr.dll
0x00007ff8d62d0000 - 0x00007ff8d62eb000 	C:\Windows\system32\NLAapi.dll
0x00007ff8c3a40000 - 0x00007ff8c3a55000 	C:\Windows\system32\wshbth.dll
0x00007ff8ce520000 - 0x00007ff8ce52a000 	C:\Windows\System32\rasadhlp.dll
0x00007ff8ce6d0000 - 0x00007ff8ce749000 	C:\Windows\System32\fwpuclnt.dll
0x00007ff8cc2a0000 - 0x00007ff8cc2a9000 	C:\Program Files\Java\jdk-23\bin\extnet.dll
0x00007ff8d7eb0000 - 0x00007ff8d7f3c000 	C:\Windows\system32\apphelp.dll

dbghelp: loaded successfully - version: 4.0.5 - missing functions: none
symbol engine: initialized successfully - sym options: 0x614 - pdb path: .;C:\Program Files\Java\jdk-23\bin;C:\Windows\SYSTEM32;C:\Windows\WinSxS\amd64_microsoft.windows.common-controls_6595b64144ccf1df_6.0.17763.1339_none_de7015e4534c7114;C:\Program Files\Java\jdk-23\bin\server

VM Arguments:
jvm_args: -javaagent:C:\Users\rickc\.m2\repository/org/aspectj/aspectjweaver/1.9.22.1/aspectjweaver-1.9.22.1.jar 
java_command: C:\Temp\surefire17952696138115692448\surefirebooter10472175048133168471.jar C:\Temp\surefire17952696138115692448 2025-02-11T13-40-53_928-jvmRun1 surefire6523347093597375113tmp surefire_05420232178133235973tmp
java_class_path (initial): C:\Temp\surefire17952696138115692448\surefirebooter10472175048133168471.jar
Launcher Type: SUN_STANDARD

[Global flags]
     intx CICompilerCount                          = 4                                         {product} {ergonomic}
     uint ConcGCThreads                            = 2                                         {product} {ergonomic}
     uint G1ConcRefinementThreads                  = 8                                         {product} {ergonomic}
   size_t G1HeapRegionSize                         = 2097152                                   {product} {ergonomic}
   size_t InitialHeapSize                          = 268435456                                 {product} {ergonomic}
   size_t MarkStackSize                            = 4194304                                   {product} {ergonomic}
   size_t MarkStackSizeMax                         = 536870912                                 {product} {ergonomic}
   size_t MaxHeapSize                              = 4276092928                                {product} {ergonomic}
   size_t MaxNewSize                               = 2564816896                                {product} {ergonomic}
   size_t MinHeapDeltaBytes                        = 2097152                                   {product} {ergonomic}
   size_t MinHeapSize                              = 8388608                                   {product} {ergonomic}
    uintx NonNMethodCodeHeapSize                   = 5832704                                {pd product} {ergonomic}
    uintx NonProfiledCodeHeapSize                  = 122945536                              {pd product} {ergonomic}
    uintx ProfiledCodeHeapSize                     = 122880000                              {pd product} {ergonomic}
    uintx ReservedCodeCacheSize                    = 251658240                              {pd product} {ergonomic}
     bool SegmentedCodeCache                       = true                                      {product} {ergonomic}
   size_t SoftMaxHeapSize                          = 4276092928                             {manageable} {ergonomic}
     bool UseCompressedOops                        = true                           {product lp64_product} {ergonomic}
     bool UseG1GC                                  = true                                      {product} {ergonomic}
     bool UseLargePagesIndividualAllocation        = false                                  {pd product} {ergonomic}

Logging:
Log output configuration:
 #0: stdout all=warning uptime,level,tags foldmultilines=false
 #1: stderr all=off uptime,level,tags foldmultilines=false

Environment Variables:
JAVA_HOME=C:\Program Files\Java\jdk-23
PATH=C:\Program Files\Eclipse Adoptium\jdk-21.0.5.11-hotspot\bin;C:\Program Files\Common Files\Oracle\Java\javapath;C:\Windows\system32;C:\Windows;C:\Windows\System32\Wbem;C:\Windows\System32\WindowsPowerShell\v1.0\;C:\Program Files\NVIDIA Corporation\NVIDIA NvDLISR;C:\Program Files\Git\cmd;C:\Program Files (x86)\dotnet\;C:\MAMP\bin\php\php8.2.14;C:\ProgramData\ComposerSetup\bin;C:\Program Files\Java\jdk-23\bin;C:\Program Files\apache-maven-3.9.9\bin;C:\Users\rick\AppData\Local\Android\Sdk\emulator;C:\Users\rick\AppData\Local\Android\Sdk\platform-tools;C:\Users\rickc\AppData\Roaming\npm\node_modules;C:\Program Files\nodejs\;C:\Users\rickc\Downloads\apache-jmeter-5.6.3\apache-jmeter-5.6.3\bin;C:\Program Files\dotnet\;C:\Users\rickc\AppData\Local\Microsoft\WindowsApps;C:\Program Files\JetBrains\IntelliJ IDEA Community Edition 2024.3.1.1\bin;;C:\Users\rickc\Downloads\allure-2.32.0\allure-2.32.0\bin;C:\Users\rickc\AppData\Local\Android\Sdk\platform-tools;C:\Users\rickc\AppData\Local\Android\Sdk\emulator;C:\Users\rickc\AppData\Roaming\npm\node_modules;C:\Users\rickc\AppData\Roaming\npm;C:\Program Files (x86)\BrowserStackLocal\;C:\Users\rickc\AppData\Local\Programs\Microsoft VS Code\bin
USERNAME=rickc
OS=Windows_NT
PROCESSOR_IDENTIFIER=Intel64 Family 6 Model 158 Stepping 13, GenuineIntel
TMP=C:\Temp
TEMP=C:\Temp




Periodic native trim disabled

---------------  S Y S T E M  ---------------

OS:
 Windows 10 , 64 bit Build 17763 (10.0.17763.1339)
OS uptime: 3 days 0:00 hours

CPU: total 8 (initial active 8) (4 cores per cpu, 2 threads per core) family 6 model 158 stepping 13 microcode 0xde, cx8, cmov, fxsr, ht, mmx, 3dnowpref, sse, sse2, sse3, ssse3, sse4.1, sse4.2, popcnt, lzcnt, tsc, tscinvbit, avx, avx2, aes, erms, clmul, bmi1, bmi2, adx, fma, vzeroupper, clflush, clflushopt, rdtscp, f16c
Processor Information for the first 8 processors :
  Max Mhz: 2400, Current Mhz: 2400, Mhz Limit: 2400

Memory: 4k page, system-wide physical 16304M (2284M free)
TotalPageFile size 18352M (AvailPageFile size 15M)
current process WorkingSet (physical memory assigned to process): 229M, peak: 238M
current process commit charge ("private bytes"): 429M, peak: 437M

vm_info: Java HotSpot(TM) 64-Bit Server VM (23.0.1+11-39) for windows-amd64 JRE (23.0.1+11-39), built on 2024-09-30T07:20:43Z with MS VC++ 17.6 (VS2022)

END.
