#
# There is insufficient memory for the Java Runtime Environment to continue.
# Native memory allocation (malloc) failed to allocate 731136 bytes. Error detail: Chunk::new
# Possible reasons:
#   The system is out of physical RAM or swap space
#   This process is running with CompressedOops enabled, and the Java Heap may be blocking the growth of the native heap
# Possible solutions:
#   Reduce memory load on the system
#   Increase physical memory or swap space
#   Check if swap backing store is full
#   Decrease Java heap size (-Xmx/-Xms)
#   Decrease number of Java threads
#   Decrease Java thread stack sizes (-Xss)
#   Set larger code cache with -XX:ReservedCodeCacheSize=
#   JVM is running with Zero Based Compressed Oops mode in which the Java heap is
#     placed in the first 32GB address space. The Java Heap base address is the
#     maximum limit for the native heap growth. Please use -XX:HeapBaseMinAddress
#     to set the Java Heap base and to place the Java Heap above 32GB virtual address.
# This output file may be truncated or incomplete.
#
#  Out of Memory Error (arena.cpp:149), pid=1748, tid=1592
#
# JRE version: Java(TM) SE Runtime Environment (23.0.1+11) (build 23.0.1+11-39)
# Java VM: Java HotSpot(TM) 64-Bit Server VM (23.0.1+11-39, mixed mode, sharing, tiered, compressed oops, compressed class ptrs, g1 gc, windows-amd64)
# No core dump will be written. Minidumps are not enabled by default on client versions of Windows
#

---------------  S U M M A R Y ------------

Command Line: -javaagent:C:\Users\rickc\.m2\repository/org/aspectj/aspectjweaver/1.9.22.1/aspectjweaver-1.9.22.1.jar C:\Temp\surefire12107484041478372541\surefirebooter6711592601662864734.jar C:\Temp\surefire12107484041478372541 2025-02-11T13-32-54_036-jvmRun1 surefire15518556865126047480tmp surefire_02062621316896607007tmp

Host: Intel(R) Core(TM) i5-9300HF CPU @ 2.40GHz, 8 cores, 15G,  Windows 10 , 64 bit Build 17763 (10.0.17763.1339)
Time: Tue Feb 11 13:33:00 2025 RTZ 2 (зима) elapsed time: 6.035391 seconds (0d 0h 0m 6s)

---------------  T H R E A D  ---------------

Current thread (0x00000269b14ed8d0):  JavaThread "C2 CompilerThread0" daemon [_thread_in_native, id=1592, stack(0x000000c6cec00000,0x000000c6ced00000) (1024K)]


Current CompileTask:
C2:6035 4219       4       java.lang.invoke.MethodType::makeImpl (109 bytes)

Stack: [0x000000c6cec00000,0x000000c6ced00000]
Native frames: (J=compiled Java code, j=interpreted, Vv=VM code, C=native code)
V  [jvm.dll+0x6e08b9]  (no source info available)
V  [jvm.dll+0x87dc83]  (no source info available)
V  [jvm.dll+0x88010e]  (no source info available)
V  [jvm.dll+0x8807e3]  (no source info available)
V  [jvm.dll+0x27aee6]  (no source info available)
V  [jvm.dll+0xbc06f]  (no source info available)
V  [jvm.dll+0xbc2cb]  (no source info available)
V  [jvm.dll+0x2ee94d]  (no source info available)
V  [jvm.dll+0x6063d9]  (no source info available)
V  [jvm.dll+0x24ddf2]  (no source info available)
V  [jvm.dll+0x2460bc]  (no source info available)
V  [jvm.dll+0x243d04]  (no source info available)
V  [jvm.dll+0x1c33a0]  (no source info available)
V  [jvm.dll+0x253cf1]  (no source info available)
V  [jvm.dll+0x251faa]  (no source info available)
V  [jvm.dll+0x3ee036]  (no source info available)
V  [jvm.dll+0x824f8b]  (no source info available)
V  [jvm.dll+0x6df065]  (no source info available)
C  [ucrtbase.dll+0x21ffa]  (no source info available)
C  [KERNEL32.DLL+0x17974]  (no source info available)
C  [ntdll.dll+0x6a271]  (no source info available)

Lock stack of current Java thread (top to bottom):


---------------  P R O C E S S  ---------------

Threads class SMR info:
_java_thread_list=0x00000269fb0bba20, length=27, elements={
0x0000026991f53290, 0x00000269b14df120, 0x00000269b14e1000, 0x00000269b14e4150,
0x00000269b14e4bb0, 0x00000269b14e5f60, 0x00000269b14e90e0, 0x00000269b14ed8d0,
0x00000269b14f0d00, 0x00000269b15db0d0, 0x00000269b15dd830, 0x00000269b15ddec0,
0x00000269b15db760, 0x00000269f99a5020, 0x00000269f99a84a0, 0x00000269f99a7780,
0x00000269f99a4990, 0x00000269f99a91c0, 0x00000269f99a5d40, 0x00000269f99a8b30,
0x00000269f99a9850, 0x00000269f99aa570, 0x00000269f99a9ee0, 0x00000269f99a35e0,
0x00000269f99a6a60, 0x00000269f99a56b0, 0x00000269f99aac00
}

Java Threads: ( => current thread )
  0x0000026991f53290 JavaThread "Forwarding get on session 5fbf33bb6231893b7876839957996494 to remote"        [_thread_blocked, id=228, stack(0x000000c6cde00000,0x000000c6cdf00000) (1024K)]
  0x00000269b14df120 JavaThread "Reference Handler"          daemon [_thread_blocked, id=5592, stack(0x000000c6ce600000,0x000000c6ce700000) (1024K)]
  0x00000269b14e1000 JavaThread "Finalizer"                  daemon [_thread_blocked, id=11600, stack(0x000000c6ce700000,0x000000c6ce800000) (1024K)]
  0x00000269b14e4150 JavaThread "Signal Dispatcher"          daemon [_thread_blocked, id=3016, stack(0x000000c6ce800000,0x000000c6ce900000) (1024K)]
  0x00000269b14e4bb0 JavaThread "Attach Listener"            daemon [_thread_blocked, id=12200, stack(0x000000c6ce900000,0x000000c6cea00000) (1024K)]
  0x00000269b14e5f60 JavaThread "Service Thread"             daemon [_thread_blocked, id=696, stack(0x000000c6cea00000,0x000000c6ceb00000) (1024K)]
  0x00000269b14e90e0 JavaThread "Monitor Deflation Thread"   daemon [_thread_blocked, id=10444, stack(0x000000c6ceb00000,0x000000c6cec00000) (1024K)]
=>0x00000269b14ed8d0 JavaThread "C2 CompilerThread0"         daemon [_thread_in_native, id=1592, stack(0x000000c6cec00000,0x000000c6ced00000) (1024K)]
  0x00000269b14f0d00 JavaThread "C1 CompilerThread0"         daemon [_thread_blocked, id=3572, stack(0x000000c6ced00000,0x000000c6cee00000) (1024K)]
  0x00000269b15db0d0 JavaThread "Common-Cleaner"             daemon [_thread_blocked, id=1220, stack(0x000000c6cee00000,0x000000c6cef00000) (1024K)]
  0x00000269b15dd830 JavaThread "Notification Thread"        daemon [_thread_blocked, id=9616, stack(0x000000c6cf000000,0x000000c6cf100000) (1024K)]
  0x00000269b15ddec0 JavaThread "surefire-forkedjvm-command-thread" daemon [_thread_in_native, id=12184, stack(0x000000c6cf200000,0x000000c6cf300000) (1024K)]
  0x00000269b15db760 JavaThread "surefire-forkedjvm-ping-30s" daemon [_thread_blocked, id=7404, stack(0x000000c6cf800000,0x000000c6cf900000) (1024K)]
  0x00000269f99a5020 JavaThread "ForkJoinPool.commonPool-worker-1" daemon [_thread_blocked, id=4356, stack(0x000000c6cfb00000,0x000000c6cfc00000) (1024K)]
  0x00000269f99a84a0 JavaThread "ForkJoinPool.commonPool-worker-2" daemon [_thread_blocked, id=12696, stack(0x000000c6cfc00000,0x000000c6cfd00000) (1024K)]
  0x00000269f99a7780 JavaThread "AsyncHttpClient-1-1"        daemon [_thread_blocked, id=7712, stack(0x000000c6cfe00000,0x000000c6cff00000) (1024K)]
  0x00000269f99a4990 JavaThread "Exec Default Executor"      daemon [_thread_in_native, id=4292, stack(0x000000c6cff00000,0x000000c6d0000000) (1024K)]
  0x00000269f99a91c0 JavaThread "Exec Stream Pumper"         daemon [_thread_in_native, id=12588, stack(0x000000c6d0000000,0x000000c6d0100000) (1024K)]
  0x00000269f99a5d40 JavaThread "Exec Stream Pumper"         daemon [_thread_in_native, id=5016, stack(0x000000c6d0100000,0x000000c6d0200000) (1024K)]
  0x00000269f99a8b30 JavaThread "Driver Service Executor"    daemon [_thread_blocked, id=8576, stack(0x000000c6d0200000,0x000000c6d0300000) (1024K)]
  0x00000269f99a9850 JavaThread "Driver Service Executor"    daemon [_thread_blocked, id=3820, stack(0x000000c6d0300000,0x000000c6d0400000) (1024K)]
  0x00000269f99aa570 JavaThread "UrlChecker-2"               daemon [_thread_blocked, id=8744, stack(0x000000c6d0400000,0x000000c6d0500000) (1024K)]
  0x00000269f99a9ee0 JavaThread "Keep-Alive-Timer"           daemon [_thread_blocked, id=11928, stack(0x000000c6d0600000,0x000000c6d0700000) (1024K)]
  0x00000269f99a35e0 JavaThread "AsyncHttpClient-1-2"        daemon [_thread_in_native, id=13060, stack(0x000000c6d0700000,0x000000c6d0800000) (1024K)]
  0x00000269f99a6a60 JavaThread "AsyncHttpClient-1-3"        daemon [_thread_in_native, id=324, stack(0x000000c6cef00000,0x000000c6cf000000) (1024K)]
  0x00000269f99a56b0 JavaThread "AsyncHttpClient-1-4"        daemon [_thread_in_native, id=4420, stack(0x000000c6cf100000,0x000000c6cf200000) (1024K)]
  0x00000269f99aac00 JavaThread "Dead threads watchdog"      daemon [_thread_blocked, id=5368, stack(0x000000c6d0800000,0x000000c6d0900000) (1024K)]
Total: 27

Other Threads:
  0x00000269b14c86a0 VMThread "VM Thread"                           [id=8452, stack(0x000000c6ce500000,0x000000c6ce600000) (1024K)]
  0x00000269b14b3440 WatcherThread "VM Periodic Task Thread"        [id=6768, stack(0x000000c6ce400000,0x000000c6ce500000) (1024K)]
  0x0000026991fbcee0 WorkerThread "GC Thread#0"                     [id=3664, stack(0x000000c6cdf00000,0x000000c6ce000000) (1024K)]
  0x00000269f80d80b0 WorkerThread "GC Thread#1"                     [id=4444, stack(0x000000c6cf300000,0x000000c6cf400000) (1024K)]
  0x00000269f80d8460 WorkerThread "GC Thread#2"                     [id=10492, stack(0x000000c6cf400000,0x000000c6cf500000) (1024K)]
  0x00000269f7d37d80 WorkerThread "GC Thread#3"                     [id=8508, stack(0x000000c6cf500000,0x000000c6cf600000) (1024K)]
  0x00000269f7df9030 WorkerThread "GC Thread#4"                     [id=2056, stack(0x000000c6cf600000,0x000000c6cf700000) (1024K)]
  0x00000269f7df93e0 WorkerThread "GC Thread#5"                     [id=1876, stack(0x000000c6cf700000,0x000000c6cf800000) (1024K)]
  0x00000269f8c5dab0 WorkerThread "GC Thread#6"                     [id=9852, stack(0x000000c6cf900000,0x000000c6cfa00000) (1024K)]
  0x00000269f899ab40 WorkerThread "GC Thread#7"                     [id=12488, stack(0x000000c6cfa00000,0x000000c6cfb00000) (1024K)]
  0x0000026991fd2820 ConcurrentGCThread "G1 Main Marker"            [id=10264, stack(0x000000c6ce000000,0x000000c6ce100000) (1024K)]
  0x0000026991fd3ef0 WorkerThread "G1 Conc#0"                       [id=264, stack(0x000000c6ce100000,0x000000c6ce200000) (1024K)]
  0x00000269f8100bc0 WorkerThread "G1 Conc#1"                       [id=4888, stack(0x000000c6cfd00000,0x000000c6cfe00000) (1024K)]
  0x00000269b1371da0 ConcurrentGCThread "G1 Refine#0"               [id=13032, stack(0x000000c6ce200000,0x000000c6ce300000) (1024K)]
  0x00000269b1372730 ConcurrentGCThread "G1 Service"                [id=6800, stack(0x000000c6ce300000,0x000000c6ce400000) (1024K)]
Total: 15

Threads with active compile tasks:
C2 CompilerThread0  6068 4219       4       java.lang.invoke.MethodType::makeImpl (109 bytes)
Total: 1

VM state: not at safepoint (normal execution)

VM Mutex/Monitor currently owned by a thread: None

Heap address: 0x0000000701200000, size: 4078 MB, Compressed Oops mode: Zero based, Oop shift amount: 3

CDS archive(s) mapped at: [0x00000269b2000000-0x00000269b2d70000-0x00000269b2d70000), size 14090240, SharedBaseAddress: 0x00000269b2000000, ArchiveRelocationMode: 1.
Compressed class space mapped at: 0x00000269b3000000-0x00000269f3000000, reserved size: 1073741824
Narrow klass base: 0x00000269b2000000, Narrow klass shift: 0, Narrow klass range: 0x41000000

GC Precious Log:
 CardTable entry size: 512
 Card Set container configuration: InlinePtr #cards 4 size 8 Array Of Cards #cards 16 size 48 Howl #buckets 8 coarsen threshold 3686 Howl Bitmap #cards 512 size 80 coarsen threshold 460 Card regions per heap region 1 cards per card region 4096
 CPUs: 8 total, 8 available
 Memory: 16304M
 Large Page Support: Disabled
 NUMA Support: Disabled
 Compressed Oops: Enabled (Zero based)
 Heap Region Size: 2M
 Heap Min Capacity: 8M
 Heap Initial Capacity: 256M
 Heap Max Capacity: 4078M
 Pre-touch: Disabled
 Parallel Workers: 8
 Concurrent Workers: 2
 Concurrent Refinement Workers: 8
 Periodic GC: Disabled

Heap:
 garbage-first heap   total reserved 4175872K, committed 157696K, used 84900K [0x0000000701200000, 0x0000000800000000)
  region size 2048K, 17 young (34816K), 3 survivors (6144K)
 Metaspace       used 32654K, committed 33024K, reserved 1114112K
  class space    used 3814K, committed 3968K, reserved 1048576K

Heap Regions: E=young(eden), S=young(survivor), O=old, HS=humongous(starts), HC=humongous(continues), CS=collection set, F=free, TAMS=top-at-mark-start, PB=parsable bottom
|   0|0x0000000701200000, 0x0000000701400000, 0x0000000701400000|100%| O|  |TAMS 0x0000000701200000| PB 0x0000000701200000| Untracked |  0
|   1|0x0000000701400000, 0x0000000701600000, 0x0000000701600000|100%| O|  |TAMS 0x0000000701400000| PB 0x0000000701400000| Untracked |  0
|   2|0x0000000701600000, 0x0000000701800000, 0x0000000701800000|100%| O|  |TAMS 0x0000000701600000| PB 0x0000000701600000| Untracked |  0
|   3|0x0000000701800000, 0x0000000701a00000, 0x0000000701a00000|100%| O|  |TAMS 0x0000000701800000| PB 0x0000000701800000| Untracked |  0
|   4|0x0000000701a00000, 0x0000000701c00000, 0x0000000701c00000|100%| O|  |TAMS 0x0000000701a00000| PB 0x0000000701a00000| Untracked |  0
|   5|0x0000000701c00000, 0x0000000701e00000, 0x0000000701e00000|100%| O|  |TAMS 0x0000000701c00000| PB 0x0000000701c00000| Untracked |  0
|   6|0x0000000701e00000, 0x0000000702000000, 0x0000000702000000|100%| O|  |TAMS 0x0000000701e00000| PB 0x0000000701e00000| Untracked |  0
|   7|0x0000000702000000, 0x0000000702200000, 0x0000000702200000|100%| O|  |TAMS 0x0000000702000000| PB 0x0000000702000000| Untracked |  0
|   8|0x0000000702200000, 0x0000000702400000, 0x0000000702400000|100%| O|  |TAMS 0x0000000702200000| PB 0x0000000702200000| Untracked |  0
|   9|0x0000000702400000, 0x0000000702600000, 0x0000000702600000|100%| O|  |TAMS 0x0000000702400000| PB 0x0000000702400000| Untracked |  0
|  10|0x0000000702600000, 0x0000000702600000, 0x0000000702800000|  0%| F|  |TAMS 0x0000000702600000| PB 0x0000000702600000| Untracked |  0
|  11|0x0000000702800000, 0x0000000702a00000, 0x0000000702a00000|100%| O|  |TAMS 0x0000000702800000| PB 0x0000000702800000| Untracked |  0
|  12|0x0000000702a00000, 0x0000000702c00000, 0x0000000702c00000|100%| O|  |TAMS 0x0000000702a00000| PB 0x0000000702a00000| Untracked |  0
|  13|0x0000000702c00000, 0x0000000702e00000, 0x0000000702e00000|100%| O|  |TAMS 0x0000000702c00000| PB 0x0000000702c00000| Untracked |  0
|  14|0x0000000702e00000, 0x0000000703000000, 0x0000000703000000|100%| O|  |TAMS 0x0000000702e00000| PB 0x0000000702e00000| Untracked |  0
|  15|0x0000000703000000, 0x0000000703200000, 0x0000000703200000|100%| O|  |TAMS 0x0000000703000000| PB 0x0000000703000000| Untracked |  0
|  16|0x0000000703200000, 0x0000000703400000, 0x0000000703400000|100%| O|  |TAMS 0x0000000703200000| PB 0x0000000703200000| Untracked |  0
|  17|0x0000000703400000, 0x0000000703492300, 0x0000000703600000| 28%| O|  |TAMS 0x0000000703400000| PB 0x0000000703400000| Untracked |  0
|  18|0x0000000703600000, 0x0000000703800000, 0x0000000703800000|100%| O|  |TAMS 0x0000000703600000| PB 0x0000000703600000| Untracked |  0
|  19|0x0000000703800000, 0x0000000703a00000, 0x0000000703a00000|100%| O|  |TAMS 0x0000000703800000| PB 0x0000000703800000| Untracked |  0
|  20|0x0000000703a00000, 0x0000000703c00000, 0x0000000703c00000|100%| O|  |TAMS 0x0000000703a00000| PB 0x0000000703a00000| Untracked |  0
|  21|0x0000000703c00000, 0x0000000703c00000, 0x0000000703e00000|  0%| F|  |TAMS 0x0000000703c00000| PB 0x0000000703c00000| Untracked |  0
|  22|0x0000000703e00000, 0x0000000703e00000, 0x0000000704000000|  0%| F|  |TAMS 0x0000000703e00000| PB 0x0000000703e00000| Untracked |  0
|  23|0x0000000704000000, 0x0000000704000000, 0x0000000704200000|  0%| F|  |TAMS 0x0000000704000000| PB 0x0000000704000000| Untracked |  0
|  24|0x0000000704200000, 0x0000000704200000, 0x0000000704400000|  0%| F|  |TAMS 0x0000000704200000| PB 0x0000000704200000| Untracked |  0
|  25|0x0000000704400000, 0x0000000704400000, 0x0000000704600000|  0%| F|  |TAMS 0x0000000704400000| PB 0x0000000704400000| Untracked |  0
|  26|0x0000000704600000, 0x0000000704800000, 0x0000000704800000|100%|HS|  |TAMS 0x0000000704600000| PB 0x0000000704600000| Complete |  0
|  27|0x0000000704800000, 0x0000000704a00000, 0x0000000704a00000|100%|HC|  |TAMS 0x0000000704800000| PB 0x0000000704800000| Complete |  0
|  28|0x0000000704a00000, 0x0000000704c00000, 0x0000000704c00000|100%|HC|  |TAMS 0x0000000704a00000| PB 0x0000000704a00000| Complete |  0
|  29|0x0000000704c00000, 0x0000000704e00000, 0x0000000704e00000|100%| O|  |TAMS 0x0000000704c00000| PB 0x0000000704c00000| Untracked |  0
|  30|0x0000000704e00000, 0x0000000705000000, 0x0000000705000000|100%| O|  |TAMS 0x0000000704e00000| PB 0x0000000704e00000| Untracked |  0
|  31|0x0000000705000000, 0x0000000705200000, 0x0000000705200000|100%| O|  |TAMS 0x0000000705000000| PB 0x0000000705000000| Untracked |  0
|  32|0x0000000705200000, 0x00000007052afb00, 0x0000000705400000| 34%| O|  |TAMS 0x0000000705200000| PB 0x0000000705200000| Untracked |  0
|  33|0x0000000705400000, 0x0000000705400000, 0x0000000705600000|  0%| F|  |TAMS 0x0000000705400000| PB 0x0000000705400000| Untracked |  0
|  34|0x0000000705600000, 0x0000000705600000, 0x0000000705800000|  0%| F|  |TAMS 0x0000000705600000| PB 0x0000000705600000| Untracked |  0
|  35|0x0000000705800000, 0x00000007059a75d0, 0x0000000705a00000| 82%| S|CS|TAMS 0x0000000705800000| PB 0x0000000705800000| Complete |  0
|  36|0x0000000705a00000, 0x0000000705c00000, 0x0000000705c00000|100%| S|CS|TAMS 0x0000000705a00000| PB 0x0000000705a00000| Complete |  0
|  37|0x0000000705c00000, 0x0000000705e00000, 0x0000000705e00000|100%| S|CS|TAMS 0x0000000705c00000| PB 0x0000000705c00000| Complete |  0
|  38|0x0000000705e00000, 0x0000000705e00000, 0x0000000706000000|  0%| F|  |TAMS 0x0000000705e00000| PB 0x0000000705e00000| Untracked |  0
|  39|0x0000000706000000, 0x0000000706000000, 0x0000000706200000|  0%| F|  |TAMS 0x0000000706000000| PB 0x0000000706000000| Untracked |  0
|  40|0x0000000706200000, 0x0000000706200000, 0x0000000706400000|  0%| F|  |TAMS 0x0000000706200000| PB 0x0000000706200000| Untracked |  0
|  41|0x0000000706400000, 0x0000000706400000, 0x0000000706600000|  0%| F|  |TAMS 0x0000000706400000| PB 0x0000000706400000| Untracked |  0
|  42|0x0000000706600000, 0x0000000706600000, 0x0000000706800000|  0%| F|  |TAMS 0x0000000706600000| PB 0x0000000706600000| Untracked |  0
|  43|0x0000000706800000, 0x0000000706800000, 0x0000000706a00000|  0%| F|  |TAMS 0x0000000706800000| PB 0x0000000706800000| Untracked |  0
|  44|0x0000000706a00000, 0x0000000706a00000, 0x0000000706c00000|  0%| F|  |TAMS 0x0000000706a00000| PB 0x0000000706a00000| Untracked |  0
|  45|0x0000000706c00000, 0x0000000706c00000, 0x0000000706e00000|  0%| F|  |TAMS 0x0000000706c00000| PB 0x0000000706c00000| Untracked |  0
|  46|0x0000000706e00000, 0x0000000706e00000, 0x0000000707000000|  0%| F|  |TAMS 0x0000000706e00000| PB 0x0000000706e00000| Untracked |  0
|  47|0x0000000707000000, 0x0000000707000000, 0x0000000707200000|  0%| F|  |TAMS 0x0000000707000000| PB 0x0000000707000000| Untracked |  0
|  48|0x0000000707200000, 0x0000000707200000, 0x0000000707400000|  0%| F|  |TAMS 0x0000000707200000| PB 0x0000000707200000| Untracked |  0
|  49|0x0000000707400000, 0x0000000707400000, 0x0000000707600000|  0%| F|  |TAMS 0x0000000707400000| PB 0x0000000707400000| Untracked |  0
|  50|0x0000000707600000, 0x0000000707600000, 0x0000000707800000|  0%| F|  |TAMS 0x0000000707600000| PB 0x0000000707600000| Untracked |  0
|  51|0x0000000707800000, 0x0000000707800000, 0x0000000707a00000|  0%| F|  |TAMS 0x0000000707800000| PB 0x0000000707800000| Untracked |  0
|  52|0x0000000707a00000, 0x0000000707a00000, 0x0000000707c00000|  0%| F|  |TAMS 0x0000000707a00000| PB 0x0000000707a00000| Untracked |  0
|  53|0x0000000707c00000, 0x0000000707c00000, 0x0000000707e00000|  0%| F|  |TAMS 0x0000000707c00000| PB 0x0000000707c00000| Untracked |  0
|  54|0x0000000707e00000, 0x0000000707e00000, 0x0000000708000000|  0%| F|  |TAMS 0x0000000707e00000| PB 0x0000000707e00000| Untracked |  0
|  55|0x0000000708000000, 0x0000000708000000, 0x0000000708200000|  0%| F|  |TAMS 0x0000000708000000| PB 0x0000000708000000| Untracked |  0
|  56|0x0000000708200000, 0x0000000708200000, 0x0000000708400000|  0%| F|  |TAMS 0x0000000708200000| PB 0x0000000708200000| Untracked |  0
|  57|0x0000000708400000, 0x0000000708400000, 0x0000000708600000|  0%| F|  |TAMS 0x0000000708400000| PB 0x0000000708400000| Untracked |  0
|  58|0x0000000708600000, 0x0000000708600000, 0x0000000708800000|  0%| F|  |TAMS 0x0000000708600000| PB 0x0000000708600000| Untracked |  0
|  59|0x0000000708800000, 0x0000000708800000, 0x0000000708a00000|  0%| F|  |TAMS 0x0000000708800000| PB 0x0000000708800000| Untracked |  0
|  60|0x0000000708a00000, 0x0000000708a00000, 0x0000000708c00000|  0%| F|  |TAMS 0x0000000708a00000| PB 0x0000000708a00000| Untracked |  0
|  61|0x0000000708c00000, 0x0000000708c00000, 0x0000000708e00000|  0%| F|  |TAMS 0x0000000708c00000| PB 0x0000000708c00000| Untracked |  0
|  62|0x0000000708e00000, 0x0000000708e00000, 0x0000000709000000|  0%| F|  |TAMS 0x0000000708e00000| PB 0x0000000708e00000| Untracked |  0
|  63|0x0000000709000000, 0x000000070917c398, 0x0000000709200000| 74%| E|  |TAMS 0x0000000709000000| PB 0x0000000709000000| Complete |  0
|  64|0x0000000709200000, 0x0000000709400000, 0x0000000709400000|100%| E|CS|TAMS 0x0000000709200000| PB 0x0000000709200000| Complete |  0
|  65|0x0000000709400000, 0x0000000709600000, 0x0000000709600000|100%| E|CS|TAMS 0x0000000709400000| PB 0x0000000709400000| Complete |  0
|  66|0x0000000709600000, 0x0000000709800000, 0x0000000709800000|100%| E|CS|TAMS 0x0000000709600000| PB 0x0000000709600000| Complete |  0
|  67|0x0000000709800000, 0x0000000709a00000, 0x0000000709a00000|100%| E|CS|TAMS 0x0000000709800000| PB 0x0000000709800000| Complete |  0
|  68|0x0000000709a00000, 0x0000000709c00000, 0x0000000709c00000|100%| E|CS|TAMS 0x0000000709a00000| PB 0x0000000709a00000| Complete |  0
|  69|0x0000000709c00000, 0x0000000709e00000, 0x0000000709e00000|100%| E|CS|TAMS 0x0000000709c00000| PB 0x0000000709c00000| Complete |  0
|  70|0x0000000709e00000, 0x000000070a000000, 0x000000070a000000|100%| E|CS|TAMS 0x0000000709e00000| PB 0x0000000709e00000| Complete |  0
|  71|0x000000070a000000, 0x000000070a200000, 0x000000070a200000|100%| E|CS|TAMS 0x000000070a000000| PB 0x000000070a000000| Complete |  0
|  72|0x000000070a200000, 0x000000070a400000, 0x000000070a400000|100%| E|CS|TAMS 0x000000070a200000| PB 0x000000070a200000| Complete |  0
|  73|0x000000070a400000, 0x000000070a600000, 0x000000070a600000|100%| E|CS|TAMS 0x000000070a400000| PB 0x000000070a400000| Complete |  0
| 121|0x0000000710400000, 0x0000000710600000, 0x0000000710600000|100%| E|CS|TAMS 0x0000000710400000| PB 0x0000000710400000| Complete |  0
| 126|0x0000000710e00000, 0x0000000711000000, 0x0000000711000000|100%| E|CS|TAMS 0x0000000710e00000| PB 0x0000000710e00000| Complete |  0
| 127|0x0000000711000000, 0x0000000711200000, 0x0000000711200000|100%| E|CS|TAMS 0x0000000711000000| PB 0x0000000711000000| Complete |  0

Card table byte_map: [0x00000269aa2d0000,0x00000269aaad0000] _byte_map_base: 0x00000269a6ac7000

Marking Bits: (CMBitMap*) 0x0000026991fbd5f0
 Bits: [0x00000269aaad0000, 0x00000269aea88000)

Polling page: 0x000002698fda0000

Metaspace:

Usage:
  Non-class:     28.16 MB used.
      Class:      3.73 MB used.
       Both:     31.89 MB used.

Virtual space:
  Non-class space:       64.00 MB reserved,      28.38 MB ( 44%) committed,  1 nodes.
      Class space:        1.00 GB reserved,       3.88 MB ( <1%) committed,  1 nodes.
             Both:        1.06 GB reserved,      32.25 MB (  3%) committed. 

Chunk freelists:
   Non-Class:  3.33 MB
       Class:  11.95 MB
        Both:  15.28 MB

MaxMetaspaceSize: unlimited
CompressedClassSpaceSize: 1.00 GB
Initial GC threshold: 21.00 MB
Current GC threshold: 35.25 MB
CDS: on
 - commit_granule_bytes: 65536.
 - commit_granule_words: 8192.
 - virtual_space_node_default_size: 8388608.
 - enlarge_chunks_in_place: 1.
 - use_allocation_guard: 0.


Internal statistics:

num_allocs_failed_limit: 3.
num_arena_births: 402.
num_arena_deaths: 0.
num_vsnodes_births: 2.
num_vsnodes_deaths: 0.
num_space_committed: 516.
num_space_uncommitted: 0.
num_chunks_returned_to_freelist: 3.
num_chunks_taken_from_freelist: 1377.
num_chunk_merges: 3.
num_chunk_splits: 955.
num_chunks_enlarged: 695.
num_inconsistent_stats: 0.

CodeHeap 'non-profiled nmethods': size=120064Kb used=2683Kb max_used=2683Kb free=117380Kb
 bounds [0x00000269a2150000, 0x00000269a23f0000, 0x00000269a9690000]
CodeHeap 'profiled nmethods': size=120000Kb used=7485Kb max_used=7485Kb free=112514Kb
 bounds [0x000002699a690000, 0x000002699ade0000, 0x00000269a1bc0000]
CodeHeap 'non-nmethods': size=5696Kb used=1624Kb max_used=1695Kb free=4071Kb
 bounds [0x00000269a1bc0000, 0x00000269a1e30000, 0x00000269a2150000]
CodeCache: size=245760Kb, used=11792Kb, max_used=11863Kb, free=233965Kb
 total_blobs=4907, nmethods=4223, adapters=588, full_count=0
Compilation: enabled, stopped_count=0, restarted_count=0

Compilation events (20 events):
Event: 5.959 Thread 0x00000269b14f0d00 4218       3       java.lang.StackStreamFactory$FrameBuffer::isEmpty (32 bytes)
Event: 5.959 Thread 0x00000269b14f0d00 nmethod 4218 0x000002699addcc08 code [0x000002699addcd20, 0x000002699addced8]
Event: 5.961 Thread 0x00000269b14f0d00 4220  s    3       java.io.ByteArrayInputStream::read (36 bytes)
Event: 5.961 Thread 0x00000269b14f0d00 nmethod 4220 0x000002699addcf08 code [0x000002699addd020, 0x000002699addd318]
Event: 5.965 Thread 0x00000269b14f0d00 4221       3       java.lang.StackWalker::hasOption (11 bytes)
Event: 5.965 Thread 0x00000269b14f0d00 nmethod 4221 0x000002699addd388 code [0x000002699addd4a0, 0x000002699addd680]
Event: 5.965 Thread 0x00000269b14f0d00 4222       3       com.google.common.collect.AbstractIndexedListIterator::hasNext (17 bytes)
Event: 5.965 Thread 0x00000269b14f0d00 nmethod 4222 0x000002699addd708 code [0x000002699addd820, 0x000002699addd980]
Event: 5.965 Thread 0x00000269b14f0d00 4223       3       java.lang.Class::searchMethods (104 bytes)
Event: 5.967 Thread 0x00000269b14f0d00 nmethod 4223 0x000002699addda08 code [0x000002699adddc20, 0x000002699adde728]
Event: 5.967 Thread 0x00000269b14f0d00 4224       3       io.netty.buffer.PooledUnsafeDirectByteBuf::_setByte (11 bytes)
Event: 5.968 Thread 0x00000269b14f0d00 nmethod 4224 0x000002699adde808 code [0x000002699adde960, 0x000002699added30]
Event: 5.968 Thread 0x00000269b14f0d00 4225       3       io.netty.util.concurrent.AbstractEventExecutor::inEventLoop (8 bytes)
Event: 5.968 Thread 0x00000269b14f0d00 nmethod 4225 0x000002699addee08 code [0x000002699addef20, 0x000002699addf108]
Event: 5.968 Thread 0x00000269b14f0d00 4226       3       io.netty.util.concurrent.SingleThreadEventExecutor::inEventLoop (14 bytes)
Event: 5.968 Thread 0x00000269b14f0d00 nmethod 4226 0x000002699addf188 code [0x000002699addf2a0, 0x000002699addf400]
Event: 5.968 Thread 0x00000269b14f0d00 4227       1       io.netty.buffer.AbstractByteBuf::writerIndex (5 bytes)
Event: 5.968 Thread 0x00000269b14f0d00 nmethod 4227 0x00000269a23ed888 code [0x00000269a23ed9a0, 0x00000269a23eda68]
Event: 5.975 Thread 0x00000269b14ed8d0 nmethod 4205 0x00000269a23edb88 code [0x00000269a23edd60, 0x00000269a23eeb48]
Event: 5.975 Thread 0x00000269b14ed8d0 4219       4       java.lang.invoke.MethodType::makeImpl (109 bytes)

GC Heap History (16 events):
Event: 0.638 GC heap before
{Heap before GC invocations=0 (full 0):
 garbage-first heap   total reserved 4175872K, committed 262144K, used 22528K [0x0000000701200000, 0x0000000800000000)
  region size 2048K, 12 young (24576K), 0 survivors (0K)
 Metaspace       used 6577K, committed 6720K, reserved 1114112K
  class space    used 629K, committed 704K, reserved 1048576K
}
Event: 0.643 GC heap after
{Heap after GC invocations=1 (full 0):
 garbage-first heap   total reserved 4175872K, committed 262144K, used 6186K [0x0000000701200000, 0x0000000800000000)
  region size 2048K, 2 young (4096K), 2 survivors (4096K)
 Metaspace       used 6577K, committed 6720K, reserved 1114112K
  class space    used 629K, committed 704K, reserved 1048576K
}
Event: 0.987 GC heap before
{Heap before GC invocations=1 (full 0):
 garbage-first heap   total reserved 4175872K, committed 262144K, used 26666K [0x0000000701200000, 0x0000000800000000)
  region size 2048K, 12 young (24576K), 2 survivors (4096K)
 Metaspace       used 9160K, committed 9280K, reserved 1114112K
  class space    used 870K, committed 896K, reserved 1048576K
}
Event: 0.994 GC heap after
{Heap after GC invocations=2 (full 0):
 garbage-first heap   total reserved 4175872K, committed 262144K, used 10760K [0x0000000701200000, 0x0000000800000000)
  region size 2048K, 2 young (4096K), 2 survivors (4096K)
 Metaspace       used 9160K, committed 9280K, reserved 1114112K
  class space    used 870K, committed 896K, reserved 1048576K
}
Event: 1.513 GC heap before
{Heap before GC invocations=2 (full 0):
 garbage-first heap   total reserved 4175872K, committed 262144K, used 55816K [0x0000000701200000, 0x0000000800000000)
  region size 2048K, 24 young (49152K), 2 survivors (4096K)
 Metaspace       used 11948K, committed 12096K, reserved 1114112K
  class space    used 1146K, committed 1216K, reserved 1048576K
}
Event: 1.521 GC heap after
{Heap after GC invocations=3 (full 0):
 garbage-first heap   total reserved 4175872K, committed 262144K, used 20282K [0x0000000701200000, 0x0000000800000000)
  region size 2048K, 3 young (6144K), 3 survivors (6144K)
 Metaspace       used 11948K, committed 12096K, reserved 1114112K
  class space    used 1146K, committed 1216K, reserved 1048576K
}
Event: 1.895 GC heap before
{Heap before GC invocations=3 (full 0):
 garbage-first heap   total reserved 4175872K, committed 262144K, used 77626K [0x0000000701200000, 0x0000000800000000)
  region size 2048K, 31 young (63488K), 3 survivors (6144K)
 Metaspace       used 14704K, committed 14848K, reserved 1114112K
  class space    used 1434K, committed 1472K, reserved 1048576K
}
Event: 1.901 GC heap after
{Heap after GC invocations=4 (full 0):
 garbage-first heap   total reserved 4175872K, committed 262144K, used 25322K [0x0000000701200000, 0x0000000800000000)
  region size 2048K, 3 young (6144K), 3 survivors (6144K)
 Metaspace       used 14704K, committed 14848K, reserved 1114112K
  class space    used 1434K, committed 1472K, reserved 1048576K
}
Event: 3.573 GC heap before
{Heap before GC invocations=4 (full 0):
 garbage-first heap   total reserved 4175872K, committed 262144K, used 113386K [0x0000000701200000, 0x0000000800000000)
  region size 2048K, 46 young (94208K), 3 survivors (6144K)
 Metaspace       used 20558K, committed 20928K, reserved 1114112K
  class space    used 2271K, committed 2432K, reserved 1048576K
}
Event: 3.583 GC heap after
{Heap after GC invocations=5 (full 0):
 garbage-first heap   total reserved 4175872K, committed 262144K, used 34816K [0x0000000701200000, 0x0000000800000000)
  region size 2048K, 6 young (12288K), 6 survivors (12288K)
 Metaspace       used 20558K, committed 20928K, reserved 1114112K
  class space    used 2271K, committed 2432K, reserved 1048576K
}
Event: 3.683 GC heap before
{Heap before GC invocations=5 (full 0):
 garbage-first heap   total reserved 4175872K, committed 262144K, used 45056K [0x0000000701200000, 0x0000000800000000)
  region size 2048K, 12 young (24576K), 6 survivors (12288K)
 Metaspace       used 21154K, committed 21504K, reserved 1114112K
  class space    used 2334K, committed 2496K, reserved 1048576K
}
Event: 3.692 GC heap after
{Heap after GC invocations=6 (full 0):
 garbage-first heap   total reserved 4175872K, committed 262144K, used 37448K [0x0000000701200000, 0x0000000800000000)
  region size 2048K, 1 young (2048K), 1 survivors (2048K)
 Metaspace       used 21154K, committed 21504K, reserved 1114112K
  class space    used 2334K, committed 2496K, reserved 1048576K
}
Event: 4.624 GC heap before
{Heap before GC invocations=7 (full 0):
 garbage-first heap   total reserved 4175872K, committed 131072K, used 113224K [0x0000000701200000, 0x0000000800000000)
  region size 2048K, 38 young (77824K), 1 survivors (2048K)
 Metaspace       used 28328K, committed 28736K, reserved 1114112K
  class space    used 3185K, committed 3392K, reserved 1048576K
}
Event: 4.633 GC heap after
{Heap after GC invocations=8 (full 0):
 garbage-first heap   total reserved 4175872K, committed 131072K, used 47034K [0x0000000701200000, 0x0000000800000000)
  region size 2048K, 5 young (10240K), 5 survivors (10240K)
 Metaspace       used 28328K, committed 28736K, reserved 1114112K
  class space    used 3185K, committed 3392K, reserved 1048576K
}
Event: 5.616 GC heap before
{Heap before GC invocations=8 (full 0):
 garbage-first heap   total reserved 4175872K, committed 131072K, used 106426K [0x0000000701200000, 0x0000000800000000)
  region size 2048K, 31 young (63488K), 5 survivors (10240K)
 Metaspace       used 31303K, committed 31680K, reserved 1114112K
  class space    used 3613K, committed 3776K, reserved 1048576K
}
Event: 5.641 GC heap after
{Heap after GC invocations=9 (full 0):
 garbage-first heap   total reserved 4175872K, committed 157696K, used 58276K [0x0000000701200000, 0x0000000800000000)
  region size 2048K, 3 young (6144K), 3 survivors (6144K)
 Metaspace       used 31303K, committed 31680K, reserved 1114112K
  class space    used 3613K, committed 3776K, reserved 1048576K
}

Dll operation events (13 events):
Event: 0.007 Loaded shared library C:\Program Files\Java\jdk-23\bin\java.dll
Event: 0.037 Loaded shared library C:\Program Files\Java\jdk-23\bin\jsvml.dll
Event: 0.078 Loaded shared library C:\Program Files\Java\jdk-23\bin\zip.dll
Event: 0.081 Loaded shared library C:\Program Files\Java\jdk-23\bin\instrument.dll
Event: 0.084 Loaded shared library C:\Program Files\Java\jdk-23\bin\net.dll
Event: 0.085 Loaded shared library C:\Program Files\Java\jdk-23\bin\nio.dll
Event: 0.087 Loaded shared library C:\Program Files\Java\jdk-23\bin\zip.dll
Event: 0.164 Loaded shared library C:\Program Files\Java\jdk-23\bin\jimage.dll
Event: 0.204 Loaded shared library C:\Program Files\Java\jdk-23\bin\verify.dll
Event: 0.671 Loaded shared library C:\Program Files\Java\jdk-23\bin\management.dll
Event: 0.675 Loaded shared library C:\Program Files\Java\jdk-23\bin\management_ext.dll
Event: 2.534 Loaded shared library C:\Program Files\Java\jdk-23\bin\extnet.dll
Event: 4.070 Loaded shared library C:\Program Files\Java\jdk-23\bin\sunmscapi.dll

Deoptimization events (20 events):
Event: 5.939 Thread 0x0000026991f53290 Uncommon trap: trap_request=0xffffff45 fr.pc=0x00000269a23e684c relative=0x000000000000036c
Event: 5.939 Thread 0x0000026991f53290 Uncommon trap: reason=unstable_if action=reinterpret pc=0x00000269a23e684c method=java.lang.AbstractStringBuilder.appendChars(Ljava/lang/String;II)V @ 4 c2
Event: 5.939 Thread 0x0000026991f53290 DEOPT PACKING pc=0x00000269a23e684c sp=0x000000c6cdefcbb0
Event: 5.939 Thread 0x0000026991f53290 DEOPT UNPACKING pc=0x00000269a1c14402 sp=0x000000c6cdefcad0 mode 2
Event: 5.939 Thread 0x0000026991f53290 Uncommon trap: trap_request=0xffffff45 fr.pc=0x00000269a23e6ce4 relative=0x0000000000000144
Event: 5.939 Thread 0x0000026991f53290 Uncommon trap: reason=unstable_if action=reinterpret pc=0x00000269a23e6ce4 method=java.lang.AbstractStringBuilder.appendChars(Ljava/lang/String;II)V @ 4 c2
Event: 5.939 Thread 0x0000026991f53290 DEOPT PACKING pc=0x00000269a23e6ce4 sp=0x000000c6cdefcb20
Event: 5.939 Thread 0x0000026991f53290 DEOPT UNPACKING pc=0x00000269a1c14402 sp=0x000000c6cdefcad0 mode 2
Event: 5.940 Thread 0x0000026991f53290 Uncommon trap: trap_request=0xffffff45 fr.pc=0x00000269a22a187c relative=0x000000000000025c
Event: 5.940 Thread 0x0000026991f53290 Uncommon trap: reason=unstable_if action=reinterpret pc=0x00000269a22a187c method=java.lang.String.getChars(II[CI)V @ 24 c2
Event: 5.940 Thread 0x0000026991f53290 DEOPT PACKING pc=0x00000269a22a187c sp=0x000000c6cdefcd70
Event: 5.940 Thread 0x0000026991f53290 DEOPT UNPACKING pc=0x00000269a1c14402 sp=0x000000c6cdefcd30 mode 2
Event: 5.956 Thread 0x00000269f99a35e0 Uncommon trap: trap_request=0xffffff45 fr.pc=0x00000269a21c9588 relative=0x00000000000001e8
Event: 5.956 Thread 0x00000269f99a35e0 Uncommon trap: reason=unstable_if action=reinterpret pc=0x00000269a21c9588 method=java.io.ByteArrayInputStream.read()I @ 8 c2
Event: 5.956 Thread 0x00000269f99a35e0 DEOPT PACKING pc=0x00000269a21c9588 sp=0x000000c6d07fead0
Event: 5.956 Thread 0x00000269f99a35e0 DEOPT UNPACKING pc=0x00000269a1c14402 sp=0x000000c6d07fea78 mode 2
Event: 5.958 Thread 0x0000026991f53290 Uncommon trap: trap_request=0xffffffde fr.pc=0x00000269a23a8d6c relative=0x00000000000001ac
Event: 5.958 Thread 0x0000026991f53290 Uncommon trap: reason=class_check action=maybe_recompile pc=0x00000269a23a8d6c method=org.openqa.selenium.json.Input.fill()Z @ 85 c2
Event: 5.958 Thread 0x0000026991f53290 DEOPT PACKING pc=0x00000269a23a8d6c sp=0x000000c6cdefce00
Event: 5.958 Thread 0x0000026991f53290 DEOPT UNPACKING pc=0x00000269a1c14402 sp=0x000000c6cdefcda0 mode 2

Classes loaded (20 events):
Event: 5.933 Loading class java/time/Year
Event: 5.933 Loading class java/time/Year done
Event: 5.938 Loading class java/text/FieldPosition$Delegate
Event: 5.938 Loading class java/text/FieldPosition$Delegate done
Event: 5.938 Loading class java/util/logging/Level$RbAccess
Event: 5.938 Loading class java/util/logging/Level$RbAccess done
Event: 5.939 Loading class sun/util/logging/resources/logging
Event: 5.939 Loading class sun/util/logging/resources/logging done
Event: 5.939 Loading class sun/util/logging/resources/logging_uk
Event: 5.939 Loading class sun/util/logging/resources/logging_uk done
Event: 5.939 Loading class sun/util/logging/resources/logging_uk
Event: 5.939 Loading class sun/util/logging/resources/logging_uk done
Event: 5.939 Loading class sun/util/logging/resources/logging_uk_UA
Event: 5.939 Loading class sun/util/logging/resources/logging_uk_UA done
Event: 5.939 Loading class sun/util/logging/resources/logging_uk_UA
Event: 5.939 Loading class sun/util/logging/resources/logging_uk_UA done
Event: 5.939 Loading class java/util/Formatter$DateTime
Event: 5.939 Loading class java/util/Formatter$DateTime done
Event: 5.939 Loading class java/time/ZonedDateTime$1
Event: 5.939 Loading class java/time/ZonedDateTime$1 done

Classes unloaded (0 events):
No events

Classes redefined (0 events):
No events

Internal exceptions (20 events):
Event: 3.641 Thread 0x0000026991f53290 Exception <a 'java/lang/NoClassDefFoundError'{0x0000000710a60388}> (0x0000000710a60388) 
thrown [s\open\src\hotspot\share\oops\instanceKlass.cpp, line 1236]
Event: 3.645 Thread 0x0000026991f53290 Exception <a 'java/lang/NoClassDefFoundError'{0x0000000710a8ff78}: org/apache/logging/log4j/spi/ExtendedLoggerWrapper> (0x0000000710a8ff78) 
thrown [s\open\src\hotspot\share\classfile\systemDictionary.cpp, line 302]
Event: 3.647 Thread 0x0000026991f53290 Exception <a 'java/lang/NoClassDefFoundError'{0x0000000710abb470}: org/apache/log4j/Priority> (0x0000000710abb470) 
thrown [s\open\src\hotspot\share\classfile\systemDictionary.cpp, line 302]
Event: 3.934 Thread 0x0000026991f53290 Exception <a 'sun/nio/fs/WindowsException'{0x00000007079ea780}> (0x00000007079ea780) 
thrown [s\open\src\hotspot\share\prims\jni.cpp, line 520]
Event: 4.397 Thread 0x0000026991f53290 Exception <a 'java/lang/NoSuchMethodError'{0x0000000704fa1118}: 'java.lang.Object java.lang.invoke.DirectMethodHandle$Holder.invokeInterface(java.lang.Object, java.lang.Object, java.lang.Object)'> (0x0000000704fa1118) 
thrown [s\open\src\hotspot\share\interpreter\linkResolver.cpp, line 796]
Event: 4.397 Thread 0x0000026991f53290 Exception <a 'java/lang/IncompatibleClassChangeError'{0x0000000704fa47d8}: Found class java.lang.Object, but interface was expected> (0x0000000704fa47d8) 
thrown [s\open\src\hotspot\share\interpreter\linkResolver.cpp, line 863]
Event: 4.398 Thread 0x0000026991f53290 Exception <a 'java/lang/NoSuchMethodError'{0x0000000704fad420}: 'int java.lang.invoke.DirectMethodHandle$Holder.invokeSpecialIFC(java.lang.Object, java.lang.Object, java.lang.Object, java.lang.Object)'> (0x0000000704fad420) 
thrown [s\open\src\hotspot\share\interpreter\linkResolver.cpp, line 796]
Event: 4.483 Thread 0x00000269f99aa570 Exception <a 'java/net/ConnectException'{0x0000000704a9a458}: Connection refused: getsockopt> (0x0000000704a9a458) 
thrown [s\open\src\hotspot\share\prims\jni.cpp, line 539]
Event: 4.494 Thread 0x00000269f99aa570 Exception <a 'java/net/ConnectException'{0x0000000704a9bef8}: Connection refused: getsockopt> (0x0000000704a9bef8) 
thrown [s\open\src\hotspot\share\prims\jni.cpp, line 539]
Event: 4.517 Thread 0x00000269f99aa570 Exception <a 'java/net/ConnectException'{0x0000000704a9cf38}: Connection refused: getsockopt> (0x0000000704a9cf38) 
thrown [s\open\src\hotspot\share\prims\jni.cpp, line 539]
Event: 4.611 Thread 0x0000026991f53290 Exception <a 'java/lang/NoSuchMethodError'{0x0000000704709280}: 'java.lang.Object java.lang.invoke.DirectMethodHandle$Holder.newInvokeSpecial(java.lang.Object, java.lang.Object, int, int)'> (0x0000000704709280) 
thrown [s\open\src\hotspot\share\interpreter\linkResolver.cpp, line 796]
Event: 4.612 Thread 0x0000026991f53290 Exception <a 'java/lang/NoSuchMethodError'{0x00000007047143c0}: 'void java.lang.invoke.DirectMethodHandle$Holder.invokeStatic(java.lang.Object, java.lang.Object, int)'> (0x00000007047143c0) 
thrown [s\open\src\hotspot\share\interpreter\linkResolver.cpp, line 796]
Event: 4.710 Thread 0x0000026991f53290 Exception <a 'java/lang/NoSuchMethodError'{0x000000070885ef60}: 'int java.lang.invoke.DirectMethodHandle$Holder.invokeSpecialIFC(java.lang.Object, java.lang.Object, java.lang.Object)'> (0x000000070885ef60) 
thrown [s\open\src\hotspot\share\interpreter\linkResolver.cpp, line 796]
Event: 4.850 Thread 0x0000026991f53290 Exception <a 'java/lang/NoSuchMethodError'{0x0000000707669960}: 'long java.lang.invoke.DirectMethodHandle$Holder.invokeInterface(java.lang.Object, java.lang.Object)'> (0x0000000707669960) 
thrown [s\open\src\hotspot\share\interpreter\linkResolver.cpp, line 796]
Event: 4.850 Thread 0x0000026991f53290 Exception <a 'java/lang/NoSuchMethodError'{0x000000070766e3e8}: 'long java.lang.invoke.DelegatingMethodHandle$Holder.reinvoke_L(java.lang.Object, java.lang.Object)'> (0x000000070766e3e8) 
thrown [s\open\src\hotspot\share\interpreter\linkResolver.cpp, line 796]
Event: 5.762 Thread 0x0000026991f53290 Exception <a 'java/lang/NoSuchMethodError'{0x000000070a5bba10}: 'java.lang.Object java.lang.invoke.DirectMethodHandle$Holder.invokeSpecialIFC(java.lang.Object, java.lang.Object, java.lang.Object)'> (0x000000070a5bba10) 
thrown [s\open\src\hotspot\share\interpreter\linkResolver.cpp, line 796]
Event: 5.822 Thread 0x0000026991f53290 Exception <a 'java/lang/NoSuchMethodError'{0x000000070a1aeb58}: 'void java.lang.invoke.DirectMethodHandle$Holder.invokeSpecial(java.lang.Object, java.lang.Object, java.lang.Object, java.lang.Object, java.lang.Object)'> (0x000000070a1aeb58) 
thrown [s\open\src\hotspot\share\interpreter\linkResolver.cpp, line 796]
Event: 5.937 Thread 0x0000026991f53290 Implicit null exception at 0x00000269a22b9a60 to 0x00000269a22ba4d2
Event: 5.937 Thread 0x0000026991f53290 Implicit null exception at 0x00000269a225cba0 to 0x00000269a225cc22
Event: 5.938 Thread 0x0000026991f53290 Exception <a 'java/lang/ClassNotFoundException'{0x00000007092171e8}: sun/util/logging/resources/spi/loggingProvider> (0x00000007092171e8) 
thrown [s\open\src\hotspot\share\classfile\systemDictionary.cpp, line 313]

VM Operations (20 events):
Event: 3.739 Executing VM operation: G1PauseCleanup
Event: 3.740 Executing VM operation: G1PauseCleanup done
Event: 3.899 Executing VM operation: HandshakeAllThreads (Deoptimize)
Event: 3.899 Executing VM operation: HandshakeAllThreads (Deoptimize) done
Event: 3.901 Executing VM operation: HandshakeAllThreads (Deoptimize)
Event: 3.901 Executing VM operation: HandshakeAllThreads (Deoptimize) done
Event: 3.918 Executing VM operation: HandshakeAllThreads (Deoptimize)
Event: 3.918 Executing VM operation: HandshakeAllThreads (Deoptimize) done
Event: 3.936 Executing VM operation: HandshakeAllThreads (Deoptimize)
Event: 3.936 Executing VM operation: HandshakeAllThreads (Deoptimize) done
Event: 4.262 Executing VM operation: HandshakeAllThreads (Deoptimize)
Event: 4.262 Executing VM operation: HandshakeAllThreads (Deoptimize) done
Event: 4.567 Executing VM operation: HandshakeAllThreads (Deoptimize)
Event: 4.567 Executing VM operation: HandshakeAllThreads (Deoptimize) done
Event: 4.570 Executing VM operation: HandshakeAllThreads (Deoptimize)
Event: 4.570 Executing VM operation: HandshakeAllThreads (Deoptimize) done
Event: 4.624 Executing VM operation: G1CollectForAllocation (G1 Evacuation Pause)
Event: 4.633 Executing VM operation: G1CollectForAllocation (G1 Evacuation Pause) done
Event: 5.616 Executing VM operation: G1CollectForAllocation (G1 Evacuation Pause)
Event: 5.641 Executing VM operation: G1CollectForAllocation (G1 Evacuation Pause) done

Memory protections (0 events):
No events

Nmethod flushes (0 events):
No events

Events (20 events):
Event: 3.555 Thread 0x0000026991f53290 Thread added: 0x00000269f99a5020
Event: 3.555 Thread 0x0000026991f53290 Thread added: 0x00000269f99a84a0
Event: 3.813 Thread 0x0000026991f53290 Thread added: 0x00000269f99a7780
Event: 4.415 Thread 0x0000026991f53290 Thread added: 0x00000269f99a4990
Event: 4.427 Thread 0x00000269f99a4990 Thread added: 0x00000269f99a91c0
Event: 4.427 Thread 0x00000269f99a4990 Thread added: 0x00000269f99a5d40
Event: 4.470 Thread 0x0000026991f53290 Thread added: 0x00000269f99a8b30
Event: 4.470 Thread 0x0000026991f53290 Thread added: 0x00000269f99a9850
Event: 4.473 Thread 0x00000269f99a8b30 Thread added: 0x00000269f99aa570
Event: 4.569 Thread 0x00000269f99aa570 Thread added: 0x00000269f99a9ee0
Event: 4.580 Thread 0x00000269f8e75720 Thread exited: 0x00000269f8e75720
Event: 4.580 Thread 0x00000269b16a26d0 Thread exited: 0x00000269b16a26d0
Event: 4.604 Thread 0x00000269b14f0d00 Thread added: 0x00000269facaf830
Event: 4.852 Thread 0x00000269b14f0d00 Thread added: 0x00000269f95e5fd0
Event: 4.918 Thread 0x0000026991f53290 Thread added: 0x00000269f99a35e0
Event: 5.256 Thread 0x00000269f95e5fd0 Thread exited: 0x00000269f95e5fd0
Event: 5.460 Thread 0x00000269facaf830 Thread exited: 0x00000269facaf830
Event: 5.844 Thread 0x0000026991f53290 Thread added: 0x00000269f99a6a60
Event: 5.867 Thread 0x0000026991f53290 Thread added: 0x00000269f99a56b0
Event: 5.963 Thread 0x0000026991f53290 Thread added: 0x00000269f99aac00


Dynamic libraries:
0x00007ff6f63b0000 - 0x00007ff6f63c0000 	C:\Program Files\Java\jdk-23\bin\java.exe
0x00007ff8ddbb0000 - 0x00007ff8ddd9d000 	C:\Windows\SYSTEM32\ntdll.dll
0x00007ff8dd060000 - 0x00007ff8dd113000 	C:\Windows\System32\KERNEL32.DLL
0x00007ff8da060000 - 0x00007ff8da2f5000 	C:\Windows\System32\KERNELBASE.dll
0x00007ff8da4d0000 - 0x00007ff8da5ca000 	C:\Windows\System32\ucrtbase.dll
0x00007ff8c94f0000 - 0x00007ff8c950b000 	C:\Program Files\Java\jdk-23\bin\VCRUNTIME140.dll
0x00007ff8d2fd0000 - 0x00007ff8d2fe7000 	C:\Program Files\Java\jdk-23\bin\jli.dll
0x00007ff8dca80000 - 0x00007ff8dcc17000 	C:\Windows\System32\USER32.dll
0x00007ff8da4b0000 - 0x00007ff8da4d0000 	C:\Windows\System32\win32u.dll
0x00007ff8c6f30000 - 0x00007ff8c71a9000 	C:\Windows\WinSxS\amd64_microsoft.windows.common-controls_6595b64144ccf1df_6.0.17763.1339_none_de7015e4534c7114\COMCTL32.dll
0x00007ff8dc870000 - 0x00007ff8dc899000 	C:\Windows\System32\GDI32.dll
0x00007ff8dae00000 - 0x00007ff8dae9e000 	C:\Windows\System32\msvcrt.dll
0x00007ff8d9c90000 - 0x00007ff8d9e2b000 	C:\Windows\System32\gdi32full.dll
0x00007ff8dcc20000 - 0x00007ff8dcf4c000 	C:\Windows\System32\combase.dll
0x00007ff8dad30000 - 0x00007ff8dadd0000 	C:\Windows\System32\msvcp_win.dll
0x00007ff8dc610000 - 0x00007ff8dc732000 	C:\Windows\System32\RPCRT4.dll
0x00007ff8da300000 - 0x00007ff8da37e000 	C:\Windows\System32\bcryptPrimitives.dll
0x00007ff8dc8a0000 - 0x00007ff8dc8ce000 	C:\Windows\System32\IMM32.DLL
0x00007ff8d2d60000 - 0x00007ff8d2d6c000 	C:\Program Files\Java\jdk-23\bin\vcruntime140_1.dll
0x00007ff8baa90000 - 0x00007ff8bab1e000 	C:\Program Files\Java\jdk-23\bin\msvcp140.dll
0x00007ff8782f0000 - 0x00007ff87903f000 	C:\Program Files\Java\jdk-23\bin\server\jvm.dll
0x00007ff8dcf50000 - 0x00007ff8dcff3000 	C:\Windows\System32\ADVAPI32.dll
0x00007ff8dc750000 - 0x00007ff8dc7ee000 	C:\Windows\System32\sechost.dll
0x00007ff8d9c10000 - 0x00007ff8d9c6d000 	C:\Windows\System32\POWRPROF.dll
0x00007ff8dc7f0000 - 0x00007ff8dc85d000 	C:\Windows\System32\WS2_32.dll
0x00007ff8d7d80000 - 0x00007ff8d7da4000 	C:\Windows\SYSTEM32\WINMM.dll
0x00007ff8d4c20000 - 0x00007ff8d4c2a000 	C:\Windows\SYSTEM32\VERSION.dll
0x00007ff8d7b20000 - 0x00007ff8d7b4d000 	C:\Windows\SYSTEM32\winmmbase.dll
0x00007ff8da010000 - 0x00007ff8da05a000 	C:\Windows\System32\cfgmgr32.dll
0x00007ff8d9c70000 - 0x00007ff8d9c81000 	C:\Windows\System32\kernel.appcore.dll
0x00007ff8d2ce0000 - 0x00007ff8d2cea000 	C:\Program Files\Java\jdk-23\bin\jimage.dll
0x00007ff8c71b0000 - 0x00007ff8c739d000 	C:\Windows\SYSTEM32\DBGHELP.DLL
0x00007ff8c9270000 - 0x00007ff8c929a000 	C:\Windows\SYSTEM32\dbgcore.DLL
0x00007ff8c9e60000 - 0x00007ff8c9e6f000 	C:\Program Files\Java\jdk-23\bin\instrument.dll
0x00007ff8c46c0000 - 0x00007ff8c46de000 	C:\Program Files\Java\jdk-23\bin\java.dll
0x00007ff8dda50000 - 0x00007ff8ddba5000 	C:\Windows\System32\ole32.dll
0x00007ff8db030000 - 0x00007ff8dc528000 	C:\Windows\System32\SHELL32.dll
0x00007ff8dd250000 - 0x00007ff8dd2f9000 	C:\Windows\System32\shcore.dll
0x00007ff8da5d0000 - 0x00007ff8dad24000 	C:\Windows\System32\windows.storage.dll
0x00007ff8d9be0000 - 0x00007ff8d9c04000 	C:\Windows\System32\profapi.dll
0x00007ff8dafd0000 - 0x00007ff8db022000 	C:\Windows\System32\shlwapi.dll
0x00007ff8da3e0000 - 0x00007ff8da3f7000 	C:\Windows\System32\cryptsp.dll
0x00007ff8aaba0000 - 0x00007ff8aac77000 	C:\Program Files\Java\jdk-23\bin\jsvml.dll
0x00007ff8c41e0000 - 0x00007ff8c41f7000 	C:\Program Files\Java\jdk-23\bin\zip.dll
0x00007ff8cc290000 - 0x00007ff8cc2a0000 	C:\Program Files\Java\jdk-23\bin\net.dll
0x00007ff8d93c0000 - 0x00007ff8d9427000 	C:\Windows\system32\mswsock.dll
0x00007ff8c4630000 - 0x00007ff8c4646000 	C:\Program Files\Java\jdk-23\bin\nio.dll
0x00007ff8cc080000 - 0x00007ff8cc090000 	C:\Program Files\Java\jdk-23\bin\verify.dll
0x00007ff8c46b0000 - 0x00007ff8c46ba000 	C:\Program Files\Java\jdk-23\bin\management.dll
0x00007ff8c4620000 - 0x00007ff8c462b000 	C:\Program Files\Java\jdk-23\bin\management_ext.dll
0x00007ff8dc740000 - 0x00007ff8dc748000 	C:\Windows\System32\PSAPI.DLL
0x00007ff8d8f40000 - 0x00007ff8d8f73000 	C:\Windows\system32\rsaenh.dll
0x00007ff8dadd0000 - 0x00007ff8dadf6000 	C:\Windows\System32\bcrypt.dll
0x00007ff8d9af0000 - 0x00007ff8d9b18000 	C:\Windows\SYSTEM32\USERENV.dll
0x00007ff8d9590000 - 0x00007ff8d959c000 	C:\Windows\SYSTEM32\CRYPTBASE.dll
0x00007ff8d90e0000 - 0x00007ff8d911d000 	C:\Windows\SYSTEM32\IPHLPAPI.DLL
0x00007ff8dda40000 - 0x00007ff8dda48000 	C:\Windows\System32\NSI.dll
0x00007ff8bce00000 - 0x00007ff8bce16000 	C:\Windows\system32\napinsp.dll
0x00007ff8bcd60000 - 0x00007ff8bcd7a000 	C:\Windows\system32\pnrpnsp.dll
0x00007ff8d9120000 - 0x00007ff8d91e7000 	C:\Windows\SYSTEM32\DNSAPI.dll
0x00007ff8bd530000 - 0x00007ff8bd53e000 	C:\Windows\System32\winrnr.dll
0x00007ff8d62d0000 - 0x00007ff8d62eb000 	C:\Windows\system32\NLAapi.dll
0x00007ff8c3a40000 - 0x00007ff8c3a55000 	C:\Windows\system32\wshbth.dll
0x00007ff8ce520000 - 0x00007ff8ce52a000 	C:\Windows\System32\rasadhlp.dll
0x00007ff8ce6d0000 - 0x00007ff8ce749000 	C:\Windows\System32\fwpuclnt.dll
0x00007ff8c41a0000 - 0x00007ff8c41a9000 	C:\Program Files\Java\jdk-23\bin\extnet.dll
0x00007ff8d7eb0000 - 0x00007ff8d7f3c000 	C:\Windows\system32\apphelp.dll
0x00007ff8c35d0000 - 0x00007ff8c35de000 	C:\Program Files\Java\jdk-23\bin\sunmscapi.dll
0x00007ff8d9e30000 - 0x00007ff8da00c000 	C:\Windows\System32\CRYPT32.dll
0x00007ff8d9bc0000 - 0x00007ff8d9bd2000 	C:\Windows\System32\MSASN1.dll
0x00007ff8d9690000 - 0x00007ff8d96b6000 	C:\Windows\SYSTEM32\ncrypt.dll
0x00007ff8d9650000 - 0x00007ff8d968c000 	C:\Windows\SYSTEM32\NTASN1.dll
0x00007ff8aad10000 - 0x00007ff8aad17000 	C:\Windows\system32\wshunix.dll

dbghelp: loaded successfully - version: 4.0.5 - missing functions: none
symbol engine: initialized successfully - sym options: 0x614 - pdb path: .;C:\Program Files\Java\jdk-23\bin;C:\Windows\SYSTEM32;C:\Windows\WinSxS\amd64_microsoft.windows.common-controls_6595b64144ccf1df_6.0.17763.1339_none_de7015e4534c7114;C:\Program Files\Java\jdk-23\bin\server

VM Arguments:
jvm_args: -javaagent:C:\Users\rickc\.m2\repository/org/aspectj/aspectjweaver/1.9.22.1/aspectjweaver-1.9.22.1.jar 
java_command: C:\Temp\surefire12107484041478372541\surefirebooter6711592601662864734.jar C:\Temp\surefire12107484041478372541 2025-02-11T13-32-54_036-jvmRun1 surefire15518556865126047480tmp surefire_02062621316896607007tmp
java_class_path (initial): C:\Temp\surefire12107484041478372541\surefirebooter6711592601662864734.jar
Launcher Type: SUN_STANDARD

[Global flags]
     intx CICompilerCount                          = 4                                         {product} {ergonomic}
     uint ConcGCThreads                            = 2                                         {product} {ergonomic}
     uint G1ConcRefinementThreads                  = 8                                         {product} {ergonomic}
   size_t G1HeapRegionSize                         = 2097152                                   {product} {ergonomic}
   size_t InitialHeapSize                          = 268435456                                 {product} {ergonomic}
   size_t MarkStackSize                            = 4194304                                   {product} {ergonomic}
   size_t MarkStackSizeMax                         = 536870912                                 {product} {ergonomic}
   size_t MaxHeapSize                              = 4276092928                                {product} {ergonomic}
   size_t MaxNewSize                               = 2564816896                                {product} {ergonomic}
   size_t MinHeapDeltaBytes                        = 2097152                                   {product} {ergonomic}
   size_t MinHeapSize                              = 8388608                                   {product} {ergonomic}
    uintx NonNMethodCodeHeapSize                   = 5832704                                {pd product} {ergonomic}
    uintx NonProfiledCodeHeapSize                  = 122945536                              {pd product} {ergonomic}
    uintx ProfiledCodeHeapSize                     = 122880000                              {pd product} {ergonomic}
    uintx ReservedCodeCacheSize                    = 251658240                              {pd product} {ergonomic}
     bool SegmentedCodeCache                       = true                                      {product} {ergonomic}
   size_t SoftMaxHeapSize                          = 4276092928                             {manageable} {ergonomic}
     bool UseCompressedOops                        = true                           {product lp64_product} {ergonomic}
     bool UseG1GC                                  = true                                      {product} {ergonomic}
     bool UseLargePagesIndividualAllocation        = false                                  {pd product} {ergonomic}

Logging:
Log output configuration:
 #0: stdout all=warning uptime,level,tags foldmultilines=false
 #1: stderr all=off uptime,level,tags foldmultilines=false

Environment Variables:
JAVA_HOME=C:\Program Files\Java\jdk-23
PATH=C:\Program Files\Eclipse Adoptium\jdk-21.0.5.11-hotspot\bin;C:\Program Files\Common Files\Oracle\Java\javapath;C:\Windows\system32;C:\Windows;C:\Windows\System32\Wbem;C:\Windows\System32\WindowsPowerShell\v1.0\;C:\Program Files\NVIDIA Corporation\NVIDIA NvDLISR;C:\Program Files\Git\cmd;C:\Program Files (x86)\dotnet\;C:\MAMP\bin\php\php8.2.14;C:\ProgramData\ComposerSetup\bin;C:\Program Files\Java\jdk-23\bin;C:\Program Files\apache-maven-3.9.9\bin;C:\Users\rick\AppData\Local\Android\Sdk\emulator;C:\Users\rick\AppData\Local\Android\Sdk\platform-tools;C:\Users\rickc\AppData\Roaming\npm\node_modules;C:\Program Files\nodejs\;C:\Users\rickc\Downloads\apache-jmeter-5.6.3\apache-jmeter-5.6.3\bin;C:\Program Files\dotnet\;C:\Users\rickc\AppData\Local\Microsoft\WindowsApps;C:\Program Files\JetBrains\IntelliJ IDEA Community Edition 2024.3.1.1\bin;;C:\Users\rickc\Downloads\allure-2.32.0\allure-2.32.0\bin;C:\Users\rickc\AppData\Local\Android\Sdk\platform-tools;C:\Users\rickc\AppData\Local\Android\Sdk\emulator;C:\Users\rickc\AppData\Roaming\npm\node_modules;C:\Users\rickc\AppData\Roaming\npm;C:\Program Files (x86)\BrowserStackLocal\;C:\Users\rickc\AppData\Local\Programs\Microsoft VS Code\bin
USERNAME=rickc
OS=Windows_NT
PROCESSOR_IDENTIFIER=Intel64 Family 6 Model 158 Stepping 13, GenuineIntel
TMP=C:\Temp
TEMP=C:\Temp




Periodic native trim disabled

---------------  S Y S T E M  ---------------

OS:
 Windows 10 , 64 bit Build 17763 (10.0.17763.1339)
OS uptime: 2 days 23:52 hours

CPU: total 8 (initial active 8) (4 cores per cpu, 2 threads per core) family 6 model 158 stepping 13 microcode 0xde, cx8, cmov, fxsr, ht, mmx, 3dnowpref, sse, sse2, sse3, ssse3, sse4.1, sse4.2, popcnt, lzcnt, tsc, tscinvbit, avx, avx2, aes, erms, clmul, bmi1, bmi2, adx, fma, vzeroupper, clflush, clflushopt, rdtscp, f16c
Processor Information for the first 8 processors :
  Max Mhz: 2400, Current Mhz: 2400, Mhz Limit: 2400

Memory: 4k page, system-wide physical 16304M (2241M free)
TotalPageFile size 18352M (AvailPageFile size 5M)
current process WorkingSet (physical memory assigned to process): 278M, peak: 279M
current process commit charge ("private bytes"): 324M, peak: 443M

vm_info: Java HotSpot(TM) 64-Bit Server VM (23.0.1+11-39) for windows-amd64 JRE (23.0.1+11-39), built on 2024-09-30T07:20:43Z with MS VC++ 17.6 (VS2022)

END.
