#
# There is insufficient memory for the Java Runtime Environment to continue.
# Native memory allocation (malloc) failed to allocate 32744 bytes. Error detail: Chunk::new
# Possible reasons:
#   The system is out of physical RAM or swap space
#   This process is running with CompressedOops enabled, and the Java Heap may be blocking the growth of the native heap
# Possible solutions:
#   Reduce memory load on the system
#   Increase physical memory or swap space
#   Check if swap backing store is full
#   Decrease Java heap size (-Xmx/-Xms)
#   Decrease number of Java threads
#   Decrease Java thread stack sizes (-Xss)
#   Set larger code cache with -XX:ReservedCodeCacheSize=
#   JVM is running with Zero Based Compressed Oops mode in which the Java heap is
#     placed in the first 32GB address space. The Java Heap base address is the
#     maximum limit for the native heap growth. Please use -XX:HeapBaseMinAddress
#     to set the Java Heap base and to place the Java Heap above 32GB virtual address.
# This output file may be truncated or incomplete.
#
#  Out of Memory Error (arena.cpp:149), pid=10512, tid=7464
#
# JRE version: Java(TM) SE Runtime Environment (23.0.1+11) (build 23.0.1+11-39)
# Java VM: Java HotSpot(TM) 64-Bit Server VM (23.0.1+11-39, mixed mode, sharing, tiered, compressed oops, compressed class ptrs, g1 gc, windows-amd64)
# No core dump will be written. Minidumps are not enabled by default on client versions of Windows
#

---------------  S U M M A R Y ------------

Command Line: -Dclassworlds.conf=C:\Program Files\apache-maven-3.9.9\bin\m2.conf -Dmaven.home=C:\Program Files\apache-maven-3.9.9 -Dlibrary.jansi.path=C:\Program Files\apache-maven-3.9.9\lib\jansi-native -Dmaven.multiModuleProjectDirectory=C:\Users\rickc\projects\RevHero org.codehaus.plexus.classworlds.launcher.Launcher clean -Dtest=LoginTest test

Host: Intel(R) Core(TM) i5-9300HF CPU @ 2.40GHz, 8 cores, 15G,  Windows 10 , 64 bit Build 17763 (10.0.17763.1339)
Time: Tue Feb 11 13:33:00 2025 RTZ 2 (зима) elapsed time: 11.371924 seconds (0d 0h 0m 11s)

---------------  T H R E A D  ---------------

Current thread (0x000001f624024370):  JavaThread "C1 CompilerThread0" daemon [_thread_in_native, id=7464, stack(0x000000d443d00000,0x000000d443e00000) (1024K)]


Current CompileTask:
C1:11371 8448   !   3       sun.nio.cs.StreamEncoder::write (82 bytes)

Stack: [0x000000d443d00000,0x000000d443e00000]
Native frames: (J=compiled Java code, j=interpreted, Vv=VM code, C=native code)
V  [jvm.dll+0x6e08b9]  (no source info available)
V  [jvm.dll+0x87dc83]  (no source info available)
V  [jvm.dll+0x88010e]  (no source info available)
V  [jvm.dll+0x8807e3]  (no source info available)
V  [jvm.dll+0x27aee6]  (no source info available)
V  [jvm.dll+0xbc06f]  (no source info available)
V  [jvm.dll+0xbc2cb]  (no source info available)
V  [jvm.dll+0x1a89ea]  (no source info available)
V  [jvm.dll+0x158fb2]  (no source info available)
V  [jvm.dll+0x156a43]  (no source info available)
V  [jvm.dll+0x15cc8d]  (no source info available)
V  [jvm.dll+0x15b0f5]  (no source info available)
V  [jvm.dll+0x15463f]  (no source info available)
V  [jvm.dll+0x164c46]  (no source info available)
V  [jvm.dll+0x14fd7b]  (no source info available)
V  [jvm.dll+0x150173]  (no source info available)
V  [jvm.dll+0x1504db]  (no source info available)
V  [jvm.dll+0x14f8a8]  (no source info available)
V  [jvm.dll+0x1516ed]  (no source info available)
V  [jvm.dll+0x253cf1]  (no source info available)
V  [jvm.dll+0x251faa]  (no source info available)
V  [jvm.dll+0x3ee036]  (no source info available)
V  [jvm.dll+0x824f8b]  (no source info available)
V  [jvm.dll+0x6df065]  (no source info available)
C  [ucrtbase.dll+0x21ffa]  (no source info available)
C  [KERNEL32.DLL+0x17974]  (no source info available)
C  [ntdll.dll+0x6a271]  (no source info available)

Lock stack of current Java thread (top to bottom):


---------------  P R O C E S S  ---------------

Threads class SMR info:
_java_thread_list=0x000001f628b7f1e0, length=23, elements={
0x000001f5bd87f9f0, 0x000001f5de895b10, 0x000001f5de897940, 0x000001f5de89a750,
0x000001f5de89d5d0, 0x000001f5de8a8930, 0x000001f5de8a9390, 0x000001f5de8ae360,
0x000001f624024370, 0x000001f6241e5e60, 0x000001f6241f3110, 0x000001f6255e3690,
0x000001f6289380e0, 0x000001f62894f890, 0x000001f62894ff20, 0x000001f6289505b0,
0x000001f62894eb70, 0x000001f628950c40, 0x000001f6289512d0, 0x000001f62894c410,
0x000001f62894d130, 0x000001f62894d7c0, 0x000001f628951960
}

Java Threads: ( => current thread )
  0x000001f5bd87f9f0 JavaThread "main"                              [_thread_in_native, id=5872, stack(0x000000d442e00000,0x000000d442f00000) (1024K)]
  0x000001f5de895b10 JavaThread "Reference Handler"          daemon [_thread_blocked, id=10328, stack(0x000000d443600000,0x000000d443700000) (1024K)]
  0x000001f5de897940 JavaThread "Finalizer"                  daemon [_thread_blocked, id=9592, stack(0x000000d443700000,0x000000d443800000) (1024K)]
  0x000001f5de89a750 JavaThread "Signal Dispatcher"          daemon [_thread_blocked, id=5992, stack(0x000000d443800000,0x000000d443900000) (1024K)]
  0x000001f5de89d5d0 JavaThread "Attach Listener"            daemon [_thread_blocked, id=4972, stack(0x000000d443900000,0x000000d443a00000) (1024K)]
  0x000001f5de8a8930 JavaThread "Service Thread"             daemon [_thread_blocked, id=2564, stack(0x000000d443a00000,0x000000d443b00000) (1024K)]
  0x000001f5de8a9390 JavaThread "Monitor Deflation Thread"   daemon [_thread_blocked, id=11980, stack(0x000000d443b00000,0x000000d443c00000) (1024K)]
  0x000001f5de8ae360 JavaThread "C2 CompilerThread0"         daemon [_thread_blocked, id=8652, stack(0x000000d443c00000,0x000000d443d00000) (1024K)]
=>0x000001f624024370 JavaThread "C1 CompilerThread0"         daemon [_thread_in_native, id=7464, stack(0x000000d443d00000,0x000000d443e00000) (1024K)]
  0x000001f6241e5e60 JavaThread "Notification Thread"        daemon [_thread_blocked, id=3840, stack(0x000000d443e00000,0x000000d443f00000) (1024K)]
  0x000001f6241f3110 JavaThread "Common-Cleaner"             daemon [_thread_blocked, id=2932, stack(0x000000d443f00000,0x000000d444000000) (1024K)]
  0x000001f6255e3690 JavaThread "Thread-1"                   daemon [_thread_blocked, id=13148, stack(0x000000d444900000,0x000000d444a00000) (1024K)]
  0x000001f6289380e0 JavaThread "resolver-1"                 daemon [_thread_blocked, id=11900, stack(0x000000d444b00000,0x000000d444c00000) (1024K)]
  0x000001f62894f890 JavaThread "resolver-2"                 daemon [_thread_blocked, id=1324, stack(0x000000d444c00000,0x000000d444d00000) (1024K)]
  0x000001f62894ff20 JavaThread "resolver-3"                 daemon [_thread_blocked, id=6748, stack(0x000000d444d00000,0x000000d444e00000) (1024K)]
  0x000001f6289505b0 JavaThread "resolver-4"                 daemon [_thread_blocked, id=8308, stack(0x000000d444e00000,0x000000d444f00000) (1024K)]
  0x000001f62894eb70 JavaThread "resolver-5"                 daemon [_thread_blocked, id=12544, stack(0x000000d444f00000,0x000000d445000000) (1024K)]
  0x000001f628950c40 JavaThread "timeout-check-timer"        daemon [_thread_blocked, id=10408, stack(0x000000d445000000,0x000000d445100000) (1024K)]
  0x000001f6289512d0 JavaThread "ping-timer-10s"             daemon [_thread_blocked, id=13296, stack(0x000000d445100000,0x000000d445200000) (1024K)]
  0x000001f62894c410 JavaThread "ThreadedStreamConsumer"     daemon [_thread_blocked, id=7416, stack(0x000000d445200000,0x000000d445300000) (1024K)]
  0x000001f62894d130 JavaThread "Thread-3"                          [_thread_blocked, id=7040, stack(0x000000d445300000,0x000000d445400000) (1024K)]
  0x000001f62894d7c0 JavaThread "Thread-4"                          [_thread_in_native, id=10044, stack(0x000000d445400000,0x000000d445500000) (1024K)]
  0x000001f628951960 JavaThread "Thread-5"                          [_thread_in_native, id=140, stack(0x000000d445500000,0x000000d445600000) (1024K)]
Total: 23

Other Threads:
  0x000001f5de87c990 VMThread "VM Thread"                           [id=6092, stack(0x000000d443500000,0x000000d443600000) (1024K)]
  0x000001f5de86ba10 WatcherThread "VM Periodic Task Thread"        [id=9620, stack(0x000000d443400000,0x000000d443500000) (1024K)]
  0x000001f5bfaceaa0 WorkerThread "GC Thread#0"                     [id=6016, stack(0x000000d442f00000,0x000000d443000000) (1024K)]
  0x000001f6254464a0 WorkerThread "GC Thread#1"                     [id=8660, stack(0x000000d444200000,0x000000d444300000) (1024K)]
  0x000001f625446850 WorkerThread "GC Thread#2"                     [id=12500, stack(0x000000d444300000,0x000000d444400000) (1024K)]
  0x000001f6253fc000 WorkerThread "GC Thread#3"                     [id=4568, stack(0x000000d444400000,0x000000d444500000) (1024K)]
  0x000001f6257b13a0 WorkerThread "GC Thread#4"                     [id=8772, stack(0x000000d444500000,0x000000d444600000) (1024K)]
  0x000001f6257b1750 WorkerThread "GC Thread#5"                     [id=3812, stack(0x000000d444600000,0x000000d444700000) (1024K)]
  0x000001f625510d80 WorkerThread "GC Thread#6"                     [id=3784, stack(0x000000d444700000,0x000000d444800000) (1024K)]
  0x000001f625b953a0 WorkerThread "GC Thread#7"                     [id=11372, stack(0x000000d444800000,0x000000d444900000) (1024K)]
  0x000001f5bfae3970 ConcurrentGCThread "G1 Main Marker"            [id=2996, stack(0x000000d443000000,0x000000d443100000) (1024K)]
  0x000001f5bfae46d0 WorkerThread "G1 Conc#0"                       [id=8044, stack(0x000000d443100000,0x000000d443200000) (1024K)]
  0x000001f625f02e30 WorkerThread "G1 Conc#1"                       [id=1608, stack(0x000000d444a00000,0x000000d444b00000) (1024K)]
  0x000001f5bfb2e1b0 ConcurrentGCThread "G1 Refine#0"               [id=11084, stack(0x000000d443200000,0x000000d443300000) (1024K)]
  0x000001f5de732070 ConcurrentGCThread "G1 Service"                [id=2788, stack(0x000000d443300000,0x000000d443400000) (1024K)]
Total: 15

Threads with active compile tasks:
C1 CompilerThread0  11408 8448   !   3       sun.nio.cs.StreamEncoder::write (82 bytes)
Total: 1

VM state: not at safepoint (normal execution)

VM Mutex/Monitor currently owned by a thread: None

Heap address: 0x0000000701200000, size: 4078 MB, Compressed Oops mode: Zero based, Oop shift amount: 3

CDS archive(s) mapped at: [0x000001f5df000000-0x000001f5dfd70000-0x000001f5dfd70000), size 14090240, SharedBaseAddress: 0x000001f5df000000, ArchiveRelocationMode: 1.
Compressed class space mapped at: 0x000001f5e0000000-0x000001f620000000, reserved size: 1073741824
Narrow klass base: 0x000001f5df000000, Narrow klass shift: 0, Narrow klass range: 0x41000000

GC Precious Log:
 CardTable entry size: 512
 Card Set container configuration: InlinePtr #cards 4 size 8 Array Of Cards #cards 16 size 48 Howl #buckets 8 coarsen threshold 3686 Howl Bitmap #cards 512 size 80 coarsen threshold 460 Card regions per heap region 1 cards per card region 4096
 CPUs: 8 total, 8 available
 Memory: 16304M
 Large Page Support: Disabled
 NUMA Support: Disabled
 Compressed Oops: Enabled (Zero based)
 Heap Region Size: 2M
 Heap Min Capacity: 8M
 Heap Initial Capacity: 256M
 Heap Max Capacity: 4078M
 Pre-touch: Disabled
 Parallel Workers: 8
 Concurrent Workers: 2
 Concurrent Refinement Workers: 8
 Periodic GC: Disabled

Heap:
 garbage-first heap   total reserved 4175872K, committed 100352K, used 65930K [0x0000000701200000, 0x0000000800000000)
  region size 2048K, 11 young (22528K), 1 survivors (2048K)
 Metaspace       used 31818K, committed 32192K, reserved 1114112K
  class space    used 3649K, committed 3776K, reserved 1048576K

Heap Regions: E=young(eden), S=young(survivor), O=old, HS=humongous(starts), HC=humongous(continues), CS=collection set, F=free, TAMS=top-at-mark-start, PB=parsable bottom
|   0|0x0000000701200000, 0x0000000701400000, 0x0000000701400000|100%| O|  |TAMS 0x0000000701200000| PB 0x0000000701200000| Untracked |  0
|   1|0x0000000701400000, 0x0000000701600000, 0x0000000701600000|100%| O|  |TAMS 0x0000000701400000| PB 0x0000000701400000| Untracked |  0
|   2|0x0000000701600000, 0x0000000701800000, 0x0000000701800000|100%| O|  |TAMS 0x0000000701600000| PB 0x0000000701600000| Untracked |  0
|   3|0x0000000701800000, 0x0000000701a00000, 0x0000000701a00000|100%| O|  |TAMS 0x0000000701800000| PB 0x0000000701800000| Untracked |  0
|   4|0x0000000701a00000, 0x0000000701bb84c0, 0x0000000701c00000| 85%| O|  |TAMS 0x0000000701a00000| PB 0x0000000701a00000| Untracked |  0
|   5|0x0000000701c00000, 0x0000000701e00000, 0x0000000701e00000|100%| O|  |TAMS 0x0000000701c00000| PB 0x0000000701c00000| Untracked |  0
|   6|0x0000000701e00000, 0x0000000702000000, 0x0000000702000000|100%| O|  |TAMS 0x0000000701e00000| PB 0x0000000701e00000| Untracked |  0
|   7|0x0000000702000000, 0x0000000702200000, 0x0000000702200000|100%| O|  |TAMS 0x0000000702000000| PB 0x0000000702000000| Untracked |  0
|   8|0x0000000702200000, 0x0000000702400000, 0x0000000702400000|100%| O|  |TAMS 0x0000000702200000| PB 0x0000000702200000| Untracked |  0
|   9|0x0000000702400000, 0x0000000702600000, 0x0000000702600000|100%| O|  |TAMS 0x0000000702400000| PB 0x0000000702400000| Untracked |  0
|  10|0x0000000702600000, 0x0000000702800000, 0x0000000702800000|100%| O|  |TAMS 0x0000000702600000| PB 0x0000000702600000| Untracked |  0
|  11|0x0000000702800000, 0x0000000702a00000, 0x0000000702a00000|100%| O|  |TAMS 0x0000000702800000| PB 0x0000000702800000| Untracked |  0
|  12|0x0000000702a00000, 0x0000000702c00000, 0x0000000702c00000|100%| O|  |TAMS 0x0000000702a00000| PB 0x0000000702a00000| Untracked |  0
|  13|0x0000000702c00000, 0x0000000702e00000, 0x0000000702e00000|100%| O|  |TAMS 0x0000000702c00000| PB 0x0000000702c00000| Untracked |  0
|  14|0x0000000702e00000, 0x0000000703000000, 0x0000000703000000|100%| O|  |TAMS 0x0000000702e00000| PB 0x0000000702e00000| Untracked |  0
|  15|0x0000000703000000, 0x0000000703200000, 0x0000000703200000|100%| O|  |TAMS 0x0000000703000000| PB 0x0000000703000000| Untracked |  0
|  16|0x0000000703200000, 0x0000000703400000, 0x0000000703400000|100%| O|  |TAMS 0x0000000703200000| PB 0x0000000703200000| Untracked |  0
|  17|0x0000000703400000, 0x0000000703600000, 0x0000000703600000|100%| O|  |TAMS 0x0000000703400000| PB 0x0000000703400000| Untracked |  0
|  18|0x0000000703600000, 0x0000000703800000, 0x0000000703800000|100%| O|  |TAMS 0x0000000703600000| PB 0x0000000703600000| Untracked |  0
|  19|0x0000000703800000, 0x0000000703a00000, 0x0000000703a00000|100%| O|  |TAMS 0x0000000703800000| PB 0x0000000703800000| Untracked |  0
|  20|0x0000000703a00000, 0x0000000703c00000, 0x0000000703c00000|100%| O|  |TAMS 0x0000000703a00000| PB 0x0000000703a00000| Untracked |  0
|  21|0x0000000703c00000, 0x0000000703e00000, 0x0000000703e00000|100%| O|  |TAMS 0x0000000703c00000| PB 0x0000000703c00000| Untracked |  0
|  22|0x0000000703e00000, 0x0000000704000000, 0x0000000704000000|100%| O|  |TAMS 0x0000000703e00000| PB 0x0000000703e00000| Untracked |  0
|  23|0x0000000704000000, 0x00000007040be030, 0x0000000704200000| 37%| O|  |TAMS 0x0000000704000000| PB 0x0000000704000000| Untracked |  0
|  24|0x0000000704200000, 0x0000000704200000, 0x0000000704400000|  0%| F|  |TAMS 0x0000000704200000| PB 0x0000000704200000| Untracked |  0
|  25|0x0000000704400000, 0x0000000704400000, 0x0000000704600000|  0%| F|  |TAMS 0x0000000704400000| PB 0x0000000704400000| Untracked |  0
|  26|0x0000000704600000, 0x0000000704600000, 0x0000000704800000|  0%| F|  |TAMS 0x0000000704600000| PB 0x0000000704600000| Untracked |  0
|  27|0x0000000704800000, 0x0000000704800000, 0x0000000704a00000|  0%| F|  |TAMS 0x0000000704800000| PB 0x0000000704800000| Untracked |  0
|  28|0x0000000704a00000, 0x0000000704a00000, 0x0000000704c00000|  0%| F|  |TAMS 0x0000000704a00000| PB 0x0000000704a00000| Untracked |  0
|  29|0x0000000704c00000, 0x0000000704c00000, 0x0000000704e00000|  0%| F|  |TAMS 0x0000000704c00000| PB 0x0000000704c00000| Untracked |  0
|  30|0x0000000704e00000, 0x0000000704e00000, 0x0000000705000000|  0%| F|  |TAMS 0x0000000704e00000| PB 0x0000000704e00000| Untracked |  0
|  31|0x0000000705000000, 0x0000000705000000, 0x0000000705200000|  0%| F|  |TAMS 0x0000000705000000| PB 0x0000000705000000| Untracked |  0
|  32|0x0000000705200000, 0x0000000705200000, 0x0000000705400000|  0%| F|  |TAMS 0x0000000705200000| PB 0x0000000705200000| Untracked |  0
|  33|0x0000000705400000, 0x00000007055ec580, 0x0000000705600000| 96%| S|CS|TAMS 0x0000000705400000| PB 0x0000000705400000| Complete |  0
|  34|0x0000000705600000, 0x0000000705600000, 0x0000000705800000|  0%| F|  |TAMS 0x0000000705600000| PB 0x0000000705600000| Untracked |  0
|  35|0x0000000705800000, 0x0000000705800000, 0x0000000705a00000|  0%| F|  |TAMS 0x0000000705800000| PB 0x0000000705800000| Untracked |  0
|  36|0x0000000705a00000, 0x0000000705a00000, 0x0000000705c00000|  0%| F|  |TAMS 0x0000000705a00000| PB 0x0000000705a00000| Untracked |  0
|  37|0x0000000705c00000, 0x0000000705c00000, 0x0000000705e00000|  0%| F|  |TAMS 0x0000000705c00000| PB 0x0000000705c00000| Untracked |  0
|  38|0x0000000705e00000, 0x0000000705e00000, 0x0000000706000000|  0%| F|  |TAMS 0x0000000705e00000| PB 0x0000000705e00000| Untracked |  0
|  39|0x0000000706000000, 0x00000007060affa8, 0x0000000706200000| 34%| E|  |TAMS 0x0000000706000000| PB 0x0000000706000000| Complete |  0
|  40|0x0000000706200000, 0x0000000706400000, 0x0000000706400000|100%| E|  |TAMS 0x0000000706200000| PB 0x0000000706200000| Complete |  0
|  41|0x0000000706400000, 0x0000000706600000, 0x0000000706600000|100%| E|CS|TAMS 0x0000000706400000| PB 0x0000000706400000| Complete |  0
|  42|0x0000000706600000, 0x0000000706800000, 0x0000000706800000|100%| E|CS|TAMS 0x0000000706600000| PB 0x0000000706600000| Complete |  0
|  43|0x0000000706800000, 0x0000000706a00000, 0x0000000706a00000|100%| E|CS|TAMS 0x0000000706800000| PB 0x0000000706800000| Complete |  0
|  44|0x0000000706a00000, 0x0000000706c00000, 0x0000000706c00000|100%| E|CS|TAMS 0x0000000706a00000| PB 0x0000000706a00000| Complete |  0
| 120|0x0000000710200000, 0x0000000710400000, 0x0000000710400000|100%| E|CS|TAMS 0x0000000710200000| PB 0x0000000710200000| Complete |  0
| 121|0x0000000710400000, 0x0000000710600000, 0x0000000710600000|100%| E|CS|TAMS 0x0000000710400000| PB 0x0000000710400000| Complete |  0
| 122|0x0000000710600000, 0x0000000710800000, 0x0000000710800000|100%| E|CS|TAMS 0x0000000710600000| PB 0x0000000710600000| Complete |  0
| 127|0x0000000711000000, 0x0000000711200000, 0x0000000711200000|100%| E|CS|TAMS 0x0000000711000000| PB 0x0000000711000000| Complete |  0

Card table byte_map: [0x000001f5d7cd0000,0x000001f5d84d0000] _byte_map_base: 0x000001f5d44c7000

Marking Bits: (CMBitMap*) 0x000001f5bfacf1b0
 Bits: [0x000001f5d84d0000, 0x000001f5dc488000)

Polling page: 0x000001f5bd820000

Metaspace:

Usage:
  Non-class:     27.51 MB used.
      Class:      3.56 MB used.
       Both:     31.07 MB used.

Virtual space:
  Non-class space:       64.00 MB reserved,      27.75 MB ( 43%) committed,  1 nodes.
      Class space:        1.00 GB reserved,       3.69 MB ( <1%) committed,  1 nodes.
             Both:        1.06 GB reserved,      31.44 MB (  3%) committed. 

Chunk freelists:
   Non-Class:  4.08 MB
       Class:  12.13 MB
        Both:  16.21 MB

MaxMetaspaceSize: unlimited
CompressedClassSpaceSize: 1.00 GB
Initial GC threshold: 21.00 MB
Current GC threshold: 35.56 MB
CDS: on
 - commit_granule_bytes: 65536.
 - commit_granule_words: 8192.
 - virtual_space_node_default_size: 8388608.
 - enlarge_chunks_in_place: 1.
 - use_allocation_guard: 0.


Internal statistics:

num_allocs_failed_limit: 3.
num_arena_births: 350.
num_arena_deaths: 0.
num_vsnodes_births: 2.
num_vsnodes_deaths: 0.
num_space_committed: 503.
num_space_uncommitted: 0.
num_chunks_returned_to_freelist: 3.
num_chunks_taken_from_freelist: 1440.
num_chunk_merges: 3.
num_chunk_splits: 1033.
num_chunks_enlarged: 819.
num_inconsistent_stats: 0.

CodeHeap 'non-profiled nmethods': size=120064Kb used=3733Kb max_used=3733Kb free=116330Kb
 bounds [0x000001f5cfc60000, 0x000001f5d0010000, 0x000001f5d71a0000]
CodeHeap 'profiled nmethods': size=120000Kb used=14946Kb max_used=14946Kb free=105053Kb
 bounds [0x000001f5c81a0000, 0x000001f5c9040000, 0x000001f5cf6d0000]
CodeHeap 'non-nmethods': size=5696Kb used=1506Kb max_used=1558Kb free=4189Kb
 bounds [0x000001f5cf6d0000, 0x000001f5cf940000, 0x000001f5cfc60000]
CodeCache: size=245760Kb, used=20185Kb, max_used=20237Kb, free=225572Kb
 total_blobs=9037, nmethods=8445, adapters=496, full_count=0
Compilation: enabled, stopped_count=0, restarted_count=0

Compilation events (20 events):
Event: 6.232 Thread 0x000001f624024370 nmethod 8437 0x000001f5c9035488 code [0x000001f5c90356a0, 0x000001f5c9036370]
Event: 6.305 Thread 0x000001f5de8ae360 8438       4       java.lang.ClassNotFoundException::<init> (7 bytes)
Event: 6.310 Thread 0x000001f5de8ae360 nmethod 8438 0x000001f5d0002a08 code [0x000001f5d0002b40, 0x000001f5d00033b0]
Event: 6.315 Thread 0x000001f5de8ae360 8439       4       org.codehaus.plexus.classworlds.realm.Entry::matches (282 bytes)
Event: 6.336 Thread 0x000001f5de8ae360 nmethod 8439 0x000001f5d0003408 code [0x000001f5d0003660, 0x000001f5d00044f8]
Event: 6.336 Thread 0x000001f5de8ae360 8441       4       java.util.concurrent.locks.AbstractQueuedSynchronizer::release (19 bytes)
Event: 6.338 Thread 0x000001f5de8ae360 nmethod 8441 0x000001f5d0004608 code [0x000001f5d0004720, 0x000001f5d0004948]
Event: 6.338 Thread 0x000001f5de8ae360 8440       4       org.codehaus.plexus.classworlds.realm.ClassRealm::getImportClassLoader (47 bytes)
Event: 6.346 Thread 0x000001f5de8ae360 nmethod 8440 0x000001f5d0004a08 code [0x000001f5d0004b60, 0x000001f5d00050c8]
Event: 6.465 Thread 0x000001f624024370 8442       3       sun.nio.cs.StreamEncoder::ensureOpen (18 bytes)
Event: 6.466 Thread 0x000001f624024370 nmethod 8442 0x000001f5c9036408 code [0x000001f5c9036540, 0x000001f5c9036748]
Event: 8.243 Thread 0x000001f624024370 8443       3       java.util.concurrent.locks.ReentrantLock$NonfairSync::tryAcquire (27 bytes)
Event: 8.243 Thread 0x000001f624024370 nmethod 8443 0x000001f5c9036788 code [0x000001f5c90368c0, 0x000001f5c9036b40]
Event: 9.543 Thread 0x000001f624024370 8444       3       java.util.concurrent.ConcurrentLinkedQueue::updateHead (26 bytes)
Event: 9.544 Thread 0x000001f624024370 nmethod 8444 0x000001f5c9036b88 code [0x000001f5c9036e60, 0x000001f5c9038480]
Event: 9.544 Thread 0x000001f624024370 8445       3       java.util.concurrent.ThreadPoolExecutor::runStateAtLeast (11 bytes)
Event: 9.544 Thread 0x000001f624024370 nmethod 8445 0x000001f5c9038588 code [0x000001f5c90386a0, 0x000001f5c90387d8]
Event: 11.369 Thread 0x000001f624024370 8447       3       java.text.DontCareFieldPosition$1::formatted (1 bytes)
Event: 11.370 Thread 0x000001f624024370 nmethod 8447 0x000001f5c9038888 code [0x000001f5c90389a0, 0x000001f5c9038aa8]
Event: 11.370 Thread 0x000001f624024370 8448   !   3       sun.nio.cs.StreamEncoder::write (82 bytes)

GC Heap History (20 events):
Event: 0.731 GC heap before
{Heap before GC invocations=1 (full 0):
 garbage-first heap   total reserved 4175872K, committed 262144K, used 24340K [0x0000000701200000, 0x0000000800000000)
  region size 2048K, 13 young (26624K), 2 survivors (4096K)
 Metaspace       used 8675K, committed 8832K, reserved 1114112K
  class space    used 1061K, committed 1152K, reserved 1048576K
}
Event: 0.735 GC heap after
{Heap after GC invocations=2 (full 0):
 garbage-first heap   total reserved 4175872K, committed 262144K, used 5153K [0x0000000701200000, 0x0000000800000000)
  region size 2048K, 1 young (2048K), 1 survivors (2048K)
 Metaspace       used 8675K, committed 8832K, reserved 1114112K
  class space    used 1061K, committed 1152K, reserved 1048576K
}
Event: 1.649 GC heap before
{Heap before GC invocations=2 (full 0):
 garbage-first heap   total reserved 4175872K, committed 262144K, used 70689K [0x0000000701200000, 0x0000000800000000)
  region size 2048K, 33 young (67584K), 1 survivors (2048K)
 Metaspace       used 15983K, committed 16192K, reserved 1114112K
  class space    used 1950K, committed 2048K, reserved 1048576K
}
Event: 1.655 GC heap after
{Heap after GC invocations=3 (full 0):
 garbage-first heap   total reserved 4175872K, committed 262144K, used 10109K [0x0000000701200000, 0x0000000800000000)
  region size 2048K, 4 young (8192K), 4 survivors (8192K)
 Metaspace       used 15983K, committed 16192K, reserved 1114112K
  class space    used 1950K, committed 2048K, reserved 1048576K
}
Event: 2.333 GC heap before
{Heap before GC invocations=3 (full 0):
 garbage-first heap   total reserved 4175872K, committed 262144K, used 75645K [0x0000000701200000, 0x0000000800000000)
  region size 2048K, 36 young (73728K), 4 survivors (8192K)
 Metaspace       used 17910K, committed 18176K, reserved 1114112K
  class space    used 2117K, committed 2240K, reserved 1048576K
}
Event: 2.341 GC heap after
{Heap after GC invocations=4 (full 0):
 garbage-first heap   total reserved 4175872K, committed 262144K, used 13876K [0x0000000701200000, 0x0000000800000000)
  region size 2048K, 5 young (10240K), 5 survivors (10240K)
 Metaspace       used 17910K, committed 18176K, reserved 1114112K
  class space    used 2117K, committed 2240K, reserved 1048576K
}
Event: 2.562 GC heap before
{Heap before GC invocations=4 (full 0):
 garbage-first heap   total reserved 4175872K, committed 262144K, used 22068K [0x0000000701200000, 0x0000000800000000)
  region size 2048K, 10 young (20480K), 5 survivors (10240K)
 Metaspace       used 21199K, committed 21504K, reserved 1114112K
  class space    used 2547K, committed 2688K, reserved 1048576K
}
Event: 2.568 GC heap after
{Heap after GC invocations=5 (full 0):
 garbage-first heap   total reserved 4175872K, committed 262144K, used 15033K [0x0000000701200000, 0x0000000800000000)
  region size 2048K, 3 young (6144K), 3 survivors (6144K)
 Metaspace       used 21199K, committed 21504K, reserved 1114112K
  class space    used 2547K, committed 2688K, reserved 1048576K
}
Event: 3.165 GC heap before
{Heap before GC invocations=6 (full 0):
 garbage-first heap   total reserved 4175872K, committed 55296K, used 53945K [0x0000000701200000, 0x0000000800000000)
  region size 2048K, 22 young (45056K), 3 survivors (6144K)
 Metaspace       used 26394K, committed 26752K, reserved 1114112K
  class space    used 3128K, committed 3328K, reserved 1048576K
}
Event: 3.177 GC heap after
{Heap after GC invocations=7 (full 0):
 garbage-first heap   total reserved 4175872K, committed 73728K, used 28385K [0x0000000701200000, 0x0000000800000000)
  region size 2048K, 9 young (18432K), 9 survivors (18432K)
 Metaspace       used 26394K, committed 26752K, reserved 1114112K
  class space    used 3128K, committed 3328K, reserved 1048576K
}
Event: 3.282 GC heap before
{Heap before GC invocations=7 (full 0):
 garbage-first heap   total reserved 4175872K, committed 73728K, used 48865K [0x0000000701200000, 0x0000000800000000)
  region size 2048K, 19 young (38912K), 9 survivors (18432K)
 Metaspace       used 26676K, committed 27072K, reserved 1114112K
  class space    used 3152K, committed 3328K, reserved 1048576K
}
Event: 3.295 GC heap after
{Heap after GC invocations=8 (full 0):
 garbage-first heap   total reserved 4175872K, committed 73728K, used 31942K [0x0000000701200000, 0x0000000800000000)
  region size 2048K, 2 young (4096K), 2 survivors (4096K)
 Metaspace       used 26676K, committed 27072K, reserved 1114112K
  class space    used 3152K, committed 3328K, reserved 1048576K
}
Event: 3.686 GC heap before
{Heap before GC invocations=8 (full 0):
 garbage-first heap   total reserved 4175872K, committed 73728K, used 58566K [0x0000000701200000, 0x0000000800000000)
  region size 2048K, 15 young (30720K), 2 survivors (4096K)
 Metaspace       used 28606K, committed 28992K, reserved 1114112K
  class space    used 3379K, committed 3520K, reserved 1048576K
}
Event: 3.698 GC heap after
{Heap after GC invocations=9 (full 0):
 garbage-first heap   total reserved 4175872K, committed 100352K, used 35553K [0x0000000701200000, 0x0000000800000000)
  region size 2048K, 2 young (4096K), 2 survivors (4096K)
 Metaspace       used 28606K, committed 28992K, reserved 1114112K
  class space    used 3379K, committed 3520K, reserved 1048576K
}
Event: 4.387 GC heap before
{Heap before GC invocations=9 (full 0):
 garbage-first heap   total reserved 4175872K, committed 100352K, used 76513K [0x0000000701200000, 0x0000000800000000)
  region size 2048K, 22 young (45056K), 2 survivors (4096K)
 Metaspace       used 29282K, committed 29632K, reserved 1114112K
  class space    used 3417K, committed 3584K, reserved 1048576K
}
Event: 4.406 GC heap after
{Heap after GC invocations=10 (full 0):
 garbage-first heap   total reserved 4175872K, committed 100352K, used 45772K [0x0000000701200000, 0x0000000800000000)
  region size 2048K, 3 young (6144K), 3 survivors (6144K)
 Metaspace       used 29282K, committed 29632K, reserved 1114112K
  class space    used 3417K, committed 3584K, reserved 1048576K
}
Event: 4.766 GC heap before
{Heap before GC invocations=10 (full 0):
 garbage-first heap   total reserved 4175872K, committed 100352K, used 78540K [0x0000000701200000, 0x0000000800000000)
  region size 2048K, 19 young (38912K), 3 survivors (6144K)
 Metaspace       used 29400K, committed 29824K, reserved 1114112K
  class space    used 3419K, committed 3584K, reserved 1048576K
}
Event: 4.776 GC heap after
{Heap after GC invocations=11 (full 0):
 garbage-first heap   total reserved 4175872K, committed 100352K, used 47800K [0x0000000701200000, 0x0000000800000000)
  region size 2048K, 3 young (6144K), 3 survivors (6144K)
 Metaspace       used 29400K, committed 29824K, reserved 1114112K
  class space    used 3419K, committed 3584K, reserved 1048576K
}
Event: 5.125 GC heap before
{Heap before GC invocations=11 (full 0):
 garbage-first heap   total reserved 4175872K, committed 100352K, used 78520K [0x0000000701200000, 0x0000000800000000)
  region size 2048K, 18 young (36864K), 3 survivors (6144K)
 Metaspace       used 30811K, committed 31296K, reserved 1114112K
  class space    used 3553K, committed 3776K, reserved 1048576K
}
Event: 5.132 GC heap after
{Heap after GC invocations=12 (full 0):
 garbage-first heap   total reserved 4175872K, committed 100352K, used 49546K [0x0000000701200000, 0x0000000800000000)
  region size 2048K, 1 young (2048K), 1 survivors (2048K)
 Metaspace       used 30811K, committed 31296K, reserved 1114112K
  class space    used 3553K, committed 3776K, reserved 1048576K
}

Dll operation events (8 events):
Event: 0.004 Loaded shared library C:\Program Files\Java\jdk-23\bin\java.dll
Event: 0.025 Loaded shared library C:\Program Files\Java\jdk-23\bin\jsvml.dll
Event: 0.037 Loaded shared library C:\Program Files\Java\jdk-23\bin\net.dll
Event: 0.038 Loaded shared library C:\Program Files\Java\jdk-23\bin\nio.dll
Event: 0.040 Loaded shared library C:\Program Files\Java\jdk-23\bin\zip.dll
Event: 0.112 Loaded shared library C:\Program Files\Java\jdk-23\bin\jimage.dll
Event: 0.112 Loaded shared library C:\Program Files\apache-maven-3.9.9\lib\jansi-native\Windows\x86_64\jansi.dll
Event: 0.122 Loaded shared library C:\Program Files\Java\jdk-23\bin\verify.dll

Deoptimization events (20 events):
Event: 5.295 Thread 0x000001f5bd87f9f0 Uncommon trap: trap_request=0xffffff45 fr.pc=0x000001f5cfcf1a9c relative=0x000000000000055c
Event: 5.295 Thread 0x000001f5bd87f9f0 Uncommon trap: reason=unstable_if action=reinterpret pc=0x000001f5cfcf1a9c method=java.lang.String.<init>(Ljava/lang/AbstractStringBuilder;Ljava/lang/Void;)V @ 19 c2
Event: 5.295 Thread 0x000001f5bd87f9f0 DEOPT PACKING pc=0x000001f5cfcf1a9c sp=0x000000d442efdac0
Event: 5.295 Thread 0x000001f5bd87f9f0 DEOPT UNPACKING pc=0x000001f5cf724402 sp=0x000000d442efda28 mode 2
Event: 5.296 Thread 0x000001f5bd87f9f0 Uncommon trap: trap_request=0xffffff45 fr.pc=0x000001f5cffd8fdc relative=0x00000000000002fc
Event: 5.296 Thread 0x000001f5bd87f9f0 Uncommon trap: reason=unstable_if action=reinterpret pc=0x000001f5cffd8fdc method=java.lang.String.getBytes([BIB)V @ 5 c2
Event: 5.296 Thread 0x000001f5bd87f9f0 DEOPT PACKING pc=0x000001f5cffd8fdc sp=0x000000d442efd710
Event: 5.296 Thread 0x000001f5bd87f9f0 DEOPT UNPACKING pc=0x000001f5cf724402 sp=0x000000d442efd5e8 mode 2
Event: 5.296 Thread 0x000001f5bd87f9f0 Uncommon trap: trap_request=0xffffff45 fr.pc=0x000001f5cfc8868c relative=0x00000000000000ec
Event: 5.296 Thread 0x000001f5bd87f9f0 Uncommon trap: reason=unstable_if action=reinterpret pc=0x000001f5cfc8868c method=java.lang.String.getBytes([BIB)V @ 5 c2
Event: 5.296 Thread 0x000001f5bd87f9f0 DEOPT PACKING pc=0x000001f5cfc8868c sp=0x000000d442efd610
Event: 5.296 Thread 0x000001f5bd87f9f0 DEOPT UNPACKING pc=0x000001f5cf724402 sp=0x000000d442efd5b8 mode 2
Event: 6.226 Thread 0x000001f62894d7c0 Uncommon trap: trap_request=0xffffff45 fr.pc=0x000001f5d0001fdc relative=0x0000000000001a9c
Event: 6.226 Thread 0x000001f62894d7c0 Uncommon trap: reason=unstable_if action=reinterpret pc=0x000001f5d0001fdc method=java.io.BufferedReader.implReadLine(Z[Z)Ljava/lang/String; @ 269 c2
Event: 6.226 Thread 0x000001f62894d7c0 DEOPT PACKING pc=0x000001f5d0001fdc sp=0x000000d4454fefa0
Event: 6.226 Thread 0x000001f62894d7c0 DEOPT UNPACKING pc=0x000001f5cf724402 sp=0x000000d4454fef70 mode 2
Event: 11.274 Thread 0x000001f62894c410 Uncommon trap: trap_request=0xffffff45 fr.pc=0x000001f5cff65dfc relative=0x000000000000025c
Event: 11.274 Thread 0x000001f62894c410 Uncommon trap: reason=unstable_if action=reinterpret pc=0x000001f5cff65dfc method=java.lang.String.getChars(II[CI)V @ 24 c2
Event: 11.274 Thread 0x000001f62894c410 DEOPT PACKING pc=0x000001f5cff65dfc sp=0x000000d4452ff020
Event: 11.274 Thread 0x000001f62894c410 DEOPT UNPACKING pc=0x000001f5cf724402 sp=0x000000d4452fefb8 mode 2

Classes loaded (20 events):
Event: 5.299 Loading class jdk/internal/logger/LazyLoggers$1
Event: 5.299 Loading class jdk/internal/logger/LazyLoggers$1 done
Event: 5.299 Loading class jdk/internal/logger/LazyLoggers$LazyLoggerFactories
Event: 5.300 Loading class jdk/internal/logger/LazyLoggers$LazyLoggerFactories done
Event: 5.300 Loading class jdk/internal/logger/LoggerFinderLoader
Event: 5.300 Loading class jdk/internal/logger/LoggerFinderLoader done
Event: 5.300 Loading class jdk/internal/logger/LoggerFinderLoader$TemporaryLoggerFinder
Event: 5.300 Loading class jdk/internal/logger/LoggerFinderLoader$TemporaryLoggerFinder done
Event: 5.300 Loading class sun/util/logging/internal/LoggingProviderImpl$JULWrapper
Event: 5.301 Loading class sun/util/logging/PlatformLogger$ConfigurableBridge$LoggerConfiguration
Event: 5.301 Loading class sun/util/logging/PlatformLogger$ConfigurableBridge$LoggerConfiguration done
Event: 5.301 Loading class sun/util/logging/internal/LoggingProviderImpl$JULWrapper done
Event: 5.301 Loading class java/lang/System$Logger$Level
Event: 5.301 Loading class java/lang/System$Logger$Level done
Event: 6.313 Loading class java/io/SequenceInputStream
Event: 6.313 Loading class java/io/SequenceInputStream done
Event: 11.370 Loading class java/lang/Throwable$WrappedPrintWriter
Event: 11.370 Loading class java/lang/Throwable$PrintStreamOrWriter
Event: 11.370 Loading class java/lang/Throwable$PrintStreamOrWriter done
Event: 11.370 Loading class java/lang/Throwable$WrappedPrintWriter done

Classes unloaded (0 events):
No events

Classes redefined (0 events):
No events

Internal exceptions (20 events):
Event: 4.633 Thread 0x000001f5bd87f9f0 Exception <a 'sun/nio/fs/WindowsException'{0x0000000705d9e380}> (0x0000000705d9e380) 
thrown [s\open\src\hotspot\share\prims\jni.cpp, line 520]
Event: 4.636 Thread 0x000001f5bd87f9f0 Exception <a 'sun/nio/fs/WindowsException'{0x0000000705dc0580}> (0x0000000705dc0580) 
thrown [s\open\src\hotspot\share\prims\jni.cpp, line 520]
Event: 4.639 Thread 0x000001f5bd87f9f0 Exception <a 'sun/nio/fs/WindowsException'{0x0000000705dea250}> (0x0000000705dea250) 
thrown [s\open\src\hotspot\share\prims\jni.cpp, line 520]
Event: 4.643 Thread 0x000001f5bd87f9f0 Exception <a 'sun/nio/fs/WindowsException'{0x0000000705a143a0}> (0x0000000705a143a0) 
thrown [s\open\src\hotspot\share\prims\jni.cpp, line 520]
Event: 4.646 Thread 0x000001f5bd87f9f0 Exception <a 'sun/nio/fs/WindowsException'{0x0000000705a31578}> (0x0000000705a31578) 
thrown [s\open\src\hotspot\share\prims\jni.cpp, line 520]
Event: 4.646 Thread 0x000001f5bd87f9f0 Exception <a 'sun/nio/fs/WindowsException'{0x0000000705a31c90}> (0x0000000705a31c90) 
thrown [s\open\src\hotspot\share\prims\jni.cpp, line 520]
Event: 4.649 Thread 0x000001f5bd87f9f0 Exception <a 'sun/nio/fs/WindowsException'{0x0000000705a51670}> (0x0000000705a51670) 
thrown [s\open\src\hotspot\share\prims\jni.cpp, line 520]
Event: 4.815 Thread 0x000001f5bd87f9f0 Implicit null exception at 0x000001f5cfc96094 to 0x000001f5cfc96724
Event: 4.974 Thread 0x000001f628b82d40 Exception <a 'java/lang/NoSuchMethodError'{0x000000070637e650}: 'java.lang.Object java.lang.invoke.DirectMethodHandle$Holder.invokeStatic(java.lang.Object, long, java.lang.Object)'> (0x000000070637e650) 
thrown [s\open\src\hotspot\share\interpreter\linkResolver.cpp, line 796]
Event: 4.974 Thread 0x000001f628b82d40 Exception <a 'java/lang/NoSuchMethodError'{0x0000000706381a40}: 'java.lang.Object java.lang.invoke.DirectMethodHandle$Holder.invokeStaticInit(java.lang.Object, long, java.lang.Object)'> (0x0000000706381a40) 
thrown [s\open\src\hotspot\share\interpreter\linkResolver.cpp, line 796]
Event: 4.974 Thread 0x000001f628b82d40 Exception <a 'java/lang/NoSuchMethodError'{0x0000000706386f68}: 'java.lang.Object java.lang.invoke.DirectMethodHandle$Holder.newInvokeSpecial(java.lang.Object, long)'> (0x0000000706386f68) 
thrown [s\open\src\hotspot\share\interpreter\linkResolver.cpp, line 796]
Event: 4.976 Thread 0x000001f628b82d40 Exception <a 'java/lang/NoSuchMethodError'{0x000000070638b8e8}: 'long java.lang.invoke.DirectMethodHandle$Holder.invokeInterface(java.lang.Object, java.lang.Object)'> (0x000000070638b8e8) 
thrown [s\open\src\hotspot\share\interpreter\linkResolver.cpp, line 796]
Event: 4.977 Thread 0x000001f628b82d40 Exception <a 'java/lang/NoSuchMethodError'{0x000000070638ede8}: 'long java.lang.invoke.DelegatingMethodHandle$Holder.reinvoke_L(java.lang.Object, java.lang.Object)'> (0x000000070638ede8) 
thrown [s\open\src\hotspot\share\interpreter\linkResolver.cpp, line 796]
Event: 4.989 Thread 0x000001f5bd87f9f0 Exception <a 'java/lang/NoSuchMethodError'{0x0000000706120d58}: 'java.lang.String org.apache.maven.execution.MavenExecutionRequest.getFailureBehavior()'> (0x0000000706120d58) 
thrown [s\open\src\hotspot\share\interpreter\linkResolver.cpp, line 892]
Event: 5.040 Thread 0x000001f5bd87f9f0 Exception <a 'java/lang/NoSuchMethodError'{0x0000000705e94870}: 'java.lang.Object java.lang.invoke.DirectMethodHandle$Holder.invokeStaticInit(java.lang.Object, java.lang.Object, int, int, int, int)'> (0x0000000705e94870) 
thrown [s\open\src\hotspot\share\interpreter\linkResolver.cpp, line 796]
Event: 5.072 Thread 0x000001f5bd87f9f0 Exception <a 'java/lang/NoSuchMethodError'{0x0000000705d0b650}: 'int java.lang.invoke.DirectMethodHandle$Holder.invokeSpecialIFC(java.lang.Object, java.lang.Object, java.lang.Object, java.lang.Object)'> (0x0000000705d0b650) 
thrown [s\open\src\hotspot\share\interpreter\linkResolver.cpp, line 796]
Event: 5.108 Thread 0x000001f62894f890 Implicit null exception at 0x000001f5cff69a7b to 0x000001f5cff6a088
Event: 5.108 Thread 0x000001f62894ff20 Implicit null exception at 0x000001f5cff69a7b to 0x000001f5cff6a088
Event: 5.108 Thread 0x000001f62894f890 Implicit null exception at 0x000001f5cff6a597 to 0x000001f5cff6a930
Event: 5.298 Thread 0x000001f5bd87f9f0 Exception <a 'java/lang/NoSuchMethodError'{0x00000007062eb5a0}: 'void java.lang.invoke.DirectMethodHandle$Holder.invokeStatic(java.lang.Object, long)'> (0x00000007062eb5a0) 
thrown [s\open\src\hotspot\share\interpreter\linkResolver.cpp, line 796]

VM Operations (20 events):
Event: 3.512 Executing VM operation: HandshakeAllThreads (Deoptimize)
Event: 3.512 Executing VM operation: HandshakeAllThreads (Deoptimize) done
Event: 3.513 Executing VM operation: HandshakeAllThreads (Deoptimize)
Event: 3.513 Executing VM operation: HandshakeAllThreads (Deoptimize) done
Event: 3.686 Executing VM operation: G1CollectForAllocation (G1 Evacuation Pause)
Event: 3.698 Executing VM operation: G1CollectForAllocation (G1 Evacuation Pause) done
Event: 3.869 Executing VM operation: HandshakeAllThreads (Deoptimize)
Event: 3.869 Executing VM operation: HandshakeAllThreads (Deoptimize) done
Event: 3.994 Executing VM operation: HandshakeAllThreads (Deoptimize)
Event: 3.994 Executing VM operation: HandshakeAllThreads (Deoptimize) done
Event: 4.387 Executing VM operation: G1CollectForAllocation (G1 Evacuation Pause)
Event: 4.406 Executing VM operation: G1CollectForAllocation (G1 Evacuation Pause) done
Event: 4.766 Executing VM operation: G1CollectForAllocation (G1 Evacuation Pause)
Event: 4.776 Executing VM operation: G1CollectForAllocation (G1 Evacuation Pause) done
Event: 5.025 Executing VM operation: HandshakeAllThreads (Deoptimize)
Event: 5.025 Executing VM operation: HandshakeAllThreads (Deoptimize) done
Event: 5.125 Executing VM operation: G1CollectForAllocation (G1 Evacuation Pause)
Event: 5.132 Executing VM operation: G1CollectForAllocation (G1 Evacuation Pause) done
Event: 5.253 Executing VM operation: HandshakeAllThreads (Deoptimize)
Event: 5.253 Executing VM operation: HandshakeAllThreads (Deoptimize) done

Memory protections (0 events):
No events

Nmethod flushes (0 events):
No events

Events (20 events):
Event: 0.091 Thread 0x000001f624024370 Thread added: 0x000001f6240257e0
Event: 0.110 Thread 0x000001f5bd87f9f0 Thread added: 0x000001f624648760
Event: 0.116 Thread 0x000001f624648760 Thread exited: 0x000001f624648760
Event: 0.404 Thread 0x000001f624024370 Thread added: 0x000001f624022f00
Event: 1.165 Thread 0x000001f5bd87f9f0 Thread added: 0x000001f6255e3690
Event: 4.961 Thread 0x000001f5bd87f9f0 Thread added: 0x000001f628b82d40
Event: 4.978 Thread 0x000001f628b82d40 Thread exited: 0x000001f628b82d40
Event: 5.107 Thread 0x000001f5bd87f9f0 Thread added: 0x000001f6289380e0
Event: 5.108 Thread 0x000001f5bd87f9f0 Thread added: 0x000001f62894f890
Event: 5.108 Thread 0x000001f5bd87f9f0 Thread added: 0x000001f62894ff20
Event: 5.222 Thread 0x000001f5bd87f9f0 Thread added: 0x000001f6289505b0
Event: 5.222 Thread 0x000001f5bd87f9f0 Thread added: 0x000001f62894eb70
Event: 5.243 Thread 0x000001f5bd87f9f0 Thread added: 0x000001f628950c40
Event: 5.250 Thread 0x000001f5bd87f9f0 Thread added: 0x000001f6289512d0
Event: 5.293 Thread 0x000001f5bd87f9f0 Thread added: 0x000001f62894c410
Event: 5.303 Thread 0x000001f5bd87f9f0 Thread added: 0x000001f62894d130
Event: 5.304 Thread 0x000001f5bd87f9f0 Thread added: 0x000001f62894d7c0
Event: 5.304 Thread 0x000001f5bd87f9f0 Thread added: 0x000001f628951960
Event: 5.564 Thread 0x000001f624022f00 Thread exited: 0x000001f624022f00
Event: 5.566 Thread 0x000001f6240257e0 Thread exited: 0x000001f6240257e0


Dynamic libraries:
0x00007ff6f63b0000 - 0x00007ff6f63c0000 	C:\Program Files\Java\jdk-23\bin\java.exe
0x00007ff8ddbb0000 - 0x00007ff8ddd9d000 	C:\Windows\SYSTEM32\ntdll.dll
0x00007ff8dd060000 - 0x00007ff8dd113000 	C:\Windows\System32\KERNEL32.DLL
0x00007ff8da060000 - 0x00007ff8da2f5000 	C:\Windows\System32\KERNELBASE.dll
0x00007ff8da4d0000 - 0x00007ff8da5ca000 	C:\Windows\System32\ucrtbase.dll
0x00007ff8d2fd0000 - 0x00007ff8d2fe7000 	C:\Program Files\Java\jdk-23\bin\jli.dll
0x00007ff8c94f0000 - 0x00007ff8c950b000 	C:\Program Files\Java\jdk-23\bin\VCRUNTIME140.dll
0x00007ff8dca80000 - 0x00007ff8dcc17000 	C:\Windows\System32\USER32.dll
0x00007ff8da4b0000 - 0x00007ff8da4d0000 	C:\Windows\System32\win32u.dll
0x00007ff8c6f30000 - 0x00007ff8c71a9000 	C:\Windows\WinSxS\amd64_microsoft.windows.common-controls_6595b64144ccf1df_6.0.17763.1339_none_de7015e4534c7114\COMCTL32.dll
0x00007ff8dc870000 - 0x00007ff8dc899000 	C:\Windows\System32\GDI32.dll
0x00007ff8dae00000 - 0x00007ff8dae9e000 	C:\Windows\System32\msvcrt.dll
0x00007ff8d9c90000 - 0x00007ff8d9e2b000 	C:\Windows\System32\gdi32full.dll
0x00007ff8dcc20000 - 0x00007ff8dcf4c000 	C:\Windows\System32\combase.dll
0x00007ff8dad30000 - 0x00007ff8dadd0000 	C:\Windows\System32\msvcp_win.dll
0x00007ff8dc610000 - 0x00007ff8dc732000 	C:\Windows\System32\RPCRT4.dll
0x00007ff8da300000 - 0x00007ff8da37e000 	C:\Windows\System32\bcryptPrimitives.dll
0x00007ff8dc8a0000 - 0x00007ff8dc8ce000 	C:\Windows\System32\IMM32.DLL
0x00007ff8d2d60000 - 0x00007ff8d2d6c000 	C:\Program Files\Java\jdk-23\bin\vcruntime140_1.dll
0x00007ff8baa90000 - 0x00007ff8bab1e000 	C:\Program Files\Java\jdk-23\bin\msvcp140.dll
0x00007ff8782f0000 - 0x00007ff87903f000 	C:\Program Files\Java\jdk-23\bin\server\jvm.dll
0x00007ff8dcf50000 - 0x00007ff8dcff3000 	C:\Windows\System32\ADVAPI32.dll
0x00007ff8dc750000 - 0x00007ff8dc7ee000 	C:\Windows\System32\sechost.dll
0x00007ff8d9c10000 - 0x00007ff8d9c6d000 	C:\Windows\System32\POWRPROF.dll
0x00007ff8dc7f0000 - 0x00007ff8dc85d000 	C:\Windows\System32\WS2_32.dll
0x00007ff8d7d80000 - 0x00007ff8d7da4000 	C:\Windows\SYSTEM32\WINMM.dll
0x00007ff8d4c20000 - 0x00007ff8d4c2a000 	C:\Windows\SYSTEM32\VERSION.dll
0x00007ff8d7b20000 - 0x00007ff8d7b4d000 	C:\Windows\SYSTEM32\WINMMBASE.dll
0x00007ff8da010000 - 0x00007ff8da05a000 	C:\Windows\System32\cfgmgr32.dll
0x00007ff8d9c70000 - 0x00007ff8d9c81000 	C:\Windows\System32\kernel.appcore.dll
0x00007ff8d2ce0000 - 0x00007ff8d2cea000 	C:\Program Files\Java\jdk-23\bin\jimage.dll
0x00007ff8c71b0000 - 0x00007ff8c739d000 	C:\Windows\SYSTEM32\DBGHELP.DLL
0x00007ff8c9270000 - 0x00007ff8c929a000 	C:\Windows\SYSTEM32\dbgcore.DLL
0x00007ff8c46c0000 - 0x00007ff8c46de000 	C:\Program Files\Java\jdk-23\bin\java.dll
0x00007ff8dda50000 - 0x00007ff8ddba5000 	C:\Windows\System32\ole32.dll
0x00007ff8db030000 - 0x00007ff8dc528000 	C:\Windows\System32\SHELL32.dll
0x00007ff8dd250000 - 0x00007ff8dd2f9000 	C:\Windows\System32\shcore.dll
0x00007ff8da5d0000 - 0x00007ff8dad24000 	C:\Windows\System32\windows.storage.dll
0x00007ff8d9be0000 - 0x00007ff8d9c04000 	C:\Windows\System32\profapi.dll
0x00007ff8dafd0000 - 0x00007ff8db022000 	C:\Windows\System32\shlwapi.dll
0x00007ff8da3e0000 - 0x00007ff8da3f7000 	C:\Windows\System32\cryptsp.dll
0x00007ff8aaba0000 - 0x00007ff8aac77000 	C:\Program Files\Java\jdk-23\bin\jsvml.dll
0x00007ff8cc290000 - 0x00007ff8cc2a0000 	C:\Program Files\Java\jdk-23\bin\net.dll
0x00007ff8d93c0000 - 0x00007ff8d9427000 	C:\Windows\system32\mswsock.dll
0x00007ff8c4630000 - 0x00007ff8c4646000 	C:\Program Files\Java\jdk-23\bin\nio.dll
0x00007ff8c41e0000 - 0x00007ff8c41f7000 	C:\Program Files\Java\jdk-23\bin\zip.dll
0x00007ff8c41b0000 - 0x00007ff8c41d4000 	C:\Program Files\apache-maven-3.9.9\lib\jansi-native\Windows\x86_64\jansi.dll
0x00007ff8cc080000 - 0x00007ff8cc090000 	C:\Program Files\Java\jdk-23\bin\verify.dll
0x00007ff8d8c20000 - 0x00007ff8d8c51000 	C:\Windows\SYSTEM32\ntmarta.dll
0x00007ff8d8f40000 - 0x00007ff8d8f73000 	C:\Windows\system32\rsaenh.dll
0x00007ff8dadd0000 - 0x00007ff8dadf6000 	C:\Windows\System32\bcrypt.dll
0x00007ff8d9af0000 - 0x00007ff8d9b18000 	C:\Windows\SYSTEM32\USERENV.dll
0x00007ff8d9590000 - 0x00007ff8d959c000 	C:\Windows\SYSTEM32\CRYPTBASE.dll
0x00007ff8d90e0000 - 0x00007ff8d911d000 	C:\Windows\SYSTEM32\IPHLPAPI.DLL
0x00007ff8dda40000 - 0x00007ff8dda48000 	C:\Windows\System32\NSI.dll

dbghelp: loaded successfully - version: 4.0.5 - missing functions: none
symbol engine: initialized successfully - sym options: 0x614 - pdb path: .;C:\Program Files\Java\jdk-23\bin;C:\Windows\SYSTEM32;C:\Windows\WinSxS\amd64_microsoft.windows.common-controls_6595b64144ccf1df_6.0.17763.1339_none_de7015e4534c7114;C:\Program Files\Java\jdk-23\bin\server;C:\Program Files\apache-maven-3.9.9\lib\jansi-native\Windows\x86_64

VM Arguments:
jvm_args: -Dclassworlds.conf=C:\Program Files\apache-maven-3.9.9\bin\m2.conf -Dmaven.home=C:\Program Files\apache-maven-3.9.9 -Dlibrary.jansi.path=C:\Program Files\apache-maven-3.9.9\lib\jansi-native -Dmaven.multiModuleProjectDirectory=C:\Users\rickc\projects\RevHero 
java_command: org.codehaus.plexus.classworlds.launcher.Launcher clean -Dtest=LoginTest test
java_class_path (initial): C:\Program Files\apache-maven-3.9.9\boot\plexus-classworlds-2.8.0.jar
Launcher Type: SUN_STANDARD

[Global flags]
     intx CICompilerCount                          = 4                                         {product} {ergonomic}
     uint ConcGCThreads                            = 2                                         {product} {ergonomic}
     uint G1ConcRefinementThreads                  = 8                                         {product} {ergonomic}
   size_t G1HeapRegionSize                         = 2097152                                   {product} {ergonomic}
   size_t InitialHeapSize                          = 268435456                                 {product} {ergonomic}
   size_t MarkStackSize                            = 4194304                                   {product} {ergonomic}
   size_t MarkStackSizeMax                         = 536870912                                 {product} {ergonomic}
   size_t MaxHeapSize                              = 4276092928                                {product} {ergonomic}
   size_t MaxNewSize                               = 2564816896                                {product} {ergonomic}
   size_t MinHeapDeltaBytes                        = 2097152                                   {product} {ergonomic}
   size_t MinHeapSize                              = 8388608                                   {product} {ergonomic}
    uintx NonNMethodCodeHeapSize                   = 5832704                                {pd product} {ergonomic}
    uintx NonProfiledCodeHeapSize                  = 122945536                              {pd product} {ergonomic}
    uintx ProfiledCodeHeapSize                     = 122880000                              {pd product} {ergonomic}
    uintx ReservedCodeCacheSize                    = 251658240                              {pd product} {ergonomic}
     bool SegmentedCodeCache                       = true                                      {product} {ergonomic}
   size_t SoftMaxHeapSize                          = 4276092928                             {manageable} {ergonomic}
     bool UseCompressedOops                        = true                           {product lp64_product} {ergonomic}
     bool UseG1GC                                  = true                                      {product} {ergonomic}
     bool UseLargePagesIndividualAllocation        = false                                  {pd product} {ergonomic}

Logging:
Log output configuration:
 #0: stdout all=warning uptime,level,tags foldmultilines=false
 #1: stderr all=off uptime,level,tags foldmultilines=false

Environment Variables:
JAVA_HOME=C:\Program Files\Java\jdk-23
PATH=C:\Program Files\Eclipse Adoptium\jdk-21.0.5.11-hotspot\bin;C:\Program Files\Common Files\Oracle\Java\javapath;C:\Windows\system32;C:\Windows;C:\Windows\System32\Wbem;C:\Windows\System32\WindowsPowerShell\v1.0\;C:\Program Files\NVIDIA Corporation\NVIDIA NvDLISR;C:\Program Files\Git\cmd;C:\Program Files (x86)\dotnet\;C:\MAMP\bin\php\php8.2.14;C:\ProgramData\ComposerSetup\bin;C:\Program Files\Java\jdk-23\bin;C:\Program Files\apache-maven-3.9.9\bin;C:\Users\rick\AppData\Local\Android\Sdk\emulator;C:\Users\rick\AppData\Local\Android\Sdk\platform-tools;C:\Users\rickc\AppData\Roaming\npm\node_modules;C:\Program Files\nodejs\;C:\Users\rickc\Downloads\apache-jmeter-5.6.3\apache-jmeter-5.6.3\bin;C:\Program Files\dotnet\;C:\Users\rickc\AppData\Local\Microsoft\WindowsApps;C:\Program Files\JetBrains\IntelliJ IDEA Community Edition 2024.3.1.1\bin;;C:\Users\rickc\Downloads\allure-2.32.0\allure-2.32.0\bin;C:\Users\rickc\AppData\Local\Android\Sdk\platform-tools;C:\Users\rickc\AppData\Local\Android\Sdk\emulator;C:\Users\rickc\AppData\Roaming\npm\node_modules;C:\Users\rickc\AppData\Roaming\npm;C:\Program Files (x86)\BrowserStackLocal\;C:\Users\rickc\AppData\Local\Programs\Microsoft VS Code\bin
USERNAME=rickc
OS=Windows_NT
PROCESSOR_IDENTIFIER=Intel64 Family 6 Model 158 Stepping 13, GenuineIntel
TMP=C:\Temp
TEMP=C:\Temp




Periodic native trim disabled

---------------  S Y S T E M  ---------------

OS:
 Windows 10 , 64 bit Build 17763 (10.0.17763.1339)
OS uptime: 2 days 23:52 hours

CPU: total 8 (initial active 8) (4 cores per cpu, 2 threads per core) family 6 model 158 stepping 13 microcode 0xde, cx8, cmov, fxsr, ht, mmx, 3dnowpref, sse, sse2, sse3, ssse3, sse4.1, sse4.2, popcnt, lzcnt, tsc, tscinvbit, avx, avx2, aes, erms, clmul, bmi1, bmi2, adx, fma, vzeroupper, clflush, clflushopt, rdtscp, f16c
Processor Information for the first 8 processors :
  Max Mhz: 2400, Current Mhz: 2400, Mhz Limit: 2400

Memory: 4k page, system-wide physical 16304M (2241M free)
TotalPageFile size 18352M (AvailPageFile size 5M)
current process WorkingSet (physical memory assigned to process): 224M, peak: 262M
current process commit charge ("private bytes"): 263M, peak: 424M

vm_info: Java HotSpot(TM) 64-Bit Server VM (23.0.1+11-39) for windows-amd64 JRE (23.0.1+11-39), built on 2024-09-30T07:20:43Z with MS VC++ 17.6 (VS2022)

END.
