#
# There is insufficient memory for the Java Runtime Environment to continue.
# Native memory allocation (malloc) failed to allocate 1235856 bytes. Error detail: Chunk::new
# Possible reasons:
#   The system is out of physical RAM or swap space
#   This process is running with CompressedOops enabled, and the Java Heap may be blocking the growth of the native heap
# Possible solutions:
#   Reduce memory load on the system
#   Increase physical memory or swap space
#   Check if swap backing store is full
#   Decrease Java heap size (-Xmx/-Xms)
#   Decrease number of Java threads
#   Decrease Java thread stack sizes (-Xss)
#   Set larger code cache with -XX:ReservedCodeCacheSize=
#   JVM is running with Zero Based Compressed Oops mode in which the Java heap is
#     placed in the first 32GB address space. The Java Heap base address is the
#     maximum limit for the native heap growth. Please use -XX:HeapBaseMinAddress
#     to set the Java Heap base and to place the Java Heap above 32GB virtual address.
# This output file may be truncated or incomplete.
#
#  Out of Memory Error (arena.cpp:149), pid=13372, tid=10276
#
# JRE version: Java(TM) SE Runtime Environment (23.0.1+11) (build 23.0.1+11-39)
# Java VM: Java HotSpot(TM) 64-Bit Server VM (23.0.1+11-39, mixed mode, sharing, tiered, compressed oops, compressed class ptrs, g1 gc, windows-amd64)
# No core dump will be written. Minidumps are not enabled by default on client versions of Windows
#

---------------  S U M M A R Y ------------

Command Line: -javaagent:C:\Users\rickc\.m2\repository/org/aspectj/aspectjweaver/1.9.22.1/aspectjweaver-1.9.22.1.jar C:\Temp\surefire18421031552401622334\surefirebooter4251885209719697125.jar C:\Temp\surefire18421031552401622334 2025-02-11T14-10-20_359-jvmRun1 surefire6196324807681359759tmp surefire_017641763564441576711tmp

Host: Intel(R) Core(TM) i5-9300HF CPU @ 2.40GHz, 8 cores, 15G,  Windows 10 , 64 bit Build 17763 (10.0.17763.1339)
Time: Tue Feb 11 14:10:25 2025 RTZ 2 (зима) elapsed time: 4.979645 seconds (0d 0h 0m 4s)

---------------  T H R E A D  ---------------

Current thread (0x000002b87e7a6030):  JavaThread "C2 CompilerThread0" daemon [_thread_in_native, id=10276, stack(0x000000ec06800000,0x000000ec06900000) (1024K)]


Current CompileTask:
C2:4979 4666 %     4       org.aspectj.apache.bcel.generic.MethodGen::<init> @ 323 (998 bytes)

Stack: [0x000000ec06800000,0x000000ec06900000]
Native frames: (J=compiled Java code, j=interpreted, Vv=VM code, C=native code)
V  [jvm.dll+0x6e08b9]  (no source info available)
V  [jvm.dll+0x87dc83]  (no source info available)
V  [jvm.dll+0x88010e]  (no source info available)
V  [jvm.dll+0x8807e3]  (no source info available)
V  [jvm.dll+0x27aee6]  (no source info available)
V  [jvm.dll+0xbc06f]  (no source info available)
V  [jvm.dll+0xbc2cb]  (no source info available)
V  [jvm.dll+0x3b3a62]  (no source info available)
V  [jvm.dll+0x1dc19c]  (no source info available)
V  [jvm.dll+0x244be5]  (no source info available)
V  [jvm.dll+0x243dff]  (no source info available)
V  [jvm.dll+0x1c33a0]  (no source info available)
V  [jvm.dll+0x253cf1]  (no source info available)
V  [jvm.dll+0x251faa]  (no source info available)
V  [jvm.dll+0x3ee036]  (no source info available)
V  [jvm.dll+0x824f8b]  (no source info available)
V  [jvm.dll+0x6df065]  (no source info available)
C  [ucrtbase.dll+0x21ffa]  (no source info available)
C  [KERNEL32.DLL+0x17974]  (no source info available)
C  [ntdll.dll+0x6a271]  (no source info available)

Lock stack of current Java thread (top to bottom):


---------------  P R O C E S S  ---------------

Threads class SMR info:
_java_thread_list=0x000002b855467260, length=54, elements={
0x000002b86e218a80, 0x000002b87e78ddf0, 0x000002b87e78fd20, 0x000002b87e791af0,
0x000002b87e7948b0, 0x000002b87e795310, 0x000002b87e79dd80, 0x000002b87e7a6030,
0x000002b87e7a6ae0, 0x000002b87e768740, 0x000002b8548506f0, 0x000002b8554e6020,
0x000002b855070e50, 0x000002b855d08ce0, 0x000002b855d09370, 0x000002b855d0a720,
0x000002b855d09a00, 0x000002b855d0a090, 0x000002b855d0b440, 0x000002b855d0adb0,
0x000002b85745bfe0, 0x000002b85745e740, 0x000002b8543d45f0, 0x000002b856b27710,
0x000002b85745ac30, 0x000002b857461530, 0x000002b85745a5a0, 0x000002b85745e0b0,
0x000002b857460ea0, 0x000002b85745f460, 0x000002b85745b2c0, 0x000002b857460180,
0x000002b85745b950, 0x000002b85745c670, 0x000002b85745faf0, 0x000002b85745cd00,
0x000002b85745da20, 0x000002b85745edd0, 0x000002b858bca1f0, 0x000002b858bca880,
0x000002b858bcb5a0, 0x000002b858bc7400, 0x000002b858bccfe0, 0x000002b858bcaf10,
0x000002b858bc66e0, 0x000002b858bcd670, 0x000002b858bcc2c0, 0x000002b858bcbc30,
0x000002b858bc8e40, 0x000002b858bcc950, 0x000002b858bc6d70, 0x000002b858bc94d0,
0x000002b858bc9b60, 0x000002b858bc7a90
}

Java Threads: ( => current thread )
  0x000002b86e218a80 JavaThread "main"                              [_thread_blocked, id=13404, stack(0x000000ec05a00000,0x000000ec05b00000) (1024K)]
  0x000002b87e78ddf0 JavaThread "Reference Handler"          daemon [_thread_blocked, id=6304, stack(0x000000ec06200000,0x000000ec06300000) (1024K)]
  0x000002b87e78fd20 JavaThread "Finalizer"                  daemon [_thread_blocked, id=11900, stack(0x000000ec06300000,0x000000ec06400000) (1024K)]
  0x000002b87e791af0 JavaThread "Signal Dispatcher"          daemon [_thread_blocked, id=13764, stack(0x000000ec06400000,0x000000ec06500000) (1024K)]
  0x000002b87e7948b0 JavaThread "Attach Listener"            daemon [_thread_blocked, id=13416, stack(0x000000ec06500000,0x000000ec06600000) (1024K)]
  0x000002b87e795310 JavaThread "Service Thread"             daemon [_thread_blocked, id=12516, stack(0x000000ec06600000,0x000000ec06700000) (1024K)]
  0x000002b87e79dd80 JavaThread "Monitor Deflation Thread"   daemon [_thread_blocked, id=1792, stack(0x000000ec06700000,0x000000ec06800000) (1024K)]
=>0x000002b87e7a6030 JavaThread "C2 CompilerThread0"         daemon [_thread_in_native, id=10276, stack(0x000000ec06800000,0x000000ec06900000) (1024K)]
  0x000002b87e7a6ae0 JavaThread "C1 CompilerThread0"         daemon [_thread_blocked, id=2468, stack(0x000000ec06900000,0x000000ec06a00000) (1024K)]
  0x000002b87e768740 JavaThread "Common-Cleaner"             daemon [_thread_blocked, id=3044, stack(0x000000ec06a00000,0x000000ec06b00000) (1024K)]
  0x000002b8548506f0 JavaThread "Notification Thread"        daemon [_thread_blocked, id=12292, stack(0x000000ec06d00000,0x000000ec06e00000) (1024K)]
  0x000002b8554e6020 JavaThread "surefire-forkedjvm-command-thread" daemon [_thread_in_native, id=11576, stack(0x000000ec06e00000,0x000000ec06f00000) (1024K)]
  0x000002b855070e50 JavaThread "surefire-forkedjvm-ping-30s" daemon [_thread_blocked, id=4164, stack(0x000000ec07400000,0x000000ec07500000) (1024K)]
  0x000002b855d08ce0 JavaThread "ForkJoinPool.commonPool-worker-1" daemon [_thread_blocked, id=13948, stack(0x000000ec07700000,0x000000ec07800000) (1024K)]
  0x000002b855d09370 JavaThread "ForkJoinPool.commonPool-worker-2" daemon [_thread_blocked, id=13956, stack(0x000000ec07800000,0x000000ec07900000) (1024K)]
  0x000002b855d0a720 JavaThread "ForkJoinPool.commonPool-worker-3" daemon [_thread_blocked, id=14008, stack(0x000000ec07900000,0x000000ec07a00000) (1024K)]
  0x000002b855d09a00 JavaThread "ForkJoinPool.commonPool-worker-4" daemon [_thread_blocked, id=14004, stack(0x000000ec07a00000,0x000000ec07b00000) (1024K)]
  0x000002b855d0a090 JavaThread "ForkJoinPool.commonPool-worker-5" daemon [_thread_blocked, id=13912, stack(0x000000ec07b00000,0x000000ec07c00000) (1024K)]
  0x000002b855d0b440 JavaThread "Forwarding newSession on session null to remote"        [_thread_blocked, id=14000, stack(0x000000ec07c00000,0x000000ec07d00000) (1024K)]
  0x000002b855d0adb0 JavaThread "Forwarding newSession on session null to remote"        [_thread_blocked, id=13984, stack(0x000000ec07d00000,0x000000ec07e00000) (1024K)]
  0x000002b85745bfe0 JavaThread "Forwarding newSession on session null to remote"        [_thread_blocked, id=13980, stack(0x000000ec07e00000,0x000000ec07f00000) (1024K)]
  0x000002b85745e740 JavaThread "Forwarding newSession on session null to remote"        [_thread_blocked, id=13944, stack(0x000000ec07f00000,0x000000ec08000000) (1024K)]
  0x000002b8543d45f0 JavaThread "C2 CompilerThread1"         daemon [_thread_in_native, id=9272, stack(0x000000ec06b00000,0x000000ec06c00000) (1024K)]
  0x000002b856b27710 JavaThread "C2 CompilerThread2"         daemon [_thread_in_native, id=2172, stack(0x000000ec08000000,0x000000ec08100000) (1024K)]
  0x000002b85745ac30 JavaThread "AsyncHttpClient-1-1"        daemon [_thread_blocked, id=7616, stack(0x000000ec08100000,0x000000ec08200000) (1024K)]
  0x000002b857461530 JavaThread "Exec Default Executor"      daemon [_thread_in_native, id=6920, stack(0x000000ec08200000,0x000000ec08300000) (1024K)]
  0x000002b85745a5a0 JavaThread "Exec Default Executor"      daemon [_thread_in_native, id=11276, stack(0x000000ec08300000,0x000000ec08400000) (1024K)]
  0x000002b85745e0b0 JavaThread "Exec Default Executor"      daemon [_thread_in_native, id=1520, stack(0x000000ec08400000,0x000000ec08500000) (1024K)]
  0x000002b857460ea0 JavaThread "Exec Default Executor"      daemon [_thread_in_native, id=9536, stack(0x000000ec08500000,0x000000ec08600000) (1024K)]
  0x000002b85745f460 JavaThread "Exec Stream Pumper"         daemon [_thread_in_native, id=13696, stack(0x000000ec08600000,0x000000ec08700000) (1024K)]
  0x000002b85745b2c0 JavaThread "Exec Stream Pumper"         daemon [_thread_in_native, id=13692, stack(0x000000ec08700000,0x000000ec08800000) (1024K)]
  0x000002b857460180 JavaThread "Exec Stream Pumper"         daemon [_thread_in_native, id=4720, stack(0x000000ec08800000,0x000000ec08900000) (1024K)]
  0x000002b85745b950 JavaThread "Exec Stream Pumper"         daemon [_thread_in_native, id=10812, stack(0x000000ec08900000,0x000000ec08a00000) (1024K)]
  0x000002b85745c670 JavaThread "Exec Stream Pumper"         daemon [_thread_in_native, id=13044, stack(0x000000ec08a00000,0x000000ec08b00000) (1024K)]
  0x000002b85745faf0 JavaThread "Exec Stream Pumper"         daemon [_thread_in_native, id=13540, stack(0x000000ec08b00000,0x000000ec08c00000) (1024K)]
  0x000002b85745cd00 JavaThread "Exec Stream Pumper"         daemon [_thread_in_native, id=2736, stack(0x000000ec08c00000,0x000000ec08d00000) (1024K)]
  0x000002b85745da20 JavaThread "Exec Stream Pumper"         daemon [_thread_in_native, id=11260, stack(0x000000ec08d00000,0x000000ec08e00000) (1024K)]
  0x000002b85745edd0 JavaThread "Driver Service Executor"    daemon [_thread_blocked, id=10792, stack(0x000000ec08e00000,0x000000ec08f00000) (1024K)]
  0x000002b858bca1f0 JavaThread "Driver Service Executor"    daemon [_thread_blocked, id=13348, stack(0x000000ec08f00000,0x000000ec09000000) (1024K)]
  0x000002b858bca880 JavaThread "Driver Service Executor"    daemon [_thread_blocked, id=11480, stack(0x000000ec09000000,0x000000ec09100000) (1024K)]
  0x000002b858bcb5a0 JavaThread "Driver Service Executor"    daemon [_thread_blocked, id=12276, stack(0x000000ec09100000,0x000000ec09200000) (1024K)]
  0x000002b858bc7400 JavaThread "Driver Service Executor"    daemon [_thread_blocked, id=2796, stack(0x000000ec09200000,0x000000ec09300000) (1024K)]
  0x000002b858bccfe0 JavaThread "Driver Service Executor"    daemon [_thread_blocked, id=1000, stack(0x000000ec09300000,0x000000ec09400000) (1024K)]
  0x000002b858bcaf10 JavaThread "Driver Service Executor"    daemon [_thread_blocked, id=14032, stack(0x000000ec09400000,0x000000ec09500000) (1024K)]
  0x000002b858bc66e0 JavaThread "Driver Service Executor"    daemon [_thread_blocked, id=11684, stack(0x000000ec09500000,0x000000ec09600000) (1024K)]
  0x000002b858bcd670 JavaThread "UrlChecker-2"               daemon [_thread_blocked, id=5340, stack(0x000000ec09600000,0x000000ec09700000) (1024K)]
  0x000002b858bcc2c0 JavaThread "UrlChecker-3"               daemon [_thread_blocked, id=3680, stack(0x000000ec09700000,0x000000ec09800000) (1024K)]
  0x000002b858bcbc30 JavaThread "UrlChecker-4"               daemon [_thread_blocked, id=8860, stack(0x000000ec09800000,0x000000ec09900000) (1024K)]
  0x000002b858bc8e40 JavaThread "UrlChecker-5"               daemon [_thread_blocked, id=14056, stack(0x000000ec09900000,0x000000ec09a00000) (1024K)]
  0x000002b858bcc950 JavaThread "Keep-Alive-Timer"           daemon [_thread_blocked, id=5108, stack(0x000000ec09b00000,0x000000ec09c00000) (1024K)]
  0x000002b858bc6d70 JavaThread "AsyncHttpClient-1-4"        daemon [_thread_in_native, id=13480, stack(0x000000ec09c00000,0x000000ec09d00000) (1024K)]
  0x000002b858bc94d0 JavaThread "AsyncHttpClient-1-3"        daemon [_thread_in_native, id=8556, stack(0x000000ec09d00000,0x000000ec09e00000) (1024K)]
  0x000002b858bc9b60 JavaThread "AsyncHttpClient-1-2"        daemon [_thread_in_native, id=13524, stack(0x000000ec09e00000,0x000000ec09f00000) (1024K)]
  0x000002b858bc7a90 JavaThread "AsyncHttpClient-1-5"        daemon [_thread_in_native, id=13332, stack(0x000000ec09f00000,0x000000ec0a000000) (1024K)]
Total: 54

Other Threads:
  0x000002b87e7794b0 VMThread "VM Thread"                           [id=13392, stack(0x000000ec06100000,0x000000ec06200000) (1024K)]
  0x000002b87e767b50 WatcherThread "VM Periodic Task Thread"        [id=13820, stack(0x000000ec06000000,0x000000ec06100000) (1024K)]
  0x000002b86e2857d0 WorkerThread "GC Thread#0"                     [id=3952, stack(0x000000ec05b00000,0x000000ec05c00000) (1024K)]
  0x000002b85553e950 WorkerThread "GC Thread#1"                     [id=5684, stack(0x000000ec06f00000,0x000000ec07000000) (1024K)]
  0x000002b854988520 WorkerThread "GC Thread#2"                     [id=10960, stack(0x000000ec07000000,0x000000ec07100000) (1024K)]
  0x000002b8549888d0 WorkerThread "GC Thread#3"                     [id=10204, stack(0x000000ec07100000,0x000000ec07200000) (1024K)]
  0x000002b854988c80 WorkerThread "GC Thread#4"                     [id=6588, stack(0x000000ec07200000,0x000000ec07300000) (1024K)]
  0x000002b8549a41a0 WorkerThread "GC Thread#5"                     [id=4160, stack(0x000000ec07300000,0x000000ec07400000) (1024K)]
  0x000002b8556f3100 WorkerThread "GC Thread#6"                     [id=13816, stack(0x000000ec07500000,0x000000ec07600000) (1024K)]
  0x000002b85508c3e0 WorkerThread "GC Thread#7"                     [id=5028, stack(0x000000ec07600000,0x000000ec07700000) (1024K)]
  0x000002b86e296930 ConcurrentGCThread "G1 Main Marker"            [id=7000, stack(0x000000ec05c00000,0x000000ec05d00000) (1024K)]
  0x000002b86c00e900 WorkerThread "G1 Conc#0"                       [id=5844, stack(0x000000ec05d00000,0x000000ec05e00000) (1024K)]
  0x000002b8558b8a70 WorkerThread "G1 Conc#1"                       [id=7408, stack(0x000000ec06c00000,0x000000ec06d00000) (1024K)]
  0x000002b86e2de7d0 ConcurrentGCThread "G1 Refine#0"               [id=1456, stack(0x000000ec05e00000,0x000000ec05f00000) (1024K)]
  0x000002b87e6295b0 ConcurrentGCThread "G1 Service"                [id=1652, stack(0x000000ec05f00000,0x000000ec06000000) (1024K)]
Total: 15

Threads with active compile tasks:
C2 CompilerThread0  5032 4666 %     4       org.aspectj.apache.bcel.generic.MethodGen::<init> @ 323 (998 bytes)
C2 CompilerThread1  5032 4597   !   4       org.aspectj.weaver.bcel.BcelObjectType::ensureGenericSignatureUnpacked (388 bytes)
C2 CompilerThread2  5032 4644   !   4       jdk.internal.loader.BuiltinClassLoader::loadClassOrNull (143 bytes)
Total: 3

VM state: not at safepoint (normal execution)

VM Mutex/Monitor currently owned by a thread: None

Heap address: 0x0000000701200000, size: 4078 MB, Compressed Oops mode: Zero based, Oop shift amount: 3

CDS archive(s) mapped at: [0x000002b80f000000-0x000002b80fd70000-0x000002b80fd70000), size 14090240, SharedBaseAddress: 0x000002b80f000000, ArchiveRelocationMode: 1.
Compressed class space mapped at: 0x000002b810000000-0x000002b850000000, reserved size: 1073741824
Narrow klass base: 0x000002b80f000000, Narrow klass shift: 0, Narrow klass range: 0x41000000

GC Precious Log:
 CardTable entry size: 512
 Card Set container configuration: InlinePtr #cards 4 size 8 Array Of Cards #cards 16 size 48 Howl #buckets 8 coarsen threshold 3686 Howl Bitmap #cards 512 size 80 coarsen threshold 460 Card regions per heap region 1 cards per card region 4096
 CPUs: 8 total, 8 available
 Memory: 16304M
 Large Page Support: Disabled
 NUMA Support: Disabled
 Compressed Oops: Enabled (Zero based)
 Heap Region Size: 2M
 Heap Min Capacity: 8M
 Heap Initial Capacity: 256M
 Heap Max Capacity: 4078M
 Pre-touch: Disabled
 Parallel Workers: 8
 Concurrent Workers: 2
 Concurrent Refinement Workers: 8
 Periodic GC: Disabled

Heap:
 garbage-first heap   total reserved 4175872K, committed 116736K, used 77925K [0x0000000701200000, 0x0000000800000000)
  region size 2048K, 5 young (10240K), 3 survivors (6144K)
 Metaspace       used 32729K, committed 33216K, reserved 1114112K
  class space    used 4002K, committed 4224K, reserved 1048576K

Heap Regions: E=young(eden), S=young(survivor), O=old, HS=humongous(starts), HC=humongous(continues), CS=collection set, F=free, TAMS=top-at-mark-start, PB=parsable bottom
|   0|0x0000000701200000, 0x0000000701400000, 0x0000000701400000|100%| O|  |TAMS 0x0000000701200000| PB 0x0000000701200000| Untracked |  0
|   1|0x0000000701400000, 0x0000000701600000, 0x0000000701600000|100%| O|  |TAMS 0x0000000701400000| PB 0x0000000701400000| Untracked |  0
|   2|0x0000000701600000, 0x0000000701800000, 0x0000000701800000|100%| O|  |TAMS 0x0000000701600000| PB 0x0000000701600000| Untracked |  0
|   3|0x0000000701800000, 0x0000000701a00000, 0x0000000701a00000|100%| O|  |TAMS 0x0000000701800000| PB 0x0000000701800000| Untracked |  0
|   4|0x0000000701a00000, 0x0000000701c00000, 0x0000000701c00000|100%| O|  |TAMS 0x0000000701a00000| PB 0x0000000701a00000| Untracked |  0
|   5|0x0000000701c00000, 0x0000000701e00000, 0x0000000701e00000|100%| O|  |TAMS 0x0000000701c00000| PB 0x0000000701c00000| Untracked |  0
|   6|0x0000000701e00000, 0x0000000702000000, 0x0000000702000000|100%| O|  |TAMS 0x0000000701e00000| PB 0x0000000701e00000| Untracked |  0
|   7|0x0000000702000000, 0x0000000702200000, 0x0000000702200000|100%| O|  |TAMS 0x0000000702000000| PB 0x0000000702000000| Untracked |  0
|   8|0x0000000702200000, 0x0000000702400000, 0x0000000702400000|100%| O|  |TAMS 0x0000000702200000| PB 0x0000000702200000| Untracked |  0
|   9|0x0000000702400000, 0x0000000702600000, 0x0000000702600000|100%| O|  |TAMS 0x0000000702400000| PB 0x0000000702400000| Untracked |  0
|  10|0x0000000702600000, 0x0000000702800000, 0x0000000702800000|100%| O|  |TAMS 0x0000000702600000| PB 0x0000000702600000| Untracked |  0
|  11|0x0000000702800000, 0x00000007029b9300, 0x0000000702a00000| 86%| O|  |TAMS 0x0000000702800000| PB 0x0000000702800000| Untracked |  0
|  12|0x0000000702a00000, 0x0000000702c00000, 0x0000000702c00000|100%| O|  |TAMS 0x0000000702a00000| PB 0x0000000702a00000| Untracked |  0
|  13|0x0000000702c00000, 0x0000000702e00000, 0x0000000702e00000|100%| O|  |TAMS 0x0000000702c00000| PB 0x0000000702c00000| Untracked |  0
|  14|0x0000000702e00000, 0x0000000703000000, 0x0000000703000000|100%| O|  |TAMS 0x0000000702e00000| PB 0x0000000702e00000| Untracked |  0
|  15|0x0000000703000000, 0x0000000703200000, 0x0000000703200000|100%| O|  |TAMS 0x0000000703000000| PB 0x0000000703000000| Untracked |  0
|  16|0x0000000703200000, 0x0000000703400000, 0x0000000703400000|100%| O|  |TAMS 0x0000000703200000| PB 0x0000000703200000| Untracked |  0
|  17|0x0000000703400000, 0x0000000703600000, 0x0000000703600000|100%| O|  |TAMS 0x0000000703400000| PB 0x0000000703400000| Untracked |  0
|  18|0x0000000703600000, 0x0000000703786c88, 0x0000000703800000| 76%| O|  |TAMS 0x0000000703600000| PB 0x0000000703600000| Untracked |  0
|  19|0x0000000703800000, 0x0000000703a00000, 0x0000000703a00000|100%|HS|  |TAMS 0x0000000703800000| PB 0x0000000703800000| Complete |  0
|  20|0x0000000703a00000, 0x0000000703c00000, 0x0000000703c00000|100%|HC|  |TAMS 0x0000000703a00000| PB 0x0000000703a00000| Complete |  0
|  21|0x0000000703c00000, 0x0000000703e00000, 0x0000000703e00000|100%|HC|  |TAMS 0x0000000703c00000| PB 0x0000000703c00000| Complete |  0
|  22|0x0000000703e00000, 0x0000000703e00000, 0x0000000704000000|  0%| F|  |TAMS 0x0000000703e00000| PB 0x0000000703e00000| Untracked |  0
|  23|0x0000000704000000, 0x0000000704200000, 0x0000000704200000|100%| O|  |TAMS 0x0000000704000000| PB 0x0000000704000000| Untracked |  0
|  24|0x0000000704200000, 0x0000000704400000, 0x0000000704400000|100%| O|  |TAMS 0x0000000704200000| PB 0x0000000704200000| Untracked |  0
|  25|0x0000000704400000, 0x0000000704600000, 0x0000000704600000|100%| O|  |TAMS 0x0000000704400000| PB 0x0000000704400000| Untracked |  0
|  26|0x0000000704600000, 0x0000000704800000, 0x0000000704800000|100%| O|  |TAMS 0x0000000704600000| PB 0x0000000704600000| Untracked |  0
|  27|0x0000000704800000, 0x0000000704800000, 0x0000000704a00000|  0%| F|  |TAMS 0x0000000704800000| PB 0x0000000704800000| Untracked |  0
|  28|0x0000000704a00000, 0x0000000704ad94d0, 0x0000000704c00000| 42%| S|CS|TAMS 0x0000000704a00000| PB 0x0000000704a00000| Complete |  0
|  29|0x0000000704c00000, 0x0000000704e00000, 0x0000000704e00000|100%| S|CS|TAMS 0x0000000704c00000| PB 0x0000000704c00000| Complete |  0
|  30|0x0000000704e00000, 0x0000000705000000, 0x0000000705000000|100%|HS|  |TAMS 0x0000000704e00000| PB 0x0000000704e00000| Complete |  0
|  31|0x0000000705000000, 0x0000000705200000, 0x0000000705200000|100%|HC|  |TAMS 0x0000000705000000| PB 0x0000000705000000| Complete |  0
|  32|0x0000000705200000, 0x0000000705400000, 0x0000000705400000|100%|HC|  |TAMS 0x0000000705200000| PB 0x0000000705200000| Complete |  0
|  33|0x0000000705400000, 0x0000000705600000, 0x0000000705600000|100%| S|CS|TAMS 0x0000000705400000| PB 0x0000000705400000| Complete |  0
|  34|0x0000000705600000, 0x0000000705800000, 0x0000000705800000|100%|HS|  |TAMS 0x0000000705600000| PB 0x0000000705600000| Complete |  0
|  35|0x0000000705800000, 0x0000000705a00000, 0x0000000705a00000|100%|HC|  |TAMS 0x0000000705800000| PB 0x0000000705800000| Complete |  0
|  36|0x0000000705a00000, 0x0000000705c00000, 0x0000000705c00000|100%|HC|  |TAMS 0x0000000705a00000| PB 0x0000000705a00000| Complete |  0
|  37|0x0000000705c00000, 0x0000000705e00000, 0x0000000705e00000|100%|HS|  |TAMS 0x0000000705c00000| PB 0x0000000705c00000| Complete |  0
|  38|0x0000000705e00000, 0x0000000706000000, 0x0000000706000000|100%|HC|  |TAMS 0x0000000705e00000| PB 0x0000000705e00000| Complete |  0
|  39|0x0000000706000000, 0x0000000706200000, 0x0000000706200000|100%|HC|  |TAMS 0x0000000706000000| PB 0x0000000706000000| Complete |  0
|  40|0x0000000706200000, 0x0000000706200000, 0x0000000706400000|  0%| F|  |TAMS 0x0000000706200000| PB 0x0000000706200000| Untracked |  0
|  41|0x0000000706400000, 0x0000000706400000, 0x0000000706600000|  0%| F|  |TAMS 0x0000000706400000| PB 0x0000000706400000| Untracked |  0
|  42|0x0000000706600000, 0x0000000706600000, 0x0000000706800000|  0%| F|  |TAMS 0x0000000706600000| PB 0x0000000706600000| Untracked |  0
|  43|0x0000000706800000, 0x0000000706800000, 0x0000000706a00000|  0%| F|  |TAMS 0x0000000706800000| PB 0x0000000706800000| Untracked |  0
|  44|0x0000000706a00000, 0x0000000706a00000, 0x0000000706c00000|  0%| F|  |TAMS 0x0000000706a00000| PB 0x0000000706a00000| Untracked |  0
|  45|0x0000000706c00000, 0x0000000706c00000, 0x0000000706e00000|  0%| F|  |TAMS 0x0000000706c00000| PB 0x0000000706c00000| Untracked |  0
|  46|0x0000000706e00000, 0x0000000706e00000, 0x0000000707000000|  0%| F|  |TAMS 0x0000000706e00000| PB 0x0000000706e00000| Untracked |  0
|  47|0x0000000707000000, 0x0000000707000000, 0x0000000707200000|  0%| F|  |TAMS 0x0000000707000000| PB 0x0000000707000000| Untracked |  0
|  48|0x0000000707200000, 0x0000000707200000, 0x0000000707400000|  0%| F|  |TAMS 0x0000000707200000| PB 0x0000000707200000| Untracked |  0
|  49|0x0000000707400000, 0x0000000707400000, 0x0000000707600000|  0%| F|  |TAMS 0x0000000707400000| PB 0x0000000707400000| Untracked |  0
| 112|0x000000070f200000, 0x000000070f200000, 0x000000070f400000|  0%| F|  |TAMS 0x000000070f200000| PB 0x000000070f200000| Untracked |  0
| 113|0x000000070f400000, 0x000000070f400000, 0x000000070f600000|  0%| F|  |TAMS 0x000000070f400000| PB 0x000000070f400000| Untracked |  0
| 114|0x000000070f600000, 0x000000070f600000, 0x000000070f800000|  0%| F|  |TAMS 0x000000070f600000| PB 0x000000070f600000| Untracked |  0
| 115|0x000000070f800000, 0x000000070f800000, 0x000000070fa00000|  0%| F|  |TAMS 0x000000070f800000| PB 0x000000070f800000| Untracked |  0
| 116|0x000000070fa00000, 0x000000070fa00000, 0x000000070fc00000|  0%| F|  |TAMS 0x000000070fa00000| PB 0x000000070fa00000| Untracked |  0
| 152|0x0000000714200000, 0x000000071424fd20, 0x0000000714400000| 15%| E|  |TAMS 0x0000000714200000| PB 0x0000000714200000| Complete |  0
| 153|0x0000000714400000, 0x0000000714600000, 0x0000000714600000|100%| E|CS|TAMS 0x0000000714400000| PB 0x0000000714400000| Complete |  0

Card table byte_map: [0x000002b877590000,0x000002b877d90000] _byte_map_base: 0x000002b873d87000

Marking Bits: (CMBitMap*) 0x000002b86e285ee0
 Bits: [0x000002b877d90000, 0x000002b87bd48000)

Polling page: 0x000002b86c0a0000

Metaspace:

Usage:
  Non-class:     28.05 MB used.
      Class:      3.91 MB used.
       Both:     31.96 MB used.

Virtual space:
  Non-class space:       64.00 MB reserved,      28.31 MB ( 44%) committed,  1 nodes.
      Class space:        1.00 GB reserved,       4.13 MB ( <1%) committed,  1 nodes.
             Both:        1.06 GB reserved,      32.44 MB (  3%) committed. 

Chunk freelists:
   Non-Class:  3.63 MB
       Class:  11.91 MB
        Both:  15.53 MB

MaxMetaspaceSize: unlimited
CompressedClassSpaceSize: 1.00 GB
Initial GC threshold: 21.00 MB
Current GC threshold: 35.31 MB
CDS: on
 - commit_granule_bytes: 65536.
 - commit_granule_words: 8192.
 - virtual_space_node_default_size: 8388608.
 - enlarge_chunks_in_place: 1.
 - use_allocation_guard: 0.


Internal statistics:

num_allocs_failed_limit: 3.
num_arena_births: 640.
num_arena_deaths: 0.
num_vsnodes_births: 2.
num_vsnodes_deaths: 0.
num_space_committed: 519.
num_space_uncommitted: 0.
num_chunks_returned_to_freelist: 3.
num_chunks_taken_from_freelist: 1663.
num_chunk_merges: 3.
num_chunk_splits: 1109.
num_chunks_enlarged: 710.
num_inconsistent_stats: 0.

CodeHeap 'non-profiled nmethods': size=120064Kb used=2740Kb max_used=2740Kb free=117323Kb
 bounds [0x000002b807ac0000, 0x000002b807d70000, 0x000002b80f000000]
CodeHeap 'profiled nmethods': size=120000Kb used=8083Kb max_used=8083Kb free=111916Kb
 bounds [0x000002b800000000, 0x000002b8007f0000, 0x000002b807530000]
CodeHeap 'non-nmethods': size=5696Kb used=1613Kb max_used=1688Kb free=4082Kb
 bounds [0x000002b807530000, 0x000002b8077a0000, 0x000002b807ac0000]
CodeCache: size=245760Kb, used=12436Kb, max_used=12511Kb, free=233321Kb
 total_blobs=5347, nmethods=4671, adapters=580, full_count=0
Compilation: enabled, stopped_count=0, restarted_count=0

Compilation events (20 events):
Event: 4.596 Thread 0x000002b87e7a6ae0 4679       3       io.netty.util.internal.PlatformDependent::putByte (6 bytes)
Event: 4.596 Thread 0x000002b87e7a6ae0 nmethod 4679 0x000002b8007e2b08 code [0x000002b8007e2c40, 0x000002b8007e2ed0]
Event: 4.596 Thread 0x000002b87e7a6ae0 4681       1       io.netty.buffer.PooledByteBuf::capacity (5 bytes)
Event: 4.596 Thread 0x000002b87e7a6ae0 nmethod 4681 0x000002b807d69f88 code [0x000002b807d6a0a0, 0x000002b807d6a168]
Event: 4.597 Thread 0x000002b87e7a6030 nmethod 4657 0x000002b807d6a288 code [0x000002b807d6a780, 0x000002b807d6ca48]
Event: 4.597 Thread 0x000002b87e7a6ae0 4682       3       java.io.BufferedInputStream::getInIfOpen (21 bytes)
Event: 4.597 Thread 0x000002b87e7a6ae0 nmethod 4682 0x000002b8007e2f88 code [0x000002b8007e30c0, 0x000002b8007e32c8]
Event: 4.597 Thread 0x000002b87e7a6030 4666 %     4       org.aspectj.apache.bcel.generic.MethodGen::<init> @ 323 (998 bytes)
Event: 4.605 Thread 0x000002b87e7a6ae0 4683  s    3       java.io.ByteArrayInputStream::read (73 bytes)
Event: 4.605 Thread 0x000002b87e7a6ae0 nmethod 4683 0x000002b8007e3308 code [0x000002b8007e3480, 0x000002b8007e3b60]
Event: 4.607 Thread 0x000002b87e7a6ae0 4684       3       io.netty.channel.AbstractChannelHandlerContext::channel (8 bytes)
Event: 4.607 Thread 0x000002b87e7a6ae0 nmethod 4684 0x000002b8007e3b88 code [0x000002b8007e3ca0, 0x000002b8007e3dd8]
Event: 4.607 Thread 0x000002b87e7a6ae0 4685       3       io.netty.channel.AbstractChannel::eventLoop (21 bytes)
Event: 4.607 Thread 0x000002b87e7a6ae0 nmethod 4685 0x000002b8007e3e88 code [0x000002b8007e3fc0, 0x000002b8007e41c8]
Event: 4.608 Thread 0x000002b87e7a6ae0 4686       3       io.netty.channel.nio.AbstractNioChannel::eventLoop (8 bytes)
Event: 4.608 Thread 0x000002b87e7a6ae0 nmethod 4686 0x000002b8007e4208 code [0x000002b8007e4340, 0x000002b8007e4678]
Event: 4.608 Thread 0x000002b87e7a6ae0 4687       3       io.netty.channel.AbstractChannelHandlerContext::executor (22 bytes)
Event: 4.608 Thread 0x000002b87e7a6ae0 nmethod 4687 0x000002b8007e4708 code [0x000002b8007e4880, 0x000002b8007e4f10]
Event: 4.698 Thread 0x000002b87e7a6ae0 4688       1       jdk.internal.event.ThreadSleepEvent::isEnabled (2 bytes)
Event: 4.699 Thread 0x000002b87e7a6ae0 nmethod 4688 0x000002b807d6cc88 code [0x000002b807d6cda0, 0x000002b807d6ce68]

GC Heap History (18 events):
Event: 0.509 GC heap before
{Heap before GC invocations=0 (full 0):
 garbage-first heap   total reserved 4175872K, committed 262144K, used 24576K [0x0000000701200000, 0x0000000800000000)
  region size 2048K, 12 young (24576K), 0 survivors (0K)
 Metaspace       used 6587K, committed 6720K, reserved 1114112K
  class space    used 631K, committed 704K, reserved 1048576K
}
Event: 0.512 GC heap after
{Heap after GC invocations=1 (full 0):
 garbage-first heap   total reserved 4175872K, committed 262144K, used 6077K [0x0000000701200000, 0x0000000800000000)
  region size 2048K, 2 young (4096K), 2 survivors (4096K)
 Metaspace       used 6587K, committed 6720K, reserved 1114112K
  class space    used 631K, committed 704K, reserved 1048576K
}
Event: 0.855 GC heap before
{Heap before GC invocations=1 (full 0):
 garbage-first heap   total reserved 4175872K, committed 262144K, used 26557K [0x0000000701200000, 0x0000000800000000)
  region size 2048K, 12 young (24576K), 2 survivors (4096K)
 Metaspace       used 8761K, committed 8896K, reserved 1114112K
  class space    used 811K, committed 896K, reserved 1048576K
}
Event: 0.860 GC heap after
{Heap after GC invocations=2 (full 0):
 garbage-first heap   total reserved 4175872K, committed 262144K, used 10788K [0x0000000701200000, 0x0000000800000000)
  region size 2048K, 2 young (4096K), 2 survivors (4096K)
 Metaspace       used 8761K, committed 8896K, reserved 1114112K
  class space    used 811K, committed 896K, reserved 1048576K
}
Event: 1.367 GC heap before
{Heap before GC invocations=2 (full 0):
 garbage-first heap   total reserved 4175872K, committed 262144K, used 53796K [0x0000000701200000, 0x0000000800000000)
  region size 2048K, 24 young (49152K), 2 survivors (4096K)
 Metaspace       used 11612K, committed 11776K, reserved 1114112K
  class space    used 1094K, committed 1152K, reserved 1048576K
}
Event: 1.375 GC heap after
{Heap after GC invocations=3 (full 0):
 garbage-first heap   total reserved 4175872K, committed 262144K, used 19552K [0x0000000701200000, 0x0000000800000000)
  region size 2048K, 3 young (6144K), 3 survivors (6144K)
 Metaspace       used 11612K, committed 11776K, reserved 1114112K
  class space    used 1094K, committed 1152K, reserved 1048576K
}
Event: 1.765 GC heap before
{Heap before GC invocations=3 (full 0):
 garbage-first heap   total reserved 4175872K, committed 262144K, used 76896K [0x0000000701200000, 0x0000000800000000)
  region size 2048K, 31 young (63488K), 3 survivors (6144K)
 Metaspace       used 14387K, committed 14528K, reserved 1114112K
  class space    used 1391K, committed 1472K, reserved 1048576K
}
Event: 1.772 GC heap after
{Heap after GC invocations=4 (full 0):
 garbage-first heap   total reserved 4175872K, committed 262144K, used 24513K [0x0000000701200000, 0x0000000800000000)
  region size 2048K, 3 young (6144K), 3 survivors (6144K)
 Metaspace       used 14387K, committed 14528K, reserved 1114112K
  class space    used 1391K, committed 1472K, reserved 1048576K
}
Event: 2.573 GC heap before
{Heap before GC invocations=4 (full 0):
 garbage-first heap   total reserved 4175872K, committed 262144K, used 110529K [0x0000000701200000, 0x0000000800000000)
  region size 2048K, 45 young (92160K), 3 survivors (6144K)
 Metaspace       used 19685K, committed 20096K, reserved 1114112K
  class space    used 2177K, committed 2368K, reserved 1048576K
}
Event: 2.582 GC heap after
{Heap after GC invocations=5 (full 0):
 garbage-first heap   total reserved 4175872K, committed 262144K, used 32126K [0x0000000701200000, 0x0000000800000000)
  region size 2048K, 6 young (12288K), 6 survivors (12288K)
 Metaspace       used 19685K, committed 20096K, reserved 1114112K
  class space    used 2177K, committed 2368K, reserved 1048576K
}
Event: 3.145 GC heap before
{Heap before GC invocations=5 (full 0):
 garbage-first heap   total reserved 4175872K, committed 262144K, used 52606K [0x0000000701200000, 0x0000000800000000)
  region size 2048K, 17 young (34816K), 6 survivors (12288K)
 Metaspace       used 21127K, committed 21504K, reserved 1114112K
  class space    used 2394K, committed 2560K, reserved 1048576K
}
Event: 3.150 GC heap after
{Heap after GC invocations=6 (full 0):
 garbage-first heap   total reserved 4175872K, committed 315392K, used 33862K [0x0000000701200000, 0x0000000800000000)
  region size 2048K, 5 young (10240K), 5 survivors (10240K)
 Metaspace       used 21127K, committed 21504K, reserved 1114112K
  class space    used 2394K, committed 2560K, reserved 1048576K
}
Event: 3.645 GC heap before
{Heap before GC invocations=7 (full 0):
 garbage-first heap   total reserved 4175872K, committed 116736K, used 93254K [0x0000000701200000, 0x0000000800000000)
  region size 2048K, 34 young (69632K), 5 survivors (10240K)
 Metaspace       used 26616K, committed 27072K, reserved 1114112K
  class space    used 3071K, committed 3264K, reserved 1048576K
}
Event: 3.655 GC heap after
{Heap after GC invocations=8 (full 0):
 garbage-first heap   total reserved 4175872K, committed 116736K, used 41324K [0x0000000701200000, 0x0000000800000000)
  region size 2048K, 5 young (10240K), 5 survivors (10240K)
 Metaspace       used 26616K, committed 27072K, reserved 1114112K
  class space    used 3071K, committed 3264K, reserved 1048576K
}
Event: 4.143 GC heap before
{Heap before GC invocations=8 (full 0):
 garbage-first heap   total reserved 4175872K, committed 116736K, used 90476K [0x0000000701200000, 0x0000000800000000)
  region size 2048K, 29 young (59392K), 5 survivors (10240K)
 Metaspace       used 29995K, committed 30528K, reserved 1114112K
  class space    used 3598K, committed 3840K, reserved 1048576K
}
Event: 4.152 GC heap after
{Heap after GC invocations=9 (full 0):
 garbage-first heap   total reserved 4175872K, committed 116736K, used 46799K [0x0000000701200000, 0x0000000800000000)
  region size 2048K, 3 young (6144K), 3 survivors (6144K)
 Metaspace       used 29995K, committed 30528K, reserved 1114112K
  class space    used 3598K, committed 3840K, reserved 1048576K
}
Event: 4.570 GC heap before
{Heap before GC invocations=9 (full 0):
 garbage-first heap   total reserved 4175872K, committed 116736K, used 93903K [0x0000000701200000, 0x0000000800000000)
  region size 2048K, 26 young (53248K), 3 survivors (6144K)
 Metaspace       used 32602K, committed 33152K, reserved 1114112K
  class space    used 3987K, committed 4224K, reserved 1048576K
}
Event: 4.578 GC heap after
{Heap after GC invocations=10 (full 0):
 garbage-first heap   total reserved 4175872K, committed 116736K, used 51301K [0x0000000701200000, 0x0000000800000000)
  region size 2048K, 3 young (6144K), 3 survivors (6144K)
 Metaspace       used 32602K, committed 33152K, reserved 1114112K
  class space    used 3987K, committed 4224K, reserved 1048576K
}

Dll operation events (13 events):
Event: 0.005 Loaded shared library C:\Program Files\Java\jdk-23\bin\java.dll
Event: 0.027 Loaded shared library C:\Program Files\Java\jdk-23\bin\jsvml.dll
Event: 0.057 Loaded shared library C:\Program Files\Java\jdk-23\bin\zip.dll
Event: 0.059 Loaded shared library C:\Program Files\Java\jdk-23\bin\instrument.dll
Event: 0.062 Loaded shared library C:\Program Files\Java\jdk-23\bin\net.dll
Event: 0.064 Loaded shared library C:\Program Files\Java\jdk-23\bin\nio.dll
Event: 0.067 Loaded shared library C:\Program Files\Java\jdk-23\bin\zip.dll
Event: 0.126 Loaded shared library C:\Program Files\Java\jdk-23\bin\jimage.dll
Event: 0.163 Loaded shared library C:\Program Files\Java\jdk-23\bin\verify.dll
Event: 0.537 Loaded shared library C:\Program Files\Java\jdk-23\bin\management.dll
Event: 0.538 Loaded shared library C:\Program Files\Java\jdk-23\bin\management_ext.dll
Event: 2.592 Loaded shared library C:\Program Files\Java\jdk-23\bin\extnet.dll
Event: 3.601 Loaded shared library C:\Program Files\Java\jdk-23\bin\sunmscapi.dll

Deoptimization events (20 events):
Event: 4.557 Thread 0x000002b858bc9b60 Uncommon trap: trap_request=0xffffffde fr.pc=0x000002b807c9fc78 relative=0x0000000000003eb8
Event: 4.557 Thread 0x000002b858bc9b60 Uncommon trap: reason=class_check action=maybe_recompile pc=0x000002b807c9fc78 method=org.aspectj.weaver.bcel.BcelMethod.hasAnnotation(Lorg/aspectj/weaver/UnresolvedType;)Z @ 30 c2
Event: 4.557 Thread 0x000002b858bc9b60 DEOPT PACKING pc=0x000002b807c9fc78 sp=0x000000ec09ef6860
Event: 4.557 Thread 0x000002b858bc9b60 DEOPT UNPACKING pc=0x000002b807584402 sp=0x000000ec09ef67e0 mode 2
Event: 4.603 Thread 0x000002b858bc7a90 Uncommon trap: trap_request=0xffffff45 fr.pc=0x000002b807b151a0 relative=0x0000000000000300
Event: 4.603 Thread 0x000002b858bc6d70 Uncommon trap: trap_request=0xffffff45 fr.pc=0x000002b807b151a0 relative=0x0000000000000300
Event: 4.603 Thread 0x000002b858bc9b60 Uncommon trap: trap_request=0xffffff45 fr.pc=0x000002b807b151a0 relative=0x0000000000000300
Event: 4.603 Thread 0x000002b858bc94d0 Uncommon trap: trap_request=0xffffff45 fr.pc=0x000002b807b151a0 relative=0x0000000000000300
Event: 4.603 Thread 0x000002b858bc9b60 Uncommon trap: reason=unstable_if action=reinterpret pc=0x000002b807b151a0 method=java.io.ByteArrayInputStream.read([BII)I @ 16 c2
Event: 4.603 Thread 0x000002b858bc6d70 Uncommon trap: reason=unstable_if action=reinterpret pc=0x000002b807b151a0 method=java.io.ByteArrayInputStream.read([BII)I @ 16 c2
Event: 4.603 Thread 0x000002b858bc7a90 Uncommon trap: reason=unstable_if action=reinterpret pc=0x000002b807b151a0 method=java.io.ByteArrayInputStream.read([BII)I @ 16 c2
Event: 4.603 Thread 0x000002b858bc94d0 Uncommon trap: reason=unstable_if action=reinterpret pc=0x000002b807b151a0 method=java.io.ByteArrayInputStream.read([BII)I @ 16 c2
Event: 4.603 Thread 0x000002b858bc9b60 DEOPT PACKING pc=0x000002b807b151a0 sp=0x000000ec09efe100
Event: 4.603 Thread 0x000002b858bc6d70 DEOPT PACKING pc=0x000002b807b151a0 sp=0x000000ec09cfdf30
Event: 4.603 Thread 0x000002b858bc7a90 DEOPT PACKING pc=0x000002b807b151a0 sp=0x000000ec09ffe340
Event: 4.603 Thread 0x000002b858bc94d0 DEOPT PACKING pc=0x000002b807b151a0 sp=0x000000ec09dfdf90
Event: 4.603 Thread 0x000002b858bc9b60 DEOPT UNPACKING pc=0x000002b807584402 sp=0x000000ec09efe0a0 mode 2
Event: 4.603 Thread 0x000002b858bc6d70 DEOPT UNPACKING pc=0x000002b807584402 sp=0x000000ec09cfded0 mode 2
Event: 4.603 Thread 0x000002b858bc7a90 DEOPT UNPACKING pc=0x000002b807584402 sp=0x000000ec09ffe2e0 mode 2
Event: 4.603 Thread 0x000002b858bc94d0 DEOPT UNPACKING pc=0x000002b807584402 sp=0x000000ec09dfdf30 mode 2

Classes loaded (20 events):
Event: 4.442 Loading class java/lang/invoke/ConstantBootstraps
Event: 4.443 Loading class java/lang/invoke/ConstantBootstraps done
Event: 4.467 Loading class java/lang/CharacterDataUndefined
Event: 4.467 Loading class java/lang/CharacterDataUndefined done
Event: 4.525 Loading class java/nio/channels/UnsupportedAddressTypeException
Event: 4.525 Loading class java/nio/channels/UnsupportedAddressTypeException done
Event: 4.546 Loading class java/io/PushbackInputStream
Event: 4.546 Loading class java/io/PushbackInputStream done
Event: 4.591 Loading class java/nio/charset/IllegalCharsetNameException
Event: 4.591 Loading class java/nio/charset/IllegalCharsetNameException done
Event: 4.591 Loading class java/nio/charset/UnsupportedCharsetException
Event: 4.591 Loading class java/nio/charset/UnsupportedCharsetException done
Event: 4.603 Loading class sun/nio/ch/IOVecWrapper
Event: 4.603 Loading class sun/nio/ch/IOVecWrapper done
Event: 4.603 Loading class sun/nio/ch/IOVecWrapper$1
Event: 4.603 Loading class sun/nio/ch/IOVecWrapper$1 done
Event: 4.604 Loading class sun/nio/ch/AllocatedNativeObject
Event: 4.604 Loading class sun/nio/ch/NativeObject
Event: 4.604 Loading class sun/nio/ch/NativeObject done
Event: 4.604 Loading class sun/nio/ch/AllocatedNativeObject done

Classes unloaded (0 events):
No events

Classes redefined (0 events):
No events

Internal exceptions (20 events):
Event: 3.138 Thread 0x000002b85745e740 Exception <a 'java/lang/NoSuchMethodError'{0x0000000710332710}: 'long java.lang.invoke.DirectMethodHandle$Holder.invokeVirtual(java.lang.Object, java.lang.Object)'> (0x0000000710332710) 
thrown [s\open\src\hotspot\share\interpreter\linkResolver.cpp, line 796]
Event: 3.504 Thread 0x000002b85745e740 Exception <a 'sun/nio/fs/WindowsException'{0x0000000704b1f980}> (0x0000000704b1f980) 
thrown [s\open\src\hotspot\share\prims\jni.cpp, line 520]
Event: 3.948 Thread 0x000002b855d0adb0 Exception <a 'java/lang/NoSuchMethodError'{0x000000070621d070}: 'java.lang.Object java.lang.invoke.DirectMethodHandle$Holder.invokeInterface(java.lang.Object, java.lang.Object, java.lang.Object)'> (0x000000070621d070) 
thrown [s\open\src\hotspot\share\interpreter\linkResolver.cpp, line 796]
Event: 3.948 Thread 0x000002b855d0adb0 Exception <a 'java/lang/IncompatibleClassChangeError'{0x0000000706220730}: Found class java.lang.Object, but interface was expected> (0x0000000706220730) 
thrown [s\open\src\hotspot\share\interpreter\linkResolver.cpp, line 863]
Event: 3.949 Thread 0x000002b855d0adb0 Exception <a 'java/lang/NoSuchMethodError'{0x00000007062295a0}: 'int java.lang.invoke.DirectMethodHandle$Holder.invokeSpecialIFC(java.lang.Object, java.lang.Object, java.lang.Object, java.lang.Object)'> (0x00000007062295a0) 
thrown [s\open\src\hotspot\share\interpreter\linkResolver.cpp, line 796]
Event: 4.043 Thread 0x000002b858bcd670 Exception <a 'java/net/ConnectException'{0x0000000705e09298}: Connection refused: getsockopt> (0x0000000705e09298) 
thrown [s\open\src\hotspot\share\prims\jni.cpp, line 539]
Event: 4.094 Thread 0x000002b855d0b440 Exception <a 'java/lang/NoSuchMethodError'{0x0000000705df5618}: 'java.lang.Object java.lang.invoke.DirectMethodHandle$Holder.newInvokeSpecial(java.lang.Object, java.lang.Object, int, int)'> (0x0000000705df5618) 
thrown [s\open\src\hotspot\share\interpreter\linkResolver.cpp, line 796]
Event: 4.094 Thread 0x000002b85745bfe0 Exception <a 'java/lang/NoSuchMethodError'{0x0000000705bbf630}: 'java.lang.Object java.lang.invoke.DirectMethodHandle$Holder.newInvokeSpecial(java.lang.Object, java.lang.Object, int, int)'> (0x0000000705bbf630) 
thrown [s\open\src\hotspot\share\interpreter\linkResolver.cpp, line 796]
Event: 4.094 Thread 0x000002b85745e740 Exception <a 'java/lang/NoSuchMethodError'{0x0000000705d1f028}: 'java.lang.Object java.lang.invoke.DirectMethodHandle$Holder.newInvokeSpecial(java.lang.Object, java.lang.Object, int, int)'> (0x0000000705d1f028) 
thrown [s\open\src\hotspot\share\interpreter\linkResolver.cpp, line 796]
Event: 4.094 Thread 0x000002b855d0adb0 Exception <a 'java/lang/NoSuchMethodError'{0x0000000705beae20}: 'java.lang.Object java.lang.invoke.DirectMethodHandle$Holder.newInvokeSpecial(java.lang.Object, java.lang.Object, int, int)'> (0x0000000705beae20) 
thrown [s\open\src\hotspot\share\interpreter\linkResolver.cpp, line 796]
Event: 4.096 Thread 0x000002b855d0adb0 Exception <a 'java/lang/NoSuchMethodError'{0x0000000705bf4f48}: 'void java.lang.invoke.DirectMethodHandle$Holder.invokeStatic(java.lang.Object, java.lang.Object, int)'> (0x0000000705bf4f48) 
thrown [s\open\src\hotspot\share\interpreter\linkResolver.cpp, line 796]
Event: 4.096 Thread 0x000002b855d0b440 Exception <a 'java/lang/NoSuchMethodError'{0x00000007058036c8}: 'void java.lang.invoke.DirectMethodHandle$Holder.invokeStatic(java.lang.Object, java.lang.Object, int)'> (0x00000007058036c8) 
thrown [s\open\src\hotspot\share\interpreter\linkResolver.cpp, line 796]
Event: 4.096 Thread 0x000002b85745bfe0 Exception <a 'java/lang/NoSuchMethodError'{0x0000000705bc9a40}: 'void java.lang.invoke.DirectMethodHandle$Holder.invokeStatic(java.lang.Object, java.lang.Object, int)'> (0x0000000705bc9a40) 
thrown [s\open\src\hotspot\share\interpreter\linkResolver.cpp, line 796]
Event: 4.096 Thread 0x000002b85745e740 Exception <a 'java/lang/NoSuchMethodError'{0x0000000705d28db0}: 'void java.lang.invoke.DirectMethodHandle$Holder.invokeStatic(java.lang.Object, java.lang.Object, int)'> (0x0000000705d28db0) 
thrown [s\open\src\hotspot\share\interpreter\linkResolver.cpp, line 796]
Event: 4.197 Thread 0x000002b85745bfe0 Exception <a 'java/lang/NoSuchMethodError'{0x0000000714542978}: 'int java.lang.invoke.DirectMethodHandle$Holder.invokeSpecialIFC(java.lang.Object, java.lang.Object, java.lang.Object)'> (0x0000000714542978) 
thrown [s\open\src\hotspot\share\interpreter\linkResolver.cpp, line 796]
Event: 4.197 Thread 0x000002b855d0b440 Exception <a 'java/lang/NoSuchMethodError'{0x00000007144a11c8}: 'int java.lang.invoke.DirectMethodHandle$Holder.invokeSpecialIFC(java.lang.Object, java.lang.Object, java.lang.Object)'> (0x00000007144a11c8) 
thrown [s\open\src\hotspot\share\interpreter\linkResolver.cpp, line 796]
Event: 4.197 Thread 0x000002b85745e740 Exception <a 'java/lang/NoSuchMethodError'{0x00000007144f4928}: 'int java.lang.invoke.DirectMethodHandle$Holder.invokeSpecialIFC(java.lang.Object, java.lang.Object, java.lang.Object)'> (0x00000007144f4928) 
thrown [s\open\src\hotspot\share\interpreter\linkResolver.cpp, line 796]
Event: 4.197 Thread 0x000002b855d0adb0 Exception <a 'java/lang/NoSuchMethodError'{0x000000070f8580f8}: 'int java.lang.invoke.DirectMethodHandle$Holder.invokeSpecialIFC(java.lang.Object, java.lang.Object, java.lang.Object)'> (0x000000070f8580f8) 
thrown [s\open\src\hotspot\share\interpreter\linkResolver.cpp, line 796]
Event: 4.366 Thread 0x000002b85745e740 Exception <a 'java/lang/NoSuchMethodError'{0x0000000706b71d68}: 'long java.lang.invoke.DirectMethodHandle$Holder.invokeInterface(java.lang.Object, java.lang.Object)'> (0x0000000706b71d68) 
thrown [s\open\src\hotspot\share\interpreter\linkResolver.cpp, line 796]
Event: 4.367 Thread 0x000002b85745e740 Exception <a 'java/lang/NoSuchMethodError'{0x0000000706b76540}: 'long java.lang.invoke.DelegatingMethodHandle$Holder.reinvoke_L(java.lang.Object, java.lang.Object)'> (0x0000000706b76540) 
thrown [s\open\src\hotspot\share\interpreter\linkResolver.cpp, line 796]

VM Operations (20 events):
Event: 3.492 Executing VM operation: HandshakeAllThreads (Deoptimize)
Event: 3.492 Executing VM operation: HandshakeAllThreads (Deoptimize) done
Event: 3.505 Executing VM operation: HandshakeAllThreads (Deoptimize)
Event: 3.505 Executing VM operation: HandshakeAllThreads (Deoptimize) done
Event: 3.635 Executing VM operation: HandshakeAllThreads (Deoptimize)
Event: 3.635 Executing VM operation: HandshakeAllThreads (Deoptimize) done
Event: 3.645 Executing VM operation: G1CollectForAllocation (G1 Evacuation Pause)
Event: 3.655 Executing VM operation: G1CollectForAllocation (G1 Evacuation Pause) done
Event: 3.787 Executing VM operation: HandshakeAllThreads (Deoptimize)
Event: 3.787 Executing VM operation: HandshakeAllThreads (Deoptimize) done
Event: 4.026 Executing VM operation: HandshakeAllThreads (Deoptimize)
Event: 4.026 Executing VM operation: HandshakeAllThreads (Deoptimize) done
Event: 4.048 Executing VM operation: HandshakeAllThreads (Deoptimize)
Event: 4.048 Executing VM operation: HandshakeAllThreads (Deoptimize) done
Event: 4.050 Executing VM operation: HandshakeAllThreads (Deoptimize)
Event: 4.050 Executing VM operation: HandshakeAllThreads (Deoptimize) done
Event: 4.143 Executing VM operation: G1CollectForAllocation (G1 Evacuation Pause)
Event: 4.152 Executing VM operation: G1CollectForAllocation (G1 Evacuation Pause) done
Event: 4.570 Executing VM operation: G1CollectForAllocation (G1 Evacuation Pause)
Event: 4.578 Executing VM operation: G1CollectForAllocation (G1 Evacuation Pause) done

Memory protections (0 events):
No events

Nmethod flushes (0 events):
No events

Events (20 events):
Event: 3.986 Thread 0x000002b857460ea0 Thread added: 0x000002b85745faf0
Event: 3.992 Thread 0x000002b85745a5a0 Thread added: 0x000002b85745cd00
Event: 3.992 Thread 0x000002b85745a5a0 Thread added: 0x000002b85745da20
Event: 4.026 Thread 0x000002b85745e740 Thread added: 0x000002b85745edd0
Event: 4.026 Thread 0x000002b855d0b440 Thread added: 0x000002b858bca1f0
Event: 4.027 Thread 0x000002b85745bfe0 Thread added: 0x000002b858bca880
Event: 4.027 Thread 0x000002b855d0adb0 Thread added: 0x000002b858bcb5a0
Event: 4.027 Thread 0x000002b855d0b440 Thread added: 0x000002b858bc7400
Event: 4.027 Thread 0x000002b85745e740 Thread added: 0x000002b858bccfe0
Event: 4.027 Thread 0x000002b85745bfe0 Thread added: 0x000002b858bcaf10
Event: 4.028 Thread 0x000002b855d0adb0 Thread added: 0x000002b858bc66e0
Event: 4.033 Thread 0x000002b85745edd0 Thread added: 0x000002b858bcd670
Event: 4.033 Thread 0x000002b858bca1f0 Thread added: 0x000002b858bcc2c0
Event: 4.034 Thread 0x000002b858bca880 Thread added: 0x000002b858bcbc30
Event: 4.034 Thread 0x000002b858bcb5a0 Thread added: 0x000002b858bc8e40
Event: 4.049 Thread 0x000002b858bc8e40 Thread added: 0x000002b858bcc950
Event: 4.441 Thread 0x000002b85745e740 Thread added: 0x000002b858bc6d70
Event: 4.441 Thread 0x000002b855d0b440 Thread added: 0x000002b858bc94d0
Event: 4.441 Thread 0x000002b855d0adb0 Thread added: 0x000002b858bc9b60
Event: 4.441 Thread 0x000002b85745bfe0 Thread added: 0x000002b858bc7a90


Dynamic libraries:
0x00007ff6f63b0000 - 0x00007ff6f63c0000 	C:\Program Files\Java\jdk-23\bin\java.exe
0x00007ff8ddbb0000 - 0x00007ff8ddd9d000 	C:\Windows\SYSTEM32\ntdll.dll
0x00007ff8dd060000 - 0x00007ff8dd113000 	C:\Windows\System32\KERNEL32.DLL
0x00007ff8da060000 - 0x00007ff8da2f5000 	C:\Windows\System32\KERNELBASE.dll
0x00007ff8da4d0000 - 0x00007ff8da5ca000 	C:\Windows\System32\ucrtbase.dll
0x00007ff8d2fd0000 - 0x00007ff8d2fe7000 	C:\Program Files\Java\jdk-23\bin\jli.dll
0x00007ff8cfa60000 - 0x00007ff8cfa7b000 	C:\Program Files\Java\jdk-23\bin\VCRUNTIME140.dll
0x00007ff8dca80000 - 0x00007ff8dcc17000 	C:\Windows\System32\USER32.dll
0x00007ff8da4b0000 - 0x00007ff8da4d0000 	C:\Windows\System32\win32u.dll
0x00007ff8c6f30000 - 0x00007ff8c71a9000 	C:\Windows\WinSxS\amd64_microsoft.windows.common-controls_6595b64144ccf1df_6.0.17763.1339_none_de7015e4534c7114\COMCTL32.dll
0x00007ff8dc870000 - 0x00007ff8dc899000 	C:\Windows\System32\GDI32.dll
0x00007ff8dae00000 - 0x00007ff8dae9e000 	C:\Windows\System32\msvcrt.dll
0x00007ff8d9c90000 - 0x00007ff8d9e2b000 	C:\Windows\System32\gdi32full.dll
0x00007ff8dad30000 - 0x00007ff8dadd0000 	C:\Windows\System32\msvcp_win.dll
0x00007ff8dcc20000 - 0x00007ff8dcf4c000 	C:\Windows\System32\combase.dll
0x00007ff8dc610000 - 0x00007ff8dc732000 	C:\Windows\System32\RPCRT4.dll
0x00007ff8da300000 - 0x00007ff8da37e000 	C:\Windows\System32\bcryptPrimitives.dll
0x00007ff8dc8a0000 - 0x00007ff8dc8ce000 	C:\Windows\System32\IMM32.DLL
0x00007ff8d3cb0000 - 0x00007ff8d3cbc000 	C:\Program Files\Java\jdk-23\bin\vcruntime140_1.dll
0x00007ff8aabf0000 - 0x00007ff8aac7e000 	C:\Program Files\Java\jdk-23\bin\msvcp140.dll
0x00007ff8782f0000 - 0x00007ff87903f000 	C:\Program Files\Java\jdk-23\bin\server\jvm.dll
0x00007ff8dcf50000 - 0x00007ff8dcff3000 	C:\Windows\System32\ADVAPI32.dll
0x00007ff8dc750000 - 0x00007ff8dc7ee000 	C:\Windows\System32\sechost.dll
0x00007ff8d9c10000 - 0x00007ff8d9c6d000 	C:\Windows\System32\POWRPROF.dll
0x00007ff8dc7f0000 - 0x00007ff8dc85d000 	C:\Windows\System32\WS2_32.dll
0x00007ff8d7d80000 - 0x00007ff8d7da4000 	C:\Windows\SYSTEM32\WINMM.dll
0x00007ff8d4c20000 - 0x00007ff8d4c2a000 	C:\Windows\SYSTEM32\VERSION.dll
0x00007ff8d7b20000 - 0x00007ff8d7b4d000 	C:\Windows\SYSTEM32\WINMMBASE.dll
0x00007ff8da010000 - 0x00007ff8da05a000 	C:\Windows\System32\cfgmgr32.dll
0x00007ff8d9c70000 - 0x00007ff8d9c81000 	C:\Windows\System32\kernel.appcore.dll
0x00007ff8d35b0000 - 0x00007ff8d35ba000 	C:\Program Files\Java\jdk-23\bin\jimage.dll
0x00007ff8c71b0000 - 0x00007ff8c739d000 	C:\Windows\SYSTEM32\DBGHELP.DLL
0x00007ff8c9270000 - 0x00007ff8c929a000 	C:\Windows\SYSTEM32\dbgcore.DLL
0x00007ff8cc1c0000 - 0x00007ff8cc1cf000 	C:\Program Files\Java\jdk-23\bin\instrument.dll
0x00007ff8cc2c0000 - 0x00007ff8cc2de000 	C:\Program Files\Java\jdk-23\bin\java.dll
0x00007ff8dda50000 - 0x00007ff8ddba5000 	C:\Windows\System32\ole32.dll
0x00007ff8db030000 - 0x00007ff8dc528000 	C:\Windows\System32\SHELL32.dll
0x00007ff8dd250000 - 0x00007ff8dd2f9000 	C:\Windows\System32\shcore.dll
0x00007ff8da5d0000 - 0x00007ff8dad24000 	C:\Windows\System32\windows.storage.dll
0x00007ff8d9be0000 - 0x00007ff8d9c04000 	C:\Windows\System32\profapi.dll
0x00007ff8dafd0000 - 0x00007ff8db022000 	C:\Windows\System32\shlwapi.dll
0x00007ff8da3e0000 - 0x00007ff8da3f7000 	C:\Windows\System32\cryptsp.dll
0x00007ff8aa970000 - 0x00007ff8aaa47000 	C:\Program Files\Java\jdk-23\bin\jsvml.dll
0x00007ff8cc1d0000 - 0x00007ff8cc1e7000 	C:\Program Files\Java\jdk-23\bin\zip.dll
0x00007ff8d2d60000 - 0x00007ff8d2d70000 	C:\Program Files\Java\jdk-23\bin\net.dll
0x00007ff8d93c0000 - 0x00007ff8d9427000 	C:\Windows\system32\mswsock.dll
0x00007ff8cc2a0000 - 0x00007ff8cc2b6000 	C:\Program Files\Java\jdk-23\bin\nio.dll
0x00007ff8cc290000 - 0x00007ff8cc2a0000 	C:\Program Files\Java\jdk-23\bin\verify.dll
0x00007ff8cc1b0000 - 0x00007ff8cc1ba000 	C:\Program Files\Java\jdk-23\bin\management.dll
0x00007ff8cc050000 - 0x00007ff8cc05b000 	C:\Program Files\Java\jdk-23\bin\management_ext.dll
0x00007ff8dc740000 - 0x00007ff8dc748000 	C:\Windows\System32\PSAPI.DLL
0x00007ff8d8f40000 - 0x00007ff8d8f73000 	C:\Windows\system32\rsaenh.dll
0x00007ff8dadd0000 - 0x00007ff8dadf6000 	C:\Windows\System32\bcrypt.dll
0x00007ff8d9af0000 - 0x00007ff8d9b18000 	C:\Windows\SYSTEM32\USERENV.dll
0x00007ff8d9590000 - 0x00007ff8d959c000 	C:\Windows\SYSTEM32\CRYPTBASE.dll
0x00007ff8d90e0000 - 0x00007ff8d911d000 	C:\Windows\SYSTEM32\IPHLPAPI.DLL
0x00007ff8dda40000 - 0x00007ff8dda48000 	C:\Windows\System32\NSI.dll
0x00007ff8bce00000 - 0x00007ff8bce16000 	C:\Windows\system32\napinsp.dll
0x00007ff8bcd60000 - 0x00007ff8bcd7a000 	C:\Windows\system32\pnrpnsp.dll
0x00007ff8d9120000 - 0x00007ff8d91e7000 	C:\Windows\SYSTEM32\DNSAPI.dll
0x00007ff8bd530000 - 0x00007ff8bd53e000 	C:\Windows\System32\winrnr.dll
0x00007ff8d62d0000 - 0x00007ff8d62eb000 	C:\Windows\system32\NLAapi.dll
0x00007ff8c3a40000 - 0x00007ff8c3a55000 	C:\Windows\system32\wshbth.dll
0x00007ff8ce520000 - 0x00007ff8ce52a000 	C:\Windows\System32\rasadhlp.dll
0x00007ff8ce6d0000 - 0x00007ff8ce749000 	C:\Windows\System32\fwpuclnt.dll
0x00007ff8cc040000 - 0x00007ff8cc049000 	C:\Program Files\Java\jdk-23\bin\extnet.dll
0x00007ff8d7eb0000 - 0x00007ff8d7f3c000 	C:\Windows\system32\apphelp.dll
0x00007ff8cbff0000 - 0x00007ff8cbffe000 	C:\Program Files\Java\jdk-23\bin\sunmscapi.dll
0x00007ff8d9e30000 - 0x00007ff8da00c000 	C:\Windows\System32\CRYPT32.dll
0x00007ff8d9bc0000 - 0x00007ff8d9bd2000 	C:\Windows\System32\MSASN1.dll
0x00007ff8d9690000 - 0x00007ff8d96b6000 	C:\Windows\SYSTEM32\ncrypt.dll
0x00007ff8d9650000 - 0x00007ff8d968c000 	C:\Windows\SYSTEM32\NTASN1.dll
0x00007ff8aad10000 - 0x00007ff8aad17000 	C:\Windows\system32\wshunix.dll

dbghelp: loaded successfully - version: 4.0.5 - missing functions: none
symbol engine: initialized successfully - sym options: 0x614 - pdb path: .;C:\Program Files\Java\jdk-23\bin;C:\Windows\SYSTEM32;C:\Windows\WinSxS\amd64_microsoft.windows.common-controls_6595b64144ccf1df_6.0.17763.1339_none_de7015e4534c7114;C:\Program Files\Java\jdk-23\bin\server

VM Arguments:
jvm_args: -javaagent:C:\Users\rickc\.m2\repository/org/aspectj/aspectjweaver/1.9.22.1/aspectjweaver-1.9.22.1.jar 
java_command: C:\Temp\surefire18421031552401622334\surefirebooter4251885209719697125.jar C:\Temp\surefire18421031552401622334 2025-02-11T14-10-20_359-jvmRun1 surefire6196324807681359759tmp surefire_017641763564441576711tmp
java_class_path (initial): C:\Temp\surefire18421031552401622334\surefirebooter4251885209719697125.jar
Launcher Type: SUN_STANDARD

[Global flags]
     intx CICompilerCount                          = 4                                         {product} {ergonomic}
     uint ConcGCThreads                            = 2                                         {product} {ergonomic}
     uint G1ConcRefinementThreads                  = 8                                         {product} {ergonomic}
   size_t G1HeapRegionSize                         = 2097152                                   {product} {ergonomic}
   size_t InitialHeapSize                          = 268435456                                 {product} {ergonomic}
   size_t MarkStackSize                            = 4194304                                   {product} {ergonomic}
   size_t MarkStackSizeMax                         = 536870912                                 {product} {ergonomic}
   size_t MaxHeapSize                              = 4276092928                                {product} {ergonomic}
   size_t MaxNewSize                               = 2564816896                                {product} {ergonomic}
   size_t MinHeapDeltaBytes                        = 2097152                                   {product} {ergonomic}
   size_t MinHeapSize                              = 8388608                                   {product} {ergonomic}
    uintx NonNMethodCodeHeapSize                   = 5832704                                {pd product} {ergonomic}
    uintx NonProfiledCodeHeapSize                  = 122945536                              {pd product} {ergonomic}
    uintx ProfiledCodeHeapSize                     = 122880000                              {pd product} {ergonomic}
    uintx ReservedCodeCacheSize                    = 251658240                              {pd product} {ergonomic}
     bool SegmentedCodeCache                       = true                                      {product} {ergonomic}
   size_t SoftMaxHeapSize                          = 4276092928                             {manageable} {ergonomic}
     bool UseCompressedOops                        = true                           {product lp64_product} {ergonomic}
     bool UseG1GC                                  = true                                      {product} {ergonomic}
     bool UseLargePagesIndividualAllocation        = false                                  {pd product} {ergonomic}

Logging:
Log output configuration:
 #0: stdout all=warning uptime,level,tags foldmultilines=false
 #1: stderr all=off uptime,level,tags foldmultilines=false

Environment Variables:
JAVA_HOME=C:\Program Files\Java\jdk-23
PATH=C:\Program Files\Eclipse Adoptium\jdk-21.0.5.11-hotspot\bin;C:\Program Files\Common Files\Oracle\Java\javapath;C:\Windows\system32;C:\Windows;C:\Windows\System32\Wbem;C:\Windows\System32\WindowsPowerShell\v1.0\;C:\Program Files\NVIDIA Corporation\NVIDIA NvDLISR;C:\Program Files\Git\cmd;C:\Program Files (x86)\dotnet\;C:\MAMP\bin\php\php8.2.14;C:\ProgramData\ComposerSetup\bin;C:\Program Files\Java\jdk-23\bin;C:\Program Files\apache-maven-3.9.9\bin;C:\Users\rick\AppData\Local\Android\Sdk\emulator;C:\Users\rick\AppData\Local\Android\Sdk\platform-tools;C:\Users\rickc\AppData\Roaming\npm\node_modules;C:\Program Files\nodejs\;C:\Users\rickc\Downloads\apache-jmeter-5.6.3\apache-jmeter-5.6.3\bin;C:\Program Files\dotnet\;C:\Users\rickc\AppData\Local\Microsoft\WindowsApps;C:\Program Files\JetBrains\IntelliJ IDEA Community Edition 2024.3.1.1\bin;;C:\Users\rickc\Downloads\allure-2.32.0\allure-2.32.0\bin;C:\Users\rickc\AppData\Local\Android\Sdk\platform-tools;C:\Users\rickc\AppData\Local\Android\Sdk\emulator;C:\Users\rickc\AppData\Roaming\npm\node_modules;C:\Users\rickc\AppData\Roaming\npm;C:\Program Files (x86)\BrowserStackLocal\;C:\Users\rickc\AppData\Local\Programs\Microsoft VS Code\bin
USERNAME=rickc
OS=Windows_NT
PROCESSOR_IDENTIFIER=Intel64 Family 6 Model 158 Stepping 13, GenuineIntel
TMP=C:\Temp
TEMP=C:\Temp




Periodic native trim disabled

---------------  S Y S T E M  ---------------

OS:
 Windows 10 , 64 bit Build 17763 (10.0.17763.1339)
OS uptime: 3 days 0:29 hours

CPU: total 8 (initial active 8) (4 cores per cpu, 2 threads per core) family 6 model 158 stepping 13 microcode 0xde, cx8, cmov, fxsr, ht, mmx, 3dnowpref, sse, sse2, sse3, ssse3, sse4.1, sse4.2, popcnt, lzcnt, tsc, tscinvbit, avx, avx2, aes, erms, clmul, bmi1, bmi2, adx, fma, vzeroupper, clflush, clflushopt, rdtscp, f16c
Processor Information for the first 8 processors :
  Max Mhz: 2400, Current Mhz: 2400, Mhz Limit: 2400

Memory: 4k page, system-wide physical 16304M (1885M free)
TotalPageFile size 18352M (AvailPageFile size 4M)
current process WorkingSet (physical memory assigned to process): 321M, peak: 321M
current process commit charge ("private bytes"): 360M, peak: 489M

vm_info: Java HotSpot(TM) 64-Bit Server VM (23.0.1+11-39) for windows-amd64 JRE (23.0.1+11-39), built on 2024-09-30T07:20:43Z with MS VC++ 17.6 (VS2022)

END.
